###############################################################################
#
# IAR ELF Linker V9.60.3.422/W64 for ARM                  15/Jan/2025  14:32:14
# Copyright 2007-2024 IAR Systems AB.
#
#    Output file  =
#        C:\Users\Tohid
#        Moosazadeh\Documents\STM32_Workplace\3-Timers\Timer_Ex3\EWARM\Timer_Ex3\Exe\Timer_Ex3.out
#    Map file     =
#        C:\Users\Tohid
#        Moosazadeh\Documents\STM32_Workplace\3-Timers\Timer_Ex3\EWARM\Timer_Ex3\List\Timer_Ex3.map
#    Command line =
#        -f "C:\Users\Tohid
#        Moosazadeh\Documents\STM32_Workplace\3-Timers\Timer_Ex3\EWARM\Timer_Ex3\Exe\Timer_Ex3.out.rsp"
#        ("C:\Users\Tohid
#        Moosazadeh\Documents\STM32_Workplace\3-Timers\Timer_Ex3\EWARM\Timer_Ex3\Obj\Core_13247989168731456611.dir\gpio.o"
#        "C:\Users\Tohid
#        Moosazadeh\Documents\STM32_Workplace\3-Timers\Timer_Ex3\EWARM\Timer_Ex3\Obj\Core_13247989168731456611.dir\main.o"
#        "C:\Users\Tohid
#        Moosazadeh\Documents\STM32_Workplace\3-Timers\Timer_Ex3\EWARM\Timer_Ex3\Obj\EWARM_18443280873093131863.dir\startup_stm32f407xx.o"
#        "C:\Users\Tohid
#        Moosazadeh\Documents\STM32_Workplace\3-Timers\Timer_Ex3\EWARM\Timer_Ex3\Obj\STM32F4xx_HAL_Driver_1244631019742807970.dir\stm32f4xx_hal.o"
#        "C:\Users\Tohid
#        Moosazadeh\Documents\STM32_Workplace\3-Timers\Timer_Ex3\EWARM\Timer_Ex3\Obj\STM32F4xx_HAL_Driver_1244631019742807970.dir\stm32f4xx_hal_cortex.o"
#        "C:\Users\Tohid
#        Moosazadeh\Documents\STM32_Workplace\3-Timers\Timer_Ex3\EWARM\Timer_Ex3\Obj\STM32F4xx_HAL_Driver_1244631019742807970.dir\stm32f4xx_hal_dma.o"
#        "C:\Users\Tohid
#        Moosazadeh\Documents\STM32_Workplace\3-Timers\Timer_Ex3\EWARM\Timer_Ex3\Obj\STM32F4xx_HAL_Driver_1244631019742807970.dir\stm32f4xx_hal_dma_ex.o"
#        "C:\Users\Tohid
#        Moosazadeh\Documents\STM32_Workplace\3-Timers\Timer_Ex3\EWARM\Timer_Ex3\Obj\STM32F4xx_HAL_Driver_1244631019742807970.dir\stm32f4xx_hal_exti.o"
#        "C:\Users\Tohid
#        Moosazadeh\Documents\STM32_Workplace\3-Timers\Timer_Ex3\EWARM\Timer_Ex3\Obj\STM32F4xx_HAL_Driver_1244631019742807970.dir\stm32f4xx_hal_flash.o"
#        "C:\Users\Tohid
#        Moosazadeh\Documents\STM32_Workplace\3-Timers\Timer_Ex3\EWARM\Timer_Ex3\Obj\STM32F4xx_HAL_Driver_1244631019742807970.dir\stm32f4xx_hal_flash_ex.o"
#        "C:\Users\Tohid
#        Moosazadeh\Documents\STM32_Workplace\3-Timers\Timer_Ex3\EWARM\Timer_Ex3\Obj\STM32F4xx_HAL_Driver_1244631019742807970.dir\stm32f4xx_hal_flash_ramfunc.o"
#        "C:\Users\Tohid
#        Moosazadeh\Documents\STM32_Workplace\3-Timers\Timer_Ex3\EWARM\Timer_Ex3\Obj\STM32F4xx_HAL_Driver_1244631019742807970.dir\stm32f4xx_hal_gpio.o"
#        "C:\Users\Tohid
#        Moosazadeh\Documents\STM32_Workplace\3-Timers\Timer_Ex3\EWARM\Timer_Ex3\Obj\Core_13247989168731456611.dir\stm32f4xx_hal_msp.o"
#        "C:\Users\Tohid
#        Moosazadeh\Documents\STM32_Workplace\3-Timers\Timer_Ex3\EWARM\Timer_Ex3\Obj\STM32F4xx_HAL_Driver_1244631019742807970.dir\stm32f4xx_hal_pwr.o"
#        "C:\Users\Tohid
#        Moosazadeh\Documents\STM32_Workplace\3-Timers\Timer_Ex3\EWARM\Timer_Ex3\Obj\STM32F4xx_HAL_Driver_1244631019742807970.dir\stm32f4xx_hal_pwr_ex.o"
#        "C:\Users\Tohid
#        Moosazadeh\Documents\STM32_Workplace\3-Timers\Timer_Ex3\EWARM\Timer_Ex3\Obj\STM32F4xx_HAL_Driver_1244631019742807970.dir\stm32f4xx_hal_rcc.o"
#        "C:\Users\Tohid
#        Moosazadeh\Documents\STM32_Workplace\3-Timers\Timer_Ex3\EWARM\Timer_Ex3\Obj\STM32F4xx_HAL_Driver_1244631019742807970.dir\stm32f4xx_hal_rcc_ex.o"
#        "C:\Users\Tohid
#        Moosazadeh\Documents\STM32_Workplace\3-Timers\Timer_Ex3\EWARM\Timer_Ex3\Obj\STM32F4xx_HAL_Driver_1244631019742807970.dir\stm32f4xx_hal_tim.o"
#        "C:\Users\Tohid
#        Moosazadeh\Documents\STM32_Workplace\3-Timers\Timer_Ex3\EWARM\Timer_Ex3\Obj\STM32F4xx_HAL_Driver_1244631019742807970.dir\stm32f4xx_hal_tim_ex.o"
#        "C:\Users\Tohid
#        Moosazadeh\Documents\STM32_Workplace\3-Timers\Timer_Ex3\EWARM\Timer_Ex3\Obj\Core_13247989168731456611.dir\stm32f4xx_it.o"
#        "C:\Users\Tohid
#        Moosazadeh\Documents\STM32_Workplace\3-Timers\Timer_Ex3\EWARM\Timer_Ex3\Obj\CMSIS_6603591812247902717.dir\system_stm32f4xx.o"
#        "C:\Users\Tohid
#        Moosazadeh\Documents\STM32_Workplace\3-Timers\Timer_Ex3\EWARM\Timer_Ex3\Obj\Core_13247989168731456611.dir\tim.o"
#        --no_out_extension -o "C:\Users\Tohid
#        Moosazadeh\Documents\STM32_Workplace\3-Timers\Timer_Ex3\EWARM\Timer_Ex3\Exe\Timer_Ex3.out"
#        --redirect _Printf=_PrintfFullNoMb --redirect _Scanf=_ScanfFullNoMb
#        --map "C:\Users\Tohid
#        Moosazadeh\Documents\STM32_Workplace\3-Timers\Timer_Ex3\EWARM\Timer_Ex3\List\Timer_Ex3.map"
#        --config "C:\Users\Tohid
#        Moosazadeh\Documents\STM32_Workplace\3-Timers\Timer_Ex3\EWARM/stm32f407xx_flash.icf"
#        --semihosting --entry __iar_program_start --vfe --text_out locale
#        --cpu=Cortex-M4 --fpu=VFPv4_sp) --dependencies=n "C:\Users\Tohid
#        Moosazadeh\Documents\STM32_Workplace\3-Timers\Timer_Ex3\EWARM\Timer_Ex3\Exe\Timer_Ex3.out.iar_deps"
#
###############################################################################

*******************************************************************************
*** RUNTIME MODEL ATTRIBUTES
***

CppFlavor       = *
__CPP_Runtime   = 1
__SystemLibrary = DLib
__dlib_version  = 6


*******************************************************************************
*** HEAP SELECTION
***

The basic heap was selected because --advanced_heap
was not specified and the application did not appear to
be primarily optimized for speed.


*******************************************************************************
*** PLACEMENT SUMMARY
***

"A0":  place at address 0x800'0000 { ro section .intvec };
"P1":  place in [from 0x800'0000 to 0x80f'ffff] { ro };
define block CSTACK with size = 1K, alignment = 8 { };
define block HEAP with size = 512, alignment = 8 { };
"P2":  place in [from 0x2000'0000 to 0x2001'ffff] {
          rw, block CSTACK, block HEAP };
initialize by copy { rw };

  Section            Kind         Address  Alignment    Size  Object
  -------            ----         -------  ---------    ----  ------
"A0":                                                  0x188
  .intvec            ro code   0x800'0000          4   0x188  startup_stm32f407xx.o [3]
                             - 0x800'0188              0x188

"P1":                                                 0x1180
  .text              ro code   0x800'0188          4   0x310  stm32f4xx_hal_rcc.o [4]
  .text              ro code   0x800'0498          4     0xc  stm32f4xx_hal.o [4]
  .text              ro code   0x800'04a4          4   0x2e4  stm32f4xx_hal_tim.o [4]
  .text              ro code   0x800'0788          4    0x84  tim.o [2]
  .text              ro code   0x800'080c          2     0x2  stm32f4xx_hal_tim.o [4]
  .text              ro code   0x800'080e          2     0x2  stm32f4xx_hal_tim.o [4]
  .text              ro code   0x800'0810          4    0xf0  main.o [2]
  .text              ro code   0x800'0900          2     0x2  stm32f4xx_hal_tim_ex.o [4]
  .text              ro code   0x800'0902          2     0x2  stm32f4xx_hal_tim.o [4]
  .text              ro code   0x800'0904          2     0x2  stm32f4xx_hal_tim_ex.o [4]
  .text              ro code   0x800'0906          2     0x2  stm32f4xx_hal_tim.o [4]
  .text              ro code   0x800'0908          4    0x8c  stm32f4xx_hal_tim_ex.o [4]
  .text              ro code   0x800'0994          4    0xb8  stm32f4xx_hal_cortex.o [4]
  .text              ro code   0x800'0a4c          4    0x34  stm32f4xx_hal.o [4]
  .text              ro code   0x800'0a80          4    0x88  gpio.o [2]
  .text              ro code   0x800'0b08          4   0x204  stm32f4xx_hal_gpio.o [4]
  .text              ro code   0x800'0d0c          4    0x12  ABImemset_small.o [7]
  .text              ro code   0x800'0d1e          2    0x2a  copy_init3.o [7]
  .text              ro code   0x800'0d48          4   0x120  stm32f4xx_hal_rcc.o [4]
  .text              ro code   0x800'0e68          4    0x40  stm32f4xx_hal.o [4]
  .text              ro code   0x800'0ea8          4    0x38  stm32f4xx_hal_msp.o [2]
  .text              ro code   0x800'0ee0          4    0x60  stm32f4xx_hal_rcc.o [4]
  .text              ro code   0x800'0f40          4   0x106  I64DivMod_small.o [7]
  .text              ro code   0x800'1048          4     0x2  I64DivZer.o [7]
  .text              ro code   0x800'104a          2    0x38  zero_init3.o [7]
  .text              ro code   0x800'1084          4    0x28  data_init.o [7]
  .text              ro code   0x800'10ac          4    0x22  fpinit_M.o [6]
  .iar.init_table    const     0x800'10d0          4    0x24  - Linker created -
  .text              ro code   0x800'10f4          4    0x20  stm32f4xx_it.o [2]
  .text              ro code   0x800'1114          4    0x10  stm32f4xx_hal.o [4]
  .text              ro code   0x800'1124          4    0x20  system_stm32f4xx.o [1]
  .text              ro code   0x800'1144          4    0x1e  cmain.o [7]
  .text              ro code   0x800'1162          2     0x4  low_level_init.o [5]
  .text              ro code   0x800'1166          2     0x4  exit.o [5]
  .text              ro code   0x800'116c          4     0xa  cexit.o [7]
  .text              ro code   0x800'1178          4    0x14  exit.o [8]
  .text              ro code   0x800'118c          4    0x1c  cstartup_M.o [7]
  .text              ro code   0x800'11a8          4    0x10  startup_stm32f407xx.o [3]
  Initializer bytes  const     0x800'11b8          4    0x10  <for P2-1>
  .text              ro code   0x800'11c8          2     0x4  startup_stm32f407xx.o [3]
  .text              ro code   0x800'11cc          2     0x4  startup_stm32f407xx.o [3]
  .text              ro code   0x800'11d0          2     0x4  startup_stm32f407xx.o [3]
  .text              ro code   0x800'11d4          2     0x4  startup_stm32f407xx.o [3]
  .text              ro code   0x800'11d8          2     0x4  startup_stm32f407xx.o [3]
  .text              ro code   0x800'11dc          2     0x4  startup_stm32f407xx.o [3]
  .text              ro code   0x800'11e0          2     0x4  startup_stm32f407xx.o [3]
  .text              ro code   0x800'11e4          2     0x4  startup_stm32f407xx.o [3]
  .text              ro code   0x800'11e8          2     0x4  startup_stm32f407xx.o [3]
  .text              ro code   0x800'11ec          2     0x4  startup_stm32f407xx.o [3]
  .text              ro code   0x800'11f0          2     0x4  startup_stm32f407xx.o [3]
  .text              ro code   0x800'11f4          2     0x4  startup_stm32f407xx.o [3]
  .text              ro code   0x800'11f8          2     0x4  startup_stm32f407xx.o [3]
  .text              ro code   0x800'11fc          2     0x4  startup_stm32f407xx.o [3]
  .text              ro code   0x800'1200          2     0x4  startup_stm32f407xx.o [3]
  .text              ro code   0x800'1204          2     0x4  startup_stm32f407xx.o [3]
  .text              ro code   0x800'1208          2     0x4  startup_stm32f407xx.o [3]
  .text              ro code   0x800'120c          2     0x4  startup_stm32f407xx.o [3]
  .text              ro code   0x800'1210          2     0x4  startup_stm32f407xx.o [3]
  .text              ro code   0x800'1214          2     0x4  startup_stm32f407xx.o [3]
  .text              ro code   0x800'1218          2     0x4  startup_stm32f407xx.o [3]
  .text              ro code   0x800'121c          2     0x4  startup_stm32f407xx.o [3]
  .text              ro code   0x800'1220          2     0x4  startup_stm32f407xx.o [3]
  .text              ro code   0x800'1224          2     0x4  startup_stm32f407xx.o [3]
  .text              ro code   0x800'1228          2     0x4  startup_stm32f407xx.o [3]
  .text              ro code   0x800'122c          2     0x4  startup_stm32f407xx.o [3]
  .text              ro code   0x800'1230          2     0x4  startup_stm32f407xx.o [3]
  .text              ro code   0x800'1234          2     0x4  startup_stm32f407xx.o [3]
  .text              ro code   0x800'1238          2     0x4  startup_stm32f407xx.o [3]
  .text              ro code   0x800'123c          2     0x4  startup_stm32f407xx.o [3]
  .text              ro code   0x800'1240          2     0x4  startup_stm32f407xx.o [3]
  .text              ro code   0x800'1244          2     0x4  startup_stm32f407xx.o [3]
  .text              ro code   0x800'1248          2     0x4  startup_stm32f407xx.o [3]
  .text              ro code   0x800'124c          2     0x4  startup_stm32f407xx.o [3]
  .text              ro code   0x800'1250          2     0x4  startup_stm32f407xx.o [3]
  .text              ro code   0x800'1254          2     0x4  startup_stm32f407xx.o [3]
  .text              ro code   0x800'1258          2     0x4  startup_stm32f407xx.o [3]
  .text              ro code   0x800'125c          2     0x4  startup_stm32f407xx.o [3]
  .text              ro code   0x800'1260          2     0x4  startup_stm32f407xx.o [3]
  .text              ro code   0x800'1264          2     0x4  startup_stm32f407xx.o [3]
  .text              ro code   0x800'1268          2     0x4  startup_stm32f407xx.o [3]
  .text              ro code   0x800'126c          2     0x4  startup_stm32f407xx.o [3]
  .text              ro code   0x800'1270          2     0x4  startup_stm32f407xx.o [3]
  .text              ro code   0x800'1274          2     0x4  startup_stm32f407xx.o [3]
  .text              ro code   0x800'1278          2     0x4  startup_stm32f407xx.o [3]
  .text              ro code   0x800'127c          2     0x4  startup_stm32f407xx.o [3]
  .text              ro code   0x800'1280          2     0x4  startup_stm32f407xx.o [3]
  .text              ro code   0x800'1284          2     0x4  startup_stm32f407xx.o [3]
  .text              ro code   0x800'1288          2     0x4  startup_stm32f407xx.o [3]
  .text              ro code   0x800'128c          2     0x4  startup_stm32f407xx.o [3]
  .text              ro code   0x800'1290          2     0x4  startup_stm32f407xx.o [3]
  .text              ro code   0x800'1294          2     0x4  startup_stm32f407xx.o [3]
  .text              ro code   0x800'1298          2     0x4  startup_stm32f407xx.o [3]
  .text              ro code   0x800'129c          2     0x4  startup_stm32f407xx.o [3]
  .text              ro code   0x800'12a0          2     0x4  startup_stm32f407xx.o [3]
  .text              ro code   0x800'12a4          2     0x4  startup_stm32f407xx.o [3]
  .text              ro code   0x800'12a8          2     0x4  startup_stm32f407xx.o [3]
  .text              ro code   0x800'12ac          2     0x4  startup_stm32f407xx.o [3]
  .text              ro code   0x800'12b0          2     0x4  startup_stm32f407xx.o [3]
  .text              ro code   0x800'12b4          2     0x4  startup_stm32f407xx.o [3]
  .text              ro code   0x800'12b8          2     0x4  startup_stm32f407xx.o [3]
  .text              ro code   0x800'12bc          2     0x4  startup_stm32f407xx.o [3]
  .text              ro code   0x800'12c0          2     0x4  startup_stm32f407xx.o [3]
  .text              ro code   0x800'12c4          2     0x4  startup_stm32f407xx.o [3]
  .text              ro code   0x800'12c8          2     0x4  startup_stm32f407xx.o [3]
  .text              ro code   0x800'12cc          2     0x4  startup_stm32f407xx.o [3]
  .text              ro code   0x800'12d0          2     0x4  startup_stm32f407xx.o [3]
  .text              ro code   0x800'12d4          2     0x4  startup_stm32f407xx.o [3]
  .text              ro code   0x800'12d8          2     0x4  startup_stm32f407xx.o [3]
  .text              ro code   0x800'12dc          2     0x4  startup_stm32f407xx.o [3]
  .text              ro code   0x800'12e0          2     0x4  startup_stm32f407xx.o [3]
  .text              ro code   0x800'12e4          2     0x4  startup_stm32f407xx.o [3]
  .text              ro code   0x800'12e8          2     0x4  startup_stm32f407xx.o [3]
  .text              ro code   0x800'12ec          2     0x4  startup_stm32f407xx.o [3]
  .text              ro code   0x800'12f0          2     0x4  startup_stm32f407xx.o [3]
  .text              ro code   0x800'12f4          2     0x4  startup_stm32f407xx.o [3]
  .text              ro code   0x800'12f8          2     0x4  startup_stm32f407xx.o [3]
  .text              ro code   0x800'12fc          2     0x4  startup_stm32f407xx.o [3]
  .text              ro code   0x800'1300          2     0x4  startup_stm32f407xx.o [3]
  .text              ro code   0x800'1304          2     0x4  startup_stm32f407xx.o [3]
  .rodata            const     0x800'1308                0x0  zero_init3.o [7]
  .rodata            const     0x800'1308                0x0  copy_init3.o [7]
                             - 0x800'1308             0x1180

"P2", part 1 of 3:                                      0x10
  P2-1                        0x2000'0000          4    0x10  <Init block>
    .data            inited   0x2000'0000          4     0xc  stm32f4xx_hal.o [4]
    .data            inited   0x2000'000c          4     0x4  system_stm32f4xx.o [1]
                            - 0x2000'0010               0x10

"P2", part 2 of 3:                                      0x4c
  .bss               zero     0x2000'0010          4    0x48  tim.o [2]
  .bss               zero     0x2000'0058                0x1  main.o [2]
                            - 0x2000'0059               0x49

"P2", part 3 of 3:                                     0x400
  CSTACK                      0x2000'0060          8   0x400  <Block>
    CSTACK           uninit   0x2000'0060              0x400  <Block tail>
                            - 0x2000'0460              0x400

Unused ranges:

         From           To      Size
         ----           --      ----
   0x800'1308   0x80f'ffff  0xf'ecf8
  0x2000'005c  0x2000'005f       0x4
  0x2000'0460  0x2001'ffff  0x1'fba0


*******************************************************************************
*** INIT TABLE
***

          Address      Size
          -------      ----
Zero (__iar_zero_init3)
    1 destination range, total size 0x49:
          0x2000'0010  0x49

Copy (__iar_copy_init3)
    1 source range, total size 0x10:
           0x800'11b8  0x10
    1 destination range, total size 0x10:
          0x2000'0000  0x10



*******************************************************************************
*** MODULE SUMMARY
***

    Module                  ro code  ro data  rw data
    ------                  -------  -------  -------
command line/config:
    -------------------------------------------------
    Total:

C:\Users\Tohid Moosazadeh\Documents\STM32_Workplace\3-Timers\Timer_Ex3\EWARM\Timer_Ex3\Obj\CMSIS_6603591812247902717.dir: [1]
    system_stm32f4xx.o           32        4        4
    -------------------------------------------------
    Total:                       32        4        4

C:\Users\Tohid Moosazadeh\Documents\STM32_Workplace\3-Timers\Timer_Ex3\EWARM\Timer_Ex3\Obj\Core_13247989168731456611.dir: [2]
    gpio.o                      136
    main.o                      240                 1
    stm32f4xx_hal_msp.o          56
    stm32f4xx_it.o               32
    tim.o                       132                72
    -------------------------------------------------
    Total:                      596                73

C:\Users\Tohid Moosazadeh\Documents\STM32_Workplace\3-Timers\Timer_Ex3\EWARM\Timer_Ex3\Obj\EWARM_18443280873093131863.dir: [3]
    startup_stm32f407xx.o       728
    -------------------------------------------------
    Total:                      728

C:\Users\Tohid Moosazadeh\Documents\STM32_Workplace\3-Timers\Timer_Ex3\EWARM\Timer_Ex3\Obj\STM32F4xx_HAL_Driver_1244631019742807970.dir: [4]
    stm32f4xx_hal.o             144       12       12
    stm32f4xx_hal_cortex.o      184
    stm32f4xx_hal_gpio.o        516
    stm32f4xx_hal_rcc.o       1'168
    stm32f4xx_hal_tim.o         748
    stm32f4xx_hal_tim_ex.o      144
    -------------------------------------------------
    Total:                    2'904       12       12

dl7M_tln.a: [5]
    exit.o                        4
    low_level_init.o              4
    -------------------------------------------------
    Total:                        8

m7M_tls.a: [6]
    fpinit_M.o                   34
    -------------------------------------------------
    Total:                       34

rt7M_tl.a: [7]
    ABImemset_small.o            18
    I64DivMod_small.o           262
    I64DivZer.o                   2
    cexit.o                      10
    cmain.o                      30
    copy_init3.o                 42
    cstartup_M.o                 28
    data_init.o                  40
    zero_init3.o                 56
    -------------------------------------------------
    Total:                      488

shb_l.a: [8]
    exit.o                       20
    -------------------------------------------------
    Total:                       20

    Gaps                          8        2
    Linker created                        36    1'024
-----------------------------------------------------
    Grand Total:              4'818       54    1'113


*******************************************************************************
*** ENTRY LIST
***

Entry                       Address   Size  Type      Object
-----                       -------   ----  ----      ------
.iar.init_table$$Base    0x800'10d0          --   Gb  - Linker created -
.iar.init_table$$Limit   0x800'10f4          --   Gb  - Linker created -
?main                    0x800'1145         Code  Gb  cmain.o [7]
ADC_IRQHandler           0x800'1211         Code  Wk  startup_stm32f407xx.o [3]
AHBPrescTable            0x800'1134   0x10  Data  Gb  system_stm32f4xx.o [1]
BusFault_Handler         0x800'10fb    0x2  Code  Gb  stm32f4xx_it.o [2]
CAN1_RX0_IRQHandler      0x800'1219         Code  Wk  startup_stm32f407xx.o [3]
CAN1_RX1_IRQHandler      0x800'121d         Code  Wk  startup_stm32f407xx.o [3]
CAN1_SCE_IRQHandler      0x800'1221         Code  Wk  startup_stm32f407xx.o [3]
CAN1_TX_IRQHandler       0x800'1215         Code  Wk  startup_stm32f407xx.o [3]
CAN2_RX0_IRQHandler      0x800'12c5         Code  Wk  startup_stm32f407xx.o [3]
CAN2_RX1_IRQHandler      0x800'12c9         Code  Wk  startup_stm32f407xx.o [3]
CAN2_SCE_IRQHandler      0x800'12cd         Code  Wk  startup_stm32f407xx.o [3]
CAN2_TX_IRQHandler       0x800'12c1         Code  Wk  startup_stm32f407xx.o [3]
CSTACK$$Base            0x2000'0060          --   Gb  - Linker created -
CSTACK$$Limit           0x2000'0460          --   Gb  - Linker created -
DCMI_IRQHandler          0x800'12fd         Code  Wk  startup_stm32f407xx.o [3]
DMA1_Stream0_IRQHandler
                         0x800'11f5         Code  Wk  startup_stm32f407xx.o [3]
DMA1_Stream1_IRQHandler
                         0x800'11f9         Code  Wk  startup_stm32f407xx.o [3]
DMA1_Stream2_IRQHandler
                         0x800'11fd         Code  Wk  startup_stm32f407xx.o [3]
DMA1_Stream3_IRQHandler
                         0x800'1201         Code  Wk  startup_stm32f407xx.o [3]
DMA1_Stream4_IRQHandler
                         0x800'1205         Code  Wk  startup_stm32f407xx.o [3]
DMA1_Stream5_IRQHandler
                         0x800'1209         Code  Wk  startup_stm32f407xx.o [3]
DMA1_Stream6_IRQHandler
                         0x800'120d         Code  Wk  startup_stm32f407xx.o [3]
DMA1_Stream7_IRQHandler
                         0x800'1285         Code  Wk  startup_stm32f407xx.o [3]
DMA2_Stream0_IRQHandler
                         0x800'12a5         Code  Wk  startup_stm32f407xx.o [3]
DMA2_Stream1_IRQHandler
                         0x800'12a9         Code  Wk  startup_stm32f407xx.o [3]
DMA2_Stream2_IRQHandler
                         0x800'12ad         Code  Wk  startup_stm32f407xx.o [3]
DMA2_Stream3_IRQHandler
                         0x800'12b1         Code  Wk  startup_stm32f407xx.o [3]
DMA2_Stream4_IRQHandler
                         0x800'12b5         Code  Wk  startup_stm32f407xx.o [3]
DMA2_Stream5_IRQHandler
                         0x800'12d5         Code  Wk  startup_stm32f407xx.o [3]
DMA2_Stream6_IRQHandler
                         0x800'12d9         Code  Wk  startup_stm32f407xx.o [3]
DMA2_Stream7_IRQHandler
                         0x800'12dd         Code  Wk  startup_stm32f407xx.o [3]
DebugMon_Handler         0x800'1101    0x2  Code  Gb  stm32f4xx_it.o [2]
ETH_IRQHandler           0x800'12b9         Code  Wk  startup_stm32f407xx.o [3]
ETH_WKUP_IRQHandler      0x800'12bd         Code  Wk  startup_stm32f407xx.o [3]
EXTI0_IRQHandler         0x800'11e1         Code  Wk  startup_stm32f407xx.o [3]
EXTI15_10_IRQHandler     0x800'1269         Code  Wk  startup_stm32f407xx.o [3]
EXTI1_IRQHandler         0x800'11e5         Code  Wk  startup_stm32f407xx.o [3]
EXTI2_IRQHandler         0x800'11e9         Code  Wk  startup_stm32f407xx.o [3]
EXTI3_IRQHandler         0x800'11ed         Code  Wk  startup_stm32f407xx.o [3]
EXTI4_IRQHandler         0x800'11f1         Code  Wk  startup_stm32f407xx.o [3]
EXTI9_5_IRQHandler       0x800'1225         Code  Wk  startup_stm32f407xx.o [3]
Error_Handler            0x800'08fd    0x4  Code  Gb  main.o [2]
FLASH_IRQHandler         0x800'11d9         Code  Wk  startup_stm32f407xx.o [3]
FPU_IRQHandler           0x800'1305         Code  Wk  startup_stm32f407xx.o [3]
FSMC_IRQHandler          0x800'1289         Code  Wk  startup_stm32f407xx.o [3]
HAL_GPIO_Init            0x800'0b09  0x1be  Code  Gb  stm32f4xx_hal_gpio.o [4]
HAL_GPIO_TogglePin       0x800'0ccf   0x10  Code  Gb  stm32f4xx_hal_gpio.o [4]
HAL_GPIO_WritePin        0x800'0cc7    0x8  Code  Gb  stm32f4xx_hal_gpio.o [4]
HAL_GetTick              0x800'0499    0xc  Code  Wk  stm32f4xx_hal.o [4]
HAL_IncTick              0x800'1115   0x10  Code  Wk  stm32f4xx_hal.o [4]
HAL_Init                 0x800'0a4d   0x30  Code  Gb  stm32f4xx_hal.o [4]
HAL_InitTick             0x800'0e69   0x40  Code  Wk  stm32f4xx_hal.o [4]
HAL_MspInit              0x800'0ea9   0x38  Code  Gb  stm32f4xx_hal_msp.o [2]
HAL_NVIC_EnableIRQ       0x800'09fd   0x16  Code  Gb  stm32f4xx_hal_cortex.o [4]
HAL_NVIC_SetPriority     0x800'09c3   0x3a  Code  Gb  stm32f4xx_hal_cortex.o [4]
HAL_NVIC_SetPriorityGrouping
                         0x800'09af   0x14  Code  Gb  stm32f4xx_hal_cortex.o [4]
HAL_RCC_ClockConfig      0x800'0d49  0x100  Code  Gb  stm32f4xx_hal_rcc.o [4]
HAL_RCC_GetSysClockFreq
                         0x800'0ee1   0x60  Code  Wk  stm32f4xx_hal_rcc.o [4]
HAL_RCC_OscConfig        0x800'0189  0x310  Code  Wk  stm32f4xx_hal_rcc.o [4]
HAL_SYSTICK_Config       0x800'0a13   0x22  Code  Gb  stm32f4xx_hal_cortex.o [4]
HAL_TIMEx_BreakCallback
                         0x800'0901    0x2  Code  Wk  stm32f4xx_hal_tim_ex.o [4]
HAL_TIMEx_CommutCallback
                         0x800'0905    0x2  Code  Wk  stm32f4xx_hal_tim_ex.o [4]
HAL_TIMEx_MasterConfigSynchronization
                         0x800'0909   0x6e  Code  Gb  stm32f4xx_hal_tim_ex.o [4]
HAL_TIM_Base_Init        0x800'04a5   0x1a  Code  Gb  stm32f4xx_hal_tim.o [4]
HAL_TIM_Base_MspInit     0x800'07cb   0x36  Code  Gb  tim.o [2]
HAL_TIM_Base_Start_IT    0x800'04bf   0x76  Code  Gb  stm32f4xx_hal_tim.o [4]
HAL_TIM_IC_CaptureCallback
                         0x800'080d    0x2  Code  Wk  stm32f4xx_hal_tim.o [4]
HAL_TIM_IRQHandler       0x800'0589  0x12a  Code  Gb  stm32f4xx_hal_tim.o [4]
HAL_TIM_OC_DelayElapsedCallback
                         0x800'080f    0x2  Code  Wk  stm32f4xx_hal_tim.o [4]
HAL_TIM_PWM_PulseFinishedCallback
                         0x800'0907    0x2  Code  Wk  stm32f4xx_hal_tim.o [4]
HAL_TIM_PeriodElapsedCallback
                         0x800'0811    0xe  Code  Gb  main.o [2]
HAL_TIM_TriggerCallback
                         0x800'0903    0x2  Code  Wk  stm32f4xx_hal_tim.o [4]
HASH_RNG_IRQHandler      0x800'1301         Code  Wk  startup_stm32f407xx.o [3]
HardFault_Handler        0x800'10f7    0x2  Code  Gb  stm32f4xx_it.o [2]
I2C1_ER_IRQHandler       0x800'1249         Code  Wk  startup_stm32f407xx.o [3]
I2C1_EV_IRQHandler       0x800'1245         Code  Wk  startup_stm32f407xx.o [3]
I2C2_ER_IRQHandler       0x800'1251         Code  Wk  startup_stm32f407xx.o [3]
I2C2_EV_IRQHandler       0x800'124d         Code  Wk  startup_stm32f407xx.o [3]
I2C3_ER_IRQHandler       0x800'12e9         Code  Wk  startup_stm32f407xx.o [3]
I2C3_EV_IRQHandler       0x800'12e5         Code  Wk  startup_stm32f407xx.o [3]
MX_GPIO_Init             0x800'0a81   0x88  Code  Gb  gpio.o [2]
MX_TIM6_Init             0x800'0789   0x42  Code  Gb  tim.o [2]
MemManage_Handler        0x800'10f9    0x2  Code  Gb  stm32f4xx_it.o [2]
NMI_Handler              0x800'10f5    0x2  Code  Gb  stm32f4xx_it.o [2]
OTG_FS_IRQHandler        0x800'12d1         Code  Wk  startup_stm32f407xx.o [3]
OTG_FS_WKUP_IRQHandler   0x800'1271         Code  Wk  startup_stm32f407xx.o [3]
OTG_HS_EP1_IN_IRQHandler
                         0x800'12f1         Code  Wk  startup_stm32f407xx.o [3]
OTG_HS_EP1_OUT_IRQHandler
                         0x800'12ed         Code  Wk  startup_stm32f407xx.o [3]
OTG_HS_IRQHandler        0x800'12f9         Code  Wk  startup_stm32f407xx.o [3]
OTG_HS_WKUP_IRQHandler   0x800'12f5         Code  Wk  startup_stm32f407xx.o [3]
PVD_IRQHandler           0x800'11cd         Code  Wk  startup_stm32f407xx.o [3]
PendSV_Handler           0x800'1103    0x2  Code  Gb  stm32f4xx_it.o [2]
RCC_IRQHandler           0x800'11dd         Code  Wk  startup_stm32f407xx.o [3]
RTC_Alarm_IRQHandler     0x800'126d         Code  Wk  startup_stm32f407xx.o [3]
RTC_WKUP_IRQHandler      0x800'11d5         Code  Wk  startup_stm32f407xx.o [3]
Region$$Table$$Base      0x800'10d0          --   Gb  - Linker created -
Region$$Table$$Limit     0x800'10f4          --   Gb  - Linker created -
Reset_Handler            0x800'11a9         Code  Wk  startup_stm32f407xx.o [3]
SDIO_IRQHandler          0x800'128d         Code  Wk  startup_stm32f407xx.o [3]
SPI1_IRQHandler          0x800'1255         Code  Wk  startup_stm32f407xx.o [3]
SPI2_IRQHandler          0x800'1259         Code  Wk  startup_stm32f407xx.o [3]
SPI3_IRQHandler          0x800'1295         Code  Wk  startup_stm32f407xx.o [3]
SVC_Handler              0x800'10ff    0x2  Code  Gb  stm32f4xx_it.o [2]
SysTick_Handler          0x800'1105    0x4  Code  Gb  stm32f4xx_it.o [2]
SystemClock_Config       0x800'084f   0x9a  Code  Gb  main.o [2]
SystemCoreClock         0x2000'000c    0x4  Data  Gb  system_stm32f4xx.o [1]
SystemInit               0x800'1125    0xc  Code  Gb  system_stm32f4xx.o [1]
TAMP_STAMP_IRQHandler    0x800'11d1         Code  Wk  startup_stm32f407xx.o [3]
TIM1_BRK_TIM9_IRQHandler
                         0x800'1229         Code  Wk  startup_stm32f407xx.o [3]
TIM1_CC_IRQHandler       0x800'1235         Code  Wk  startup_stm32f407xx.o [3]
TIM1_TRG_COM_TIM11_IRQHandler
                         0x800'1231         Code  Wk  startup_stm32f407xx.o [3]
TIM1_UP_TIM10_IRQHandler
                         0x800'122d         Code  Wk  startup_stm32f407xx.o [3]
TIM2_IRQHandler          0x800'1239         Code  Wk  startup_stm32f407xx.o [3]
TIM3_IRQHandler          0x800'123d         Code  Wk  startup_stm32f407xx.o [3]
TIM4_IRQHandler          0x800'1241         Code  Wk  startup_stm32f407xx.o [3]
TIM5_IRQHandler          0x800'1291         Code  Wk  startup_stm32f407xx.o [3]
TIM6_DAC_IRQHandler      0x800'1109    0x6  Code  Gb  stm32f4xx_it.o [2]
TIM7_IRQHandler          0x800'12a1         Code  Wk  startup_stm32f407xx.o [3]
TIM8_BRK_TIM12_IRQHandler
                         0x800'1275         Code  Wk  startup_stm32f407xx.o [3]
TIM8_CC_IRQHandler       0x800'1281         Code  Wk  startup_stm32f407xx.o [3]
TIM8_TRG_COM_TIM14_IRQHandler
                         0x800'127d         Code  Wk  startup_stm32f407xx.o [3]
TIM8_UP_TIM13_IRQHandler
                         0x800'1279         Code  Wk  startup_stm32f407xx.o [3]
TIM_Base_SetConfig       0x800'06b9   0xa4  Code  Gb  stm32f4xx_hal_tim.o [4]
UART4_IRQHandler         0x800'1299         Code  Wk  startup_stm32f407xx.o [3]
UART5_IRQHandler         0x800'129d         Code  Wk  startup_stm32f407xx.o [3]
USART1_IRQHandler        0x800'125d         Code  Wk  startup_stm32f407xx.o [3]
USART2_IRQHandler        0x800'1261         Code  Wk  startup_stm32f407xx.o [3]
USART3_IRQHandler        0x800'1265         Code  Wk  startup_stm32f407xx.o [3]
USART6_IRQHandler        0x800'12e1         Code  Wk  startup_stm32f407xx.o [3]
UsageFault_Handler       0x800'10fd    0x2  Code  Gb  stm32f4xx_it.o [2]
WWDG_IRQHandler          0x800'11c9         Code  Wk  startup_stm32f407xx.o [3]
__NVIC_SetPriority       0x800'0995   0x1a  Code  Lc  stm32f4xx_hal_cortex.o [4]
__aeabi_ldiv0            0x800'1049         Code  Gb  I64DivZer.o [7]
__cmain                  0x800'1145         Code  Gb  cmain.o [7]
__exit                   0x800'1179   0x14  Code  Gb  exit.o [8]
__iar_copy_init3         0x800'0d1f   0x2a  Code  Gb  copy_init3.o [7]
__iar_data_init3         0x800'1085   0x28  Code  Gb  data_init.o [7]
__iar_init_vfp           0x800'10ad         Code  Gb  fpinit_M.o [6]
__iar_program_start      0x800'118d         Code  Gb  cstartup_M.o [7]
__iar_small_Memset       0x800'0d0d         Code  Gb  ABImemset_small.o [7]
__iar_small_Memset_word
                         0x800'0d0d         Code  Gb  ABImemset_small.o [7]
__iar_small_memset       0x800'0d0d         Code  Gb  ABImemset_small.o [7]
__iar_small_uldivmod     0x800'0f41         Code  Gb  I64DivMod_small.o [7]
__iar_zero_init3         0x800'104b   0x38  Code  Gb  zero_init3.o [7]
__low_level_init         0x800'1163    0x4  Code  Gb  low_level_init.o [5]
__vector_table           0x800'0000         Data  Gb  startup_stm32f407xx.o [3]
_call_main               0x800'1151         Code  Gb  cmain.o [7]
_exit                    0x800'116d         Code  Gb  cexit.o [7]
exit                     0x800'1167    0x4  Code  Gb  exit.o [5]
htim6                   0x2000'0010   0x48  Data  Gb  tim.o [2]
main                     0x800'081f   0x30  Code  Gb  main.o [2]
timerflag               0x2000'0058    0x1  Data  Gb  main.o [2]
uwTick                  0x2000'0004    0x4  Data  Gb  stm32f4xx_hal.o [4]
uwTickFreq              0x2000'0000    0x1  Data  Gb  stm32f4xx_hal.o [4]
uwTickPrio              0x2000'0008    0x4  Data  Gb  stm32f4xx_hal.o [4]


[1] = C:\Users\Tohid Moosazadeh\Documents\STM32_Workplace\3-Timers\Timer_Ex3\EWARM\Timer_Ex3\Obj\CMSIS_6603591812247902717.dir
[2] = C:\Users\Tohid Moosazadeh\Documents\STM32_Workplace\3-Timers\Timer_Ex3\EWARM\Timer_Ex3\Obj\Core_13247989168731456611.dir
[3] = C:\Users\Tohid Moosazadeh\Documents\STM32_Workplace\3-Timers\Timer_Ex3\EWARM\Timer_Ex3\Obj\EWARM_18443280873093131863.dir
[4] = C:\Users\Tohid Moosazadeh\Documents\STM32_Workplace\3-Timers\Timer_Ex3\EWARM\Timer_Ex3\Obj\STM32F4xx_HAL_Driver_1244631019742807970.dir
[5] = dl7M_tln.a
[6] = m7M_tls.a
[7] = rt7M_tl.a
[8] = shb_l.a

  4'818 bytes of readonly  code memory
     54 bytes of readonly  data memory
  1'113 bytes of readwrite data memory

Errors: none
Warnings: none
