###############################################################################
#
# IAR ELF Linker V9.60.3.422/W64 for ARM                  21/Jan/2025  10:11:53
# Copyright 2007-2024 IAR Systems AB.
#
#    Output file  =
#        C:\Users\Tohid
#        Moosazadeh\Documents\STM32_Workplace\6-I2C\I2C_Ex3\EWARM\I2C_Ex3\Exe\I2C_Ex3.out
#    Map file     =
#        C:\Users\Tohid
#        Moosazadeh\Documents\STM32_Workplace\6-I2C\I2C_Ex3\EWARM\I2C_Ex3\List\I2C_Ex3.map
#    Command line =
#        -f "C:\Users\Tohid
#        Moosazadeh\Documents\STM32_Workplace\6-I2C\I2C_Ex3\EWARM\I2C_Ex3\Exe\I2C_Ex3.out.rsp"
#        ("C:\Users\Tohid
#        Moosazadeh\Documents\STM32_Workplace\6-I2C\I2C_Ex3\EWARM\I2C_Ex3\Obj\DS3231_6068955963233976105.dir\ds3231.o"
#        "C:\Users\Tohid
#        Moosazadeh\Documents\STM32_Workplace\6-I2C\I2C_Ex3\EWARM\I2C_Ex3\Obj\Core_13247989168731456611.dir\gpio.o"
#        "C:\Users\Tohid
#        Moosazadeh\Documents\STM32_Workplace\6-I2C\I2C_Ex3\EWARM\I2C_Ex3\Obj\Core_13247989168731456611.dir\i2c.o"
#        "C:\Users\Tohid
#        Moosazadeh\Documents\STM32_Workplace\6-I2C\I2C_Ex3\EWARM\I2C_Ex3\Obj\Core_13247989168731456611.dir\main.o"
#        "C:\Users\Tohid
#        Moosazadeh\Documents\STM32_Workplace\6-I2C\I2C_Ex3\EWARM\I2C_Ex3\Obj\EWARM_18443280873093131863.dir\startup_stm32f407xx.o"
#        "C:\Users\Tohid
#        Moosazadeh\Documents\STM32_Workplace\6-I2C\I2C_Ex3\EWARM\I2C_Ex3\Obj\STM32F4xx_HAL_Driver_1244631019742807970.dir\stm32f4xx_hal.o"
#        "C:\Users\Tohid
#        Moosazadeh\Documents\STM32_Workplace\6-I2C\I2C_Ex3\EWARM\I2C_Ex3\Obj\STM32F4xx_HAL_Driver_1244631019742807970.dir\stm32f4xx_hal_cortex.o"
#        "C:\Users\Tohid
#        Moosazadeh\Documents\STM32_Workplace\6-I2C\I2C_Ex3\EWARM\I2C_Ex3\Obj\STM32F4xx_HAL_Driver_1244631019742807970.dir\stm32f4xx_hal_dma.o"
#        "C:\Users\Tohid
#        Moosazadeh\Documents\STM32_Workplace\6-I2C\I2C_Ex3\EWARM\I2C_Ex3\Obj\STM32F4xx_HAL_Driver_1244631019742807970.dir\stm32f4xx_hal_dma_ex.o"
#        "C:\Users\Tohid
#        Moosazadeh\Documents\STM32_Workplace\6-I2C\I2C_Ex3\EWARM\I2C_Ex3\Obj\STM32F4xx_HAL_Driver_1244631019742807970.dir\stm32f4xx_hal_exti.o"
#        "C:\Users\Tohid
#        Moosazadeh\Documents\STM32_Workplace\6-I2C\I2C_Ex3\EWARM\I2C_Ex3\Obj\STM32F4xx_HAL_Driver_1244631019742807970.dir\stm32f4xx_hal_flash.o"
#        "C:\Users\Tohid
#        Moosazadeh\Documents\STM32_Workplace\6-I2C\I2C_Ex3\EWARM\I2C_Ex3\Obj\STM32F4xx_HAL_Driver_1244631019742807970.dir\stm32f4xx_hal_flash_ex.o"
#        "C:\Users\Tohid
#        Moosazadeh\Documents\STM32_Workplace\6-I2C\I2C_Ex3\EWARM\I2C_Ex3\Obj\STM32F4xx_HAL_Driver_1244631019742807970.dir\stm32f4xx_hal_flash_ramfunc.o"
#        "C:\Users\Tohid
#        Moosazadeh\Documents\STM32_Workplace\6-I2C\I2C_Ex3\EWARM\I2C_Ex3\Obj\STM32F4xx_HAL_Driver_1244631019742807970.dir\stm32f4xx_hal_gpio.o"
#        "C:\Users\Tohid
#        Moosazadeh\Documents\STM32_Workplace\6-I2C\I2C_Ex3\EWARM\I2C_Ex3\Obj\STM32F4xx_HAL_Driver_1244631019742807970.dir\stm32f4xx_hal_i2c.o"
#        "C:\Users\Tohid
#        Moosazadeh\Documents\STM32_Workplace\6-I2C\I2C_Ex3\EWARM\I2C_Ex3\Obj\STM32F4xx_HAL_Driver_1244631019742807970.dir\stm32f4xx_hal_i2c_ex.o"
#        "C:\Users\Tohid
#        Moosazadeh\Documents\STM32_Workplace\6-I2C\I2C_Ex3\EWARM\I2C_Ex3\Obj\Core_13247989168731456611.dir\stm32f4xx_hal_msp.o"
#        "C:\Users\Tohid
#        Moosazadeh\Documents\STM32_Workplace\6-I2C\I2C_Ex3\EWARM\I2C_Ex3\Obj\STM32F4xx_HAL_Driver_1244631019742807970.dir\stm32f4xx_hal_pwr.o"
#        "C:\Users\Tohid
#        Moosazadeh\Documents\STM32_Workplace\6-I2C\I2C_Ex3\EWARM\I2C_Ex3\Obj\STM32F4xx_HAL_Driver_1244631019742807970.dir\stm32f4xx_hal_pwr_ex.o"
#        "C:\Users\Tohid
#        Moosazadeh\Documents\STM32_Workplace\6-I2C\I2C_Ex3\EWARM\I2C_Ex3\Obj\STM32F4xx_HAL_Driver_1244631019742807970.dir\stm32f4xx_hal_rcc.o"
#        "C:\Users\Tohid
#        Moosazadeh\Documents\STM32_Workplace\6-I2C\I2C_Ex3\EWARM\I2C_Ex3\Obj\STM32F4xx_HAL_Driver_1244631019742807970.dir\stm32f4xx_hal_rcc_ex.o"
#        "C:\Users\Tohid
#        Moosazadeh\Documents\STM32_Workplace\6-I2C\I2C_Ex3\EWARM\I2C_Ex3\Obj\STM32F4xx_HAL_Driver_1244631019742807970.dir\stm32f4xx_hal_uart.o"
#        "C:\Users\Tohid
#        Moosazadeh\Documents\STM32_Workplace\6-I2C\I2C_Ex3\EWARM\I2C_Ex3\Obj\Core_13247989168731456611.dir\stm32f4xx_it.o"
#        "C:\Users\Tohid
#        Moosazadeh\Documents\STM32_Workplace\6-I2C\I2C_Ex3\EWARM\I2C_Ex3\Obj\CMSIS_6603591812247902717.dir\system_stm32f4xx.o"
#        "C:\Users\Tohid
#        Moosazadeh\Documents\STM32_Workplace\6-I2C\I2C_Ex3\EWARM\I2C_Ex3\Obj\Core_13247989168731456611.dir\usart.o"
#        --no_out_extension -o "C:\Users\Tohid
#        Moosazadeh\Documents\STM32_Workplace\6-I2C\I2C_Ex3\EWARM\I2C_Ex3\Exe\I2C_Ex3.out"
#        --redirect _Printf=_PrintfFullNoMb --redirect _Scanf=_ScanfFullNoMb
#        --map "C:\Users\Tohid
#        Moosazadeh\Documents\STM32_Workplace\6-I2C\I2C_Ex3\EWARM\I2C_Ex3\List\I2C_Ex3.map"
#        --config "C:\Users\Tohid
#        Moosazadeh\Documents\STM32_Workplace\6-I2C\I2C_Ex3\EWARM/stm32f407xx_flash.icf"
#        --semihosting --entry __iar_program_start --vfe --text_out locale
#        --cpu=Cortex-M4 --fpu=VFPv4_sp) --dependencies=n "C:\Users\Tohid
#        Moosazadeh\Documents\STM32_Workplace\6-I2C\I2C_Ex3\EWARM\I2C_Ex3\Exe\I2C_Ex3.out.iar_deps"
#
###############################################################################

*******************************************************************************
*** RUNTIME MODEL ATTRIBUTES
***

CppFlavor       = *
__CPP_Runtime   = 1
__SystemLibrary = DLib
__dlib_version  = 6


*******************************************************************************
*** HEAP SELECTION
***

The basic heap was selected because --advanced_heap
was not specified and the application did not appear to
be primarily optimized for speed.


*******************************************************************************
*** PLACEMENT SUMMARY
***

"A0":  place at address 0x800'0000 { ro section .intvec };
"P1":  place in [from 0x800'0000 to 0x80f'ffff] { ro };
define block CSTACK with size = 1K, alignment = 8 { };
define block HEAP with size = 512, alignment = 8 { };
"P2":  place in [from 0x2000'0000 to 0x2001'ffff] {
          rw, block CSTACK, block HEAP };
initialize by copy { rw };

  Section            Kind         Address  Alignment    Size  Object
  -------            ----         -------  ---------    ----  ------
"A0":                                                  0x188
  .intvec            ro code   0x800'0000          4   0x188  startup_stm32f407xx.o [4]
                             - 0x800'0188              0x188

"P1":                                                 0x3798
  .text              ro code   0x800'0188          4   0xece  xprintffull_nomb.o [6]
  .text              ro code   0x800'1056          2    0x2a  copy_init3.o [8]
  .text              ro code   0x800'1080          4    0x16  strchr.o [8]
  .text              ro code   0x800'1096          2     0xa  xsprout.o [6]
  .text              ro code   0x800'10a0          4    0x40  xfail_s.o [6]
  .text              ro code   0x800'10e0          4    0x14  strlen_small.o [8]
  .text              ro code   0x800'10f4          4    0x58  memchr.o [8]
  .text              ro code   0x800'114c          4    0xa6  ABImemcpy.o [8]
  .rodata            const     0x800'11f2          2     0x2  xlocale_c.o [6]
  .text              ro code   0x800'11f4          4    0x70  frexp.o [7]
  .text              ro code   0x800'1264          4    0x34  DblCmpLe.o [7]
  .text              ro code   0x800'1298          4    0x34  DblCmpGe.o [7]
  .text              ro code   0x800'12cc          4   0x13a  ldexp.o [7]
  .rodata            const     0x800'1406                0x1  xlocale_c.o [6]
  .text              ro code   0x800'1408          4    0x36  DblToS32.o [7]
  .text              ro code   0x800'1440          4    0x22  S32ToDbl.o [7]
  .text              ro code   0x800'1464          4   0x24e  DblAddSub.o [7]
  .text              ro code   0x800'16b4          4   0x246  DblDiv.o [7]
  .text              ro code   0x800'18fc          4    0x22  DblToU32.o [7]
  .text              ro code   0x800'1920          4    0x1c  U32ToDbl.o [7]
  .text              ro code   0x800'193c          4   0x1aa  DblMul.o [7]
  .text              ro code   0x800'1ae8          4     0x8  xlocale_c.o [6]
  .text              ro code   0x800'1af0          4   0x106  I64DivMod_small.o [8]
  .text              ro code   0x800'1bf6          2     0x6  abort.o [6]
  .text              ro code   0x800'1bfc          4     0x2  I64DivZer.o [8]
  .text              ro code   0x800'1c00          4    0x14  exit.o [9]
  .text              ro code   0x800'1c14          4   0x8be  stm32f4xx_hal_i2c.o [5]
  .text              ro code   0x800'24d4          4    0xac  i2c.o [2]
  .text              ro code   0x800'2580          4   0x14c  stm32f4xx_hal_rcc.o [5]
  .text              ro code   0x800'26cc          4     0xc  stm32f4xx_hal.o [5]
  .text              ro code   0x800'26d8          4   0x1a4  main.o [2]
  .text              ro code   0x800'287c          4    0x12  ABImemset_small.o [8]
  .text              ro code   0x800'2890          4   0x1ec  stm32f4xx_hal_gpio.o [5]
  .text              ro code   0x800'2a7c          4    0x60  stm32f4xx_hal_rcc.o [5]
  .text              ro code   0x800'2adc          4    0x40  stm32f4xx_hal.o [5]
  .text              ro code   0x800'2b1c          4    0x34  stm32f4xx_hal.o [5]
  .text              ro code   0x800'2b50          4    0x8c  gpio.o [2]
  .text              ro code   0x800'2bdc          4    0xa8  usart.o [2]
  .text              ro code   0x800'2c84          4   0x2d0  stm32f4xx_hal_uart.o [5]
  .text              ro code   0x800'2f54          4   0x232  ds3231.o [3]
  .text              ro code   0x800'3188          4    0x40  sprintf.o [6]
  .text              ro code   0x800'31c8          4     0x6  ABImemclr4.o [8]
  .text              ro code   0x800'31d0          4   0x310  stm32f4xx_hal_rcc.o [5]
  .text              ro code   0x800'34e0          4    0xa0  stm32f4xx_hal_cortex.o [5]
  .text              ro code   0x800'3580          4    0x38  stm32f4xx_hal_msp.o [2]
  .text              ro code   0x800'35b8          4    0x32  ABImemset48.o [8]
  Initializer bytes  const     0x800'35ec          4    0x48  <for P2-1>
  .text              ro code   0x800'3634          4    0x38  stm32f4xx_it.o [2]
  .text              ro code   0x800'366c          4    0x10  stm32f4xx_hal.o [5]
  .text              ro code   0x800'367c          2    0x38  zero_init3.o [8]
  .rodata            const     0x800'36b4          4    0x30  main.o [2]
  .text              ro code   0x800'36e4          4    0x28  data_init.o [8]
  .text              ro code   0x800'370c          4    0x22  fpinit_M.o [7]
  .iar.init_table    const     0x800'3730          4    0x24  - Linker created -
  .text              ro code   0x800'3754          4    0x20  system_stm32f4xx.o [1]
  .text              ro code   0x800'3774          4    0x1e  cmain.o [8]
  .text              ro code   0x800'3792          2     0x4  low_level_init.o [6]
  .text              ro code   0x800'3796          2     0x4  exit.o [6]
  .text              ro code   0x800'379c          4     0xa  cexit.o [8]
  .text              ro code   0x800'37a8          4    0x1c  cstartup_M.o [8]
  .text              ro code   0x800'37c4          4    0x10  startup_stm32f407xx.o [4]
  .rodata            const     0x800'37d4          4     0x8  system_stm32f4xx.o [1]
  .text              ro code   0x800'37dc          2     0x4  startup_stm32f407xx.o [4]
  .text              ro code   0x800'37e0          2     0x4  startup_stm32f407xx.o [4]
  .text              ro code   0x800'37e4          2     0x4  startup_stm32f407xx.o [4]
  .text              ro code   0x800'37e8          2     0x4  startup_stm32f407xx.o [4]
  .text              ro code   0x800'37ec          2     0x4  startup_stm32f407xx.o [4]
  .text              ro code   0x800'37f0          2     0x4  startup_stm32f407xx.o [4]
  .text              ro code   0x800'37f4          2     0x4  startup_stm32f407xx.o [4]
  .text              ro code   0x800'37f8          2     0x4  startup_stm32f407xx.o [4]
  .text              ro code   0x800'37fc          2     0x4  startup_stm32f407xx.o [4]
  .text              ro code   0x800'3800          2     0x4  startup_stm32f407xx.o [4]
  .text              ro code   0x800'3804          2     0x4  startup_stm32f407xx.o [4]
  .text              ro code   0x800'3808          2     0x4  startup_stm32f407xx.o [4]
  .text              ro code   0x800'380c          2     0x4  startup_stm32f407xx.o [4]
  .text              ro code   0x800'3810          2     0x4  startup_stm32f407xx.o [4]
  .text              ro code   0x800'3814          2     0x4  startup_stm32f407xx.o [4]
  .text              ro code   0x800'3818          2     0x4  startup_stm32f407xx.o [4]
  .text              ro code   0x800'381c          2     0x4  startup_stm32f407xx.o [4]
  .text              ro code   0x800'3820          2     0x4  startup_stm32f407xx.o [4]
  .text              ro code   0x800'3824          2     0x4  startup_stm32f407xx.o [4]
  .text              ro code   0x800'3828          2     0x4  startup_stm32f407xx.o [4]
  .text              ro code   0x800'382c          2     0x4  startup_stm32f407xx.o [4]
  .text              ro code   0x800'3830          2     0x4  startup_stm32f407xx.o [4]
  .text              ro code   0x800'3834          2     0x4  startup_stm32f407xx.o [4]
  .text              ro code   0x800'3838          2     0x4  startup_stm32f407xx.o [4]
  .text              ro code   0x800'383c          2     0x4  startup_stm32f407xx.o [4]
  .text              ro code   0x800'3840          2     0x4  startup_stm32f407xx.o [4]
  .text              ro code   0x800'3844          2     0x4  startup_stm32f407xx.o [4]
  .text              ro code   0x800'3848          2     0x4  startup_stm32f407xx.o [4]
  .text              ro code   0x800'384c          2     0x4  startup_stm32f407xx.o [4]
  .text              ro code   0x800'3850          2     0x4  startup_stm32f407xx.o [4]
  .text              ro code   0x800'3854          2     0x4  startup_stm32f407xx.o [4]
  .text              ro code   0x800'3858          2     0x4  startup_stm32f407xx.o [4]
  .text              ro code   0x800'385c          2     0x4  startup_stm32f407xx.o [4]
  .text              ro code   0x800'3860          2     0x4  startup_stm32f407xx.o [4]
  .text              ro code   0x800'3864          2     0x4  startup_stm32f407xx.o [4]
  .text              ro code   0x800'3868          2     0x4  startup_stm32f407xx.o [4]
  .text              ro code   0x800'386c          2     0x4  startup_stm32f407xx.o [4]
  .text              ro code   0x800'3870          2     0x4  startup_stm32f407xx.o [4]
  .text              ro code   0x800'3874          2     0x4  startup_stm32f407xx.o [4]
  .text              ro code   0x800'3878          2     0x4  startup_stm32f407xx.o [4]
  .text              ro code   0x800'387c          2     0x4  startup_stm32f407xx.o [4]
  .text              ro code   0x800'3880          2     0x4  startup_stm32f407xx.o [4]
  .text              ro code   0x800'3884          2     0x4  startup_stm32f407xx.o [4]
  .text              ro code   0x800'3888          2     0x4  startup_stm32f407xx.o [4]
  .text              ro code   0x800'388c          2     0x4  startup_stm32f407xx.o [4]
  .text              ro code   0x800'3890          2     0x4  startup_stm32f407xx.o [4]
  .text              ro code   0x800'3894          2     0x4  startup_stm32f407xx.o [4]
  .text              ro code   0x800'3898          2     0x4  startup_stm32f407xx.o [4]
  .text              ro code   0x800'389c          2     0x4  startup_stm32f407xx.o [4]
  .text              ro code   0x800'38a0          2     0x4  startup_stm32f407xx.o [4]
  .text              ro code   0x800'38a4          2     0x4  startup_stm32f407xx.o [4]
  .text              ro code   0x800'38a8          2     0x4  startup_stm32f407xx.o [4]
  .text              ro code   0x800'38ac          2     0x4  startup_stm32f407xx.o [4]
  .text              ro code   0x800'38b0          2     0x4  startup_stm32f407xx.o [4]
  .text              ro code   0x800'38b4          2     0x4  startup_stm32f407xx.o [4]
  .text              ro code   0x800'38b8          2     0x4  startup_stm32f407xx.o [4]
  .text              ro code   0x800'38bc          2     0x4  startup_stm32f407xx.o [4]
  .text              ro code   0x800'38c0          2     0x4  startup_stm32f407xx.o [4]
  .text              ro code   0x800'38c4          2     0x4  startup_stm32f407xx.o [4]
  .text              ro code   0x800'38c8          2     0x4  startup_stm32f407xx.o [4]
  .text              ro code   0x800'38cc          2     0x4  startup_stm32f407xx.o [4]
  .text              ro code   0x800'38d0          2     0x4  startup_stm32f407xx.o [4]
  .text              ro code   0x800'38d4          2     0x4  startup_stm32f407xx.o [4]
  .text              ro code   0x800'38d8          2     0x4  startup_stm32f407xx.o [4]
  .text              ro code   0x800'38dc          2     0x4  startup_stm32f407xx.o [4]
  .text              ro code   0x800'38e0          2     0x4  startup_stm32f407xx.o [4]
  .text              ro code   0x800'38e4          2     0x4  startup_stm32f407xx.o [4]
  .text              ro code   0x800'38e8          2     0x4  startup_stm32f407xx.o [4]
  .text              ro code   0x800'38ec          2     0x4  startup_stm32f407xx.o [4]
  .text              ro code   0x800'38f0          2     0x4  startup_stm32f407xx.o [4]
  .text              ro code   0x800'38f4          2     0x4  startup_stm32f407xx.o [4]
  .text              ro code   0x800'38f8          2     0x4  startup_stm32f407xx.o [4]
  .text              ro code   0x800'38fc          2     0x4  startup_stm32f407xx.o [4]
  .text              ro code   0x800'3900          2     0x4  startup_stm32f407xx.o [4]
  .text              ro code   0x800'3904          2     0x4  startup_stm32f407xx.o [4]
  .text              ro code   0x800'3908          2     0x4  startup_stm32f407xx.o [4]
  .text              ro code   0x800'390c          2     0x4  startup_stm32f407xx.o [4]
  .text              ro code   0x800'3910          2     0x4  startup_stm32f407xx.o [4]
  .text              ro code   0x800'3914          2     0x4  startup_stm32f407xx.o [4]
  .text              ro code   0x800'3918          2     0x4  startup_stm32f407xx.o [4]
  .text              ro code   0x800'391c          2     0x4  startup_stm32f407xx.o [4]
  .rodata            const     0x800'3920                0x0  zero_init3.o [8]
  .rodata            const     0x800'3920                0x0  copy_init3.o [8]
                             - 0x800'3920             0x3798

"P2", part 1 of 3:                                      0x48
  P2-1                        0x2000'0000          4    0x48  <Init block>
    .data            inited   0x2000'0000          4     0xc  stm32f4xx_hal.o [5]
    .data            inited   0x2000'000c          4     0x4  system_stm32f4xx.o [1]
    .data            inited   0x2000'0010          4    0x38  xlocale_c.o [6]
                            - 0x2000'0048               0x48

"P2", part 2 of 3:                                      0xa8
  .bss               zero     0x2000'0048          4    0x54  i2c.o [2]
  .bss               zero     0x2000'009c          4    0x48  usart.o [2]
  .bss               zero     0x2000'00e4          4     0x4  ds3231.o [3]
  .bss               zero     0x2000'00e8          4     0x4  xfail_s.o [6]
  .bss               zero     0x2000'00ec                0x2  main.o [2]
  .bss               zero     0x2000'00ee          2     0x2  stm32f4xx_it.o [2]
                            - 0x2000'00f0               0xa8

"P2", part 3 of 3:                                     0x400
  CSTACK                      0x2000'00f0          8   0x400  <Block>
    CSTACK           uninit   0x2000'00f0              0x400  <Block tail>
                            - 0x2000'04f0              0x400

Unused ranges:

         From           To      Size
         ----           --      ----
   0x800'3920   0x80f'ffff  0xf'c6e0
  0x2000'04f0  0x2001'ffff  0x1'fb10


*******************************************************************************
*** INIT TABLE
***

          Address      Size
          -------      ----
Zero (__iar_zero_init3)
    1 destination range, total size 0xa8:
          0x2000'0048  0xa8

Copy (__iar_copy_init3)
    1 source range, total size 0x48:
           0x800'35ec  0x48
    1 destination range, total size 0x48:
          0x2000'0000  0x48



*******************************************************************************
*** MODULE SUMMARY
***

    Module                  ro code  ro data  rw data
    ------                  -------  -------  -------
command line/config:
    -------------------------------------------------
    Total:

C:\Users\Tohid Moosazadeh\Documents\STM32_Workplace\6-I2C\I2C_Ex3\EWARM\I2C_Ex3\Obj\CMSIS_6603591812247902717.dir: [1]
    system_stm32f4xx.o           32       12        4
    -------------------------------------------------
    Total:                       32       12        4

C:\Users\Tohid Moosazadeh\Documents\STM32_Workplace\6-I2C\I2C_Ex3\EWARM\I2C_Ex3\Obj\Core_13247989168731456611.dir: [2]
    gpio.o                      140
    i2c.o                       172                84
    main.o                      420       48        2
    stm32f4xx_hal_msp.o          56
    stm32f4xx_it.o               56                 2
    usart.o                     168                72
    -------------------------------------------------
    Total:                    1'012       48      160

C:\Users\Tohid Moosazadeh\Documents\STM32_Workplace\6-I2C\I2C_Ex3\EWARM\I2C_Ex3\Obj\DS3231_6068955963233976105.dir: [3]
    ds3231.o                    562                 4
    -------------------------------------------------
    Total:                      562                 4

C:\Users\Tohid Moosazadeh\Documents\STM32_Workplace\6-I2C\I2C_Ex3\EWARM\I2C_Ex3\Obj\EWARM_18443280873093131863.dir: [4]
    startup_stm32f407xx.o       732
    -------------------------------------------------
    Total:                      732

C:\Users\Tohid Moosazadeh\Documents\STM32_Workplace\6-I2C\I2C_Ex3\EWARM\I2C_Ex3\Obj\STM32F4xx_HAL_Driver_1244631019742807970.dir: [5]
    stm32f4xx_hal.o             144       12       12
    stm32f4xx_hal_cortex.o      160
    stm32f4xx_hal_gpio.o        492
    stm32f4xx_hal_i2c.o       2'238
    stm32f4xx_hal_rcc.o       1'212
    stm32f4xx_hal_uart.o        720
    -------------------------------------------------
    Total:                    4'966       12       12

dl7M_tlf.a: [6]
    abort.o                       6
    exit.o                        4
    low_level_init.o              4
    sprintf.o                    64
    xfail_s.o                    64                 4
    xlocale_c.o                   8       59       56
    xprintffull_nomb.o        3'790
    xsprout.o                    10
    -------------------------------------------------
    Total:                    3'950       59       60

m7M_tls.a: [7]
    DblAddSub.o                 590
    DblCmpGe.o                   52
    DblCmpLe.o                   52
    DblDiv.o                    582
    DblMul.o                    426
    DblToS32.o                   54
    DblToU32.o                   34
    S32ToDbl.o                   34
    U32ToDbl.o                   28
    fpinit_M.o                   34
    frexp.o                     112
    ldexp.o                     314
    -------------------------------------------------
    Total:                    2'312

rt7M_tl.a: [8]
    ABImemclr4.o                  6
    ABImemcpy.o                 166
    ABImemset48.o                50
    ABImemset_small.o            18
    I64DivMod_small.o           262
    I64DivZer.o                   2
    cexit.o                      10
    cmain.o                      30
    copy_init3.o                 42
    cstartup_M.o                 28
    data_init.o                  40
    memchr.o                     88
    strchr.o                     22
    strlen_small.o               20
    zero_init3.o                 56
    -------------------------------------------------
    Total:                      840

shb_l.a: [9]
    exit.o                       20
    -------------------------------------------------
    Total:                       20

    Gaps                         27        2
    Linker created                        38    1'024
-----------------------------------------------------
    Grand Total:             14'453      171    1'264


*******************************************************************************
*** ENTRY LIST
***

Entry                       Address   Size  Type      Object
-----                       -------   ----  ----      ------
.iar.init_table$$Base    0x800'3730          --   Gb  - Linker created -
.iar.init_table$$Limit   0x800'3754          --   Gb  - Linker created -
?main                    0x800'3775         Code  Gb  cmain.o [8]
ADC_IRQHandler           0x800'3825         Code  Wk  startup_stm32f407xx.o [4]
AHBPrescTable            0x800'3764   0x10  Data  Gb  system_stm32f4xx.o [1]
APBPrescTable            0x800'37d4    0x8  Data  Gb  system_stm32f4xx.o [1]
BusFault_Handler         0x800'363b    0x2  Code  Gb  stm32f4xx_it.o [2]
CAN1_RX0_IRQHandler      0x800'382d         Code  Wk  startup_stm32f407xx.o [4]
CAN1_RX1_IRQHandler      0x800'3831         Code  Wk  startup_stm32f407xx.o [4]
CAN1_SCE_IRQHandler      0x800'3835         Code  Wk  startup_stm32f407xx.o [4]
CAN1_TX_IRQHandler       0x800'3829         Code  Wk  startup_stm32f407xx.o [4]
CAN2_RX0_IRQHandler      0x800'38dd         Code  Wk  startup_stm32f407xx.o [4]
CAN2_RX1_IRQHandler      0x800'38e1         Code  Wk  startup_stm32f407xx.o [4]
CAN2_SCE_IRQHandler      0x800'38e5         Code  Wk  startup_stm32f407xx.o [4]
CAN2_TX_IRQHandler       0x800'38d9         Code  Wk  startup_stm32f407xx.o [4]
CSTACK$$Base            0x2000'00f0          --   Gb  - Linker created -
CSTACK$$Limit           0x2000'04f0          --   Gb  - Linker created -
DCMI_IRQHandler          0x800'3915         Code  Wk  startup_stm32f407xx.o [4]
DMA1_Stream0_IRQHandler
                         0x800'3809         Code  Wk  startup_stm32f407xx.o [4]
DMA1_Stream1_IRQHandler
                         0x800'380d         Code  Wk  startup_stm32f407xx.o [4]
DMA1_Stream2_IRQHandler
                         0x800'3811         Code  Wk  startup_stm32f407xx.o [4]
DMA1_Stream3_IRQHandler
                         0x800'3815         Code  Wk  startup_stm32f407xx.o [4]
DMA1_Stream4_IRQHandler
                         0x800'3819         Code  Wk  startup_stm32f407xx.o [4]
DMA1_Stream5_IRQHandler
                         0x800'381d         Code  Wk  startup_stm32f407xx.o [4]
DMA1_Stream6_IRQHandler
                         0x800'3821         Code  Wk  startup_stm32f407xx.o [4]
DMA1_Stream7_IRQHandler
                         0x800'3899         Code  Wk  startup_stm32f407xx.o [4]
DMA2_Stream0_IRQHandler
                         0x800'38bd         Code  Wk  startup_stm32f407xx.o [4]
DMA2_Stream1_IRQHandler
                         0x800'38c1         Code  Wk  startup_stm32f407xx.o [4]
DMA2_Stream2_IRQHandler
                         0x800'38c5         Code  Wk  startup_stm32f407xx.o [4]
DMA2_Stream3_IRQHandler
                         0x800'38c9         Code  Wk  startup_stm32f407xx.o [4]
DMA2_Stream4_IRQHandler
                         0x800'38cd         Code  Wk  startup_stm32f407xx.o [4]
DMA2_Stream5_IRQHandler
                         0x800'38ed         Code  Wk  startup_stm32f407xx.o [4]
DMA2_Stream6_IRQHandler
                         0x800'38f1         Code  Wk  startup_stm32f407xx.o [4]
DMA2_Stream7_IRQHandler
                         0x800'38f5         Code  Wk  startup_stm32f407xx.o [4]
DS3231_ClearAlarm1Flag   0x800'3019    0xe  Code  Gb  ds3231.o [3]
DS3231_ClearAlarm2Flag   0x800'2fef   0x10  Code  Gb  ds3231.o [3]
DS3231_DecodeBCD         0x800'3177   0x10  Code  Gb  ds3231.o [3]
DS3231_EnableAlarm1      0x800'2fff    0xa  Code  Gb  ds3231.o [3]
DS3231_EnableAlarm2      0x800'2fe3    0xc  Code  Gb  ds3231.o [3]
DS3231_GetDate           0x800'302f    0x4  Code  Gb  ds3231.o [3]
DS3231_GetHour           0x800'306f    0x6  Code  Gb  ds3231.o [3]
DS3231_GetMinute         0x800'3075    0x6  Code  Gb  ds3231.o [3]
DS3231_GetMonth          0x800'303d   0x12  Code  Gb  ds3231.o [3]
DS3231_GetRegByte        0x800'2f97   0x20  Code  Gb  ds3231.o [3]
DS3231_GetSecond         0x800'307b    0x6  Code  Gb  ds3231.o [3]
DS3231_GetYear           0x800'304f   0x20  Code  Gb  ds3231.o [3]
DS3231_Init              0x800'2f55   0x22  Code  Gb  ds3231.o [3]
DS3231_SetDate           0x800'3093   0x12  Code  Gb  ds3231.o [3]
DS3231_SetDayOfWeek      0x800'3081   0x12  Code  Gb  ds3231.o [3]
DS3231_SetFullDate       0x800'3157   0x20  Code  Gb  ds3231.o [3]
DS3231_SetFullTime       0x800'313f   0x18  Code  Gb  ds3231.o [3]
DS3231_SetHour           0x800'3105   0x16  Code  Gb  ds3231.o [3]
DS3231_SetInterruptMode
                         0x800'2fc9    0xa  Code  Gb  ds3231.o [3]
DS3231_SetMinute         0x800'311b   0x12  Code  Gb  ds3231.o [3]
DS3231_SetMonth          0x800'30a5   0x1a  Code  Gb  ds3231.o [3]
DS3231_SetRegByte        0x800'2f77   0x20  Code  Gb  ds3231.o [3]
DS3231_SetSecond         0x800'312d   0x12  Code  Gb  ds3231.o [3]
DS3231_SetYear           0x800'30c5   0x32  Code  Gb  ds3231.o [3]
DebugMon_Handler         0x800'3641    0x2  Code  Gb  stm32f4xx_it.o [2]
ETH_IRQHandler           0x800'38d1         Code  Wk  startup_stm32f407xx.o [4]
ETH_WKUP_IRQHandler      0x800'38d5         Code  Wk  startup_stm32f407xx.o [4]
EXTI0_IRQHandler         0x800'37f5         Code  Wk  startup_stm32f407xx.o [4]
EXTI15_10_IRQHandler     0x800'387d         Code  Wk  startup_stm32f407xx.o [4]
EXTI1_IRQHandler         0x800'37f9         Code  Wk  startup_stm32f407xx.o [4]
EXTI2_IRQHandler         0x800'37fd         Code  Wk  startup_stm32f407xx.o [4]
EXTI3_IRQHandler         0x800'3801         Code  Wk  startup_stm32f407xx.o [4]
EXTI4_IRQHandler         0x800'3805         Code  Wk  startup_stm32f407xx.o [4]
EXTI9_5_IRQHandler       0x800'3839         Code  Wk  startup_stm32f407xx.o [4]
Error_Handler            0x800'2841    0x4  Code  Gb  main.o [2]
FLASH_IRQHandler         0x800'37ed         Code  Wk  startup_stm32f407xx.o [4]
FPU_IRQHandler           0x800'391d         Code  Wk  startup_stm32f407xx.o [4]
FSMC_IRQHandler          0x800'389d         Code  Wk  startup_stm32f407xx.o [4]
HAL_GPIO_Init            0x800'2891  0x1be  Code  Gb  stm32f4xx_hal_gpio.o [5]
HAL_GetTick              0x800'26cd    0xc  Code  Wk  stm32f4xx_hal.o [5]
HAL_I2C_Init             0x800'1c15  0x12e  Code  Gb  stm32f4xx_hal_i2c.o [5]
HAL_I2C_Mem_Read         0x800'1ebf  0x166  Code  Gb  stm32f4xx_hal_i2c.o [5]
HAL_I2C_Mem_Write        0x800'1da5   0xf8  Code  Gb  stm32f4xx_hal_i2c.o [5]
HAL_I2C_MspInit          0x800'2505   0x66  Code  Gb  i2c.o [2]
HAL_IncTick              0x800'366d   0x10  Code  Wk  stm32f4xx_hal.o [5]
HAL_Init                 0x800'2b1d   0x30  Code  Gb  stm32f4xx_hal.o [5]
HAL_InitTick             0x800'2add   0x40  Code  Wk  stm32f4xx_hal.o [5]
HAL_MspInit              0x800'3581   0x38  Code  Gb  stm32f4xx_hal_msp.o [2]
HAL_NVIC_SetPriority     0x800'350f   0x3a  Code  Gb  stm32f4xx_hal_cortex.o [5]
HAL_NVIC_SetPriorityGrouping
                         0x800'34fb   0x14  Code  Gb  stm32f4xx_hal_cortex.o [5]
HAL_RCC_ClockConfig      0x800'2581  0x100  Code  Gb  stm32f4xx_hal_rcc.o [5]
HAL_RCC_GetPCLK1Freq     0x800'268d   0x10  Code  Gb  stm32f4xx_hal_rcc.o [5]
HAL_RCC_GetPCLK2Freq     0x800'269d    0xe  Code  Gb  stm32f4xx_hal_rcc.o [5]
HAL_RCC_GetSysClockFreq
                         0x800'2a7d   0x60  Code  Wk  stm32f4xx_hal_rcc.o [5]
HAL_RCC_OscConfig        0x800'31d1  0x310  Code  Wk  stm32f4xx_hal_rcc.o [5]
HAL_SYSTICK_Config       0x800'3549   0x22  Code  Gb  stm32f4xx_hal_cortex.o [5]
HAL_UART_Init            0x800'2c85   0x20  Code  Gb  stm32f4xx_hal_uart.o [5]
HAL_UART_MspInit         0x800'2c0b   0x68  Code  Gb  usart.o [2]
HAL_UART_Transmit        0x800'2cfd   0x9c  Code  Gb  stm32f4xx_hal_uart.o [5]
HASH_RNG_IRQHandler      0x800'3919         Code  Wk  startup_stm32f407xx.o [4]
HardFault_Handler        0x800'3637    0x2  Code  Gb  stm32f4xx_it.o [2]
I2C1_ER_IRQHandler       0x800'385d         Code  Wk  startup_stm32f407xx.o [4]
I2C1_EV_IRQHandler       0x800'3859         Code  Wk  startup_stm32f407xx.o [4]
I2C2_ER_IRQHandler       0x800'3865         Code  Wk  startup_stm32f407xx.o [4]
I2C2_EV_IRQHandler       0x800'3861         Code  Wk  startup_stm32f407xx.o [4]
I2C3_ER_IRQHandler       0x800'3901         Code  Wk  startup_stm32f407xx.o [4]
I2C3_EV_IRQHandler       0x800'38fd         Code  Wk  startup_stm32f407xx.o [4]
I2C_IsAcknowledgeFailed
                         0x800'24a1   0x32  Code  Lc  stm32f4xx_hal_i2c.o [5]
I2C_RequestMemoryRead    0x800'219d   0xb4  Code  Lc  stm32f4xx_hal_i2c.o [5]
I2C_RequestMemoryWrite   0x800'20f1   0x92  Code  Lc  stm32f4xx_hal_i2c.o [5]
I2C_WaitOnBTFFlagUntilTimeout
                         0x800'23e7   0x44  Code  Lc  stm32f4xx_hal_i2c.o [5]
I2C_WaitOnFlagUntilTimeout
                         0x800'2285   0x6c  Code  Lc  stm32f4xx_hal_i2c.o [5]
I2C_WaitOnMasterAddressFlagUntilTimeout
                         0x800'22f1   0x90  Code  Lc  stm32f4xx_hal_i2c.o [5]
I2C_WaitOnRXNEFlagUntilTimeout
                         0x800'2445   0x48  Code  Lc  stm32f4xx_hal_i2c.o [5]
I2C_WaitOnTXEFlagUntilTimeout
                         0x800'23a3   0x44  Code  Lc  stm32f4xx_hal_i2c.o [5]
MX_GPIO_Init             0x800'2b51   0x76  Code  Gb  gpio.o [2]
MX_I2C1_Init             0x800'24d5   0x30  Code  Gb  i2c.o [2]
MX_USART1_UART_Init      0x800'2bdd   0x2e  Code  Gb  usart.o [2]
MemManage_Handler        0x800'3639    0x2  Code  Gb  stm32f4xx_it.o [2]
NMI_Handler              0x800'3635    0x2  Code  Gb  stm32f4xx_it.o [2]
OTG_FS_IRQHandler        0x800'38e9         Code  Wk  startup_stm32f407xx.o [4]
OTG_FS_WKUP_IRQHandler   0x800'3885         Code  Wk  startup_stm32f407xx.o [4]
OTG_HS_EP1_IN_IRQHandler
                         0x800'3909         Code  Wk  startup_stm32f407xx.o [4]
OTG_HS_EP1_OUT_IRQHandler
                         0x800'3905         Code  Wk  startup_stm32f407xx.o [4]
OTG_HS_IRQHandler        0x800'3911         Code  Wk  startup_stm32f407xx.o [4]
OTG_HS_WKUP_IRQHandler   0x800'390d         Code  Wk  startup_stm32f407xx.o [4]
PVD_IRQHandler           0x800'37e1         Code  Wk  startup_stm32f407xx.o [4]
PendSV_Handler           0x800'3643    0x2  Code  Gb  stm32f4xx_it.o [2]
RCC_IRQHandler           0x800'37f1         Code  Wk  startup_stm32f407xx.o [4]
RTC_Alarm_IRQHandler     0x800'3881         Code  Wk  startup_stm32f407xx.o [4]
RTC_WKUP_IRQHandler      0x800'37e9         Code  Wk  startup_stm32f407xx.o [4]
Region$$Table$$Base      0x800'3730          --   Gb  - Linker created -
Region$$Table$$Limit     0x800'3754          --   Gb  - Linker created -
Reset_Handler            0x800'37c5         Code  Wk  startup_stm32f407xx.o [4]
SDIO_IRQHandler          0x800'38a1         Code  Wk  startup_stm32f407xx.o [4]
SPI1_IRQHandler          0x800'3869         Code  Wk  startup_stm32f407xx.o [4]
SPI2_IRQHandler          0x800'386d         Code  Wk  startup_stm32f407xx.o [4]
SPI3_IRQHandler          0x800'38a9         Code  Wk  startup_stm32f407xx.o [4]
SVC_Handler              0x800'363f    0x2  Code  Gb  stm32f4xx_it.o [2]
SysTick_Handler          0x800'3645   0x20  Code  Gb  stm32f4xx_it.o [2]
SystemClock_Config       0x800'2793   0x96  Code  Gb  main.o [2]
SystemCoreClock         0x2000'000c    0x4  Data  Gb  system_stm32f4xx.o [1]
SystemInit               0x800'3755    0xc  Code  Gb  system_stm32f4xx.o [1]
TAMP_STAMP_IRQHandler    0x800'37e5         Code  Wk  startup_stm32f407xx.o [4]
TIM1_BRK_TIM9_IRQHandler
                         0x800'383d         Code  Wk  startup_stm32f407xx.o [4]
TIM1_CC_IRQHandler       0x800'3849         Code  Wk  startup_stm32f407xx.o [4]
TIM1_TRG_COM_TIM11_IRQHandler
                         0x800'3845         Code  Wk  startup_stm32f407xx.o [4]
TIM1_UP_TIM10_IRQHandler
                         0x800'3841         Code  Wk  startup_stm32f407xx.o [4]
TIM2_IRQHandler          0x800'384d         Code  Wk  startup_stm32f407xx.o [4]
TIM3_IRQHandler          0x800'3851         Code  Wk  startup_stm32f407xx.o [4]
TIM4_IRQHandler          0x800'3855         Code  Wk  startup_stm32f407xx.o [4]
TIM5_IRQHandler          0x800'38a5         Code  Wk  startup_stm32f407xx.o [4]
TIM6_DAC_IRQHandler      0x800'38b5         Code  Wk  startup_stm32f407xx.o [4]
TIM7_IRQHandler          0x800'38b9         Code  Wk  startup_stm32f407xx.o [4]
TIM8_BRK_TIM12_IRQHandler
                         0x800'3889         Code  Wk  startup_stm32f407xx.o [4]
TIM8_CC_IRQHandler       0x800'3895         Code  Wk  startup_stm32f407xx.o [4]
TIM8_TRG_COM_TIM14_IRQHandler
                         0x800'3891         Code  Wk  startup_stm32f407xx.o [4]
TIM8_UP_TIM13_IRQHandler
                         0x800'388d         Code  Wk  startup_stm32f407xx.o [4]
UART4_IRQHandler         0x800'38ad         Code  Wk  startup_stm32f407xx.o [4]
UART5_IRQHandler         0x800'38b1         Code  Wk  startup_stm32f407xx.o [4]
UART_EndRxTransfer       0x800'2e55   0x36  Code  Lc  stm32f4xx_hal_uart.o [5]
UART_SetConfig           0x800'2e8d   0xb0  Code  Lc  stm32f4xx_hal_uart.o [5]
UART_WaitOnFlagUntilTimeout
                         0x800'2ddb   0x7a  Code  Lc  stm32f4xx_hal_uart.o [5]
USART1_IRQHandler        0x800'3871         Code  Wk  startup_stm32f407xx.o [4]
USART2_IRQHandler        0x800'3875         Code  Wk  startup_stm32f407xx.o [4]
USART3_IRQHandler        0x800'3879         Code  Wk  startup_stm32f407xx.o [4]
USART6_IRQHandler        0x800'38f9         Code  Wk  startup_stm32f407xx.o [4]
UsageFault_Handler       0x800'363d    0x2  Code  Gb  stm32f4xx_it.o [2]
WWDG_IRQHandler          0x800'37dd         Code  Wk  startup_stm32f407xx.o [4]
_LC                      0x800'0189    0x6  Code  Lc  xprintffull_nomb.o [6]
_LitobFullNoMb           0x800'0e75  0x114  Code  Lc  xprintffull_nomb.o [6]
_Locale_lconv           0x2000'0010   0x38  Data  Lc  xlocale_c.o [6]
_PrintfFullNoMb          0x800'018f  0xcb8  Code  Gb  xprintffull_nomb.o [6]
_PutcharsFullNoMb        0x800'0fe1   0x2e  Code  Lc  xprintffull_nomb.o [6]
_SProut                  0x800'1097    0xa  Code  Gb  xsprout.o [6]
__NVIC_SetPriority       0x800'34e1   0x1a  Code  Lc  stm32f4xx_hal_cortex.o [5]
__aeabi_cdcmple          0x800'1265         Code  Gb  DblCmpLe.o [7]
__aeabi_cdrcmple         0x800'1299         Code  Gb  DblCmpGe.o [7]
__aeabi_d2iz             0x800'1409         Code  Gb  DblToS32.o [7]
__aeabi_d2uiz            0x800'18fd         Code  Gb  DblToU32.o [7]
__aeabi_ddiv             0x800'16b5         Code  Gb  DblDiv.o [7]
__aeabi_dmul             0x800'193d         Code  Gb  DblMul.o [7]
__aeabi_dsub             0x800'15d1         Code  Gb  DblAddSub.o [7]
__aeabi_i2d              0x800'1441         Code  Gb  S32ToDbl.o [7]
__aeabi_ldiv0            0x800'1bfd         Code  Gb  I64DivZer.o [8]
__aeabi_memclr4          0x800'31c9         Code  Gb  ABImemclr4.o [8]
__aeabi_memcpy           0x800'114d         Code  Gb  ABImemcpy.o [8]
__aeabi_memcpy4          0x800'116d         Code  Gb  ABImemcpy.o [8]
__aeabi_memcpy8          0x800'116d         Code  Gb  ABImemcpy.o [8]
__aeabi_ui2d             0x800'1921         Code  Gb  U32ToDbl.o [7]
__cmain                  0x800'3775         Code  Gb  cmain.o [8]
__exit                   0x800'1c01   0x14  Code  Gb  exit.o [9]
__iar_Fail_s             0x800'10a1   0x1c  Code  Gb  xfail_s.o [6]
__iar_Memchr             0x800'10f5         Code  Gb  memchr.o [8]
__iar_Memset4_word       0x800'35b9         Code  Gb  ABImemset48.o [8]
__iar_Memset8_word       0x800'35b9         Code  Gb  ABImemset48.o [8]
__iar_Strchr             0x800'1081         Code  Gb  strchr.o [8]
__iar_copy_init3         0x800'1057   0x2a  Code  Gb  copy_init3.o [8]
__iar_data_init3         0x800'36e5   0x28  Code  Gb  data_init.o [8]
__iar_frexp              0x800'1201         Code  Gb  frexp.o [7]
__iar_frexpl             0x800'1201         Code  Gb  frexp.o [7]
__iar_init_vfp           0x800'370d         Code  Gb  fpinit_M.o [7]
__iar_ldexp64            0x800'12cd         Code  Gb  ldexp.o [7]
__iar_program_start      0x800'37a9         Code  Gb  cstartup_M.o [8]
__iar_scalbln64          0x800'12cd         Code  Gb  ldexp.o [7]
__iar_scalbn64           0x800'12cd         Code  Gb  ldexp.o [7]
__iar_small_Memset       0x800'287d         Code  Gb  ABImemset_small.o [8]
__iar_small_Memset_word
                         0x800'287d         Code  Gb  ABImemset_small.o [8]
__iar_small_memset       0x800'287d         Code  Gb  ABImemset_small.o [8]
__iar_small_strlen       0x800'10e1         Code  Gb  strlen_small.o [8]
__iar_small_uldivmod     0x800'1af1         Code  Gb  I64DivMod_small.o [8]
__iar_softfp___iar_frexp64
                         0x800'11f5         Code  Gb  frexp.o [7]
__iar_softfp_frexp       0x800'11f5         Code  Gb  frexp.o [7]
__iar_softfp_frexpl      0x800'11f5         Code  Gb  frexp.o [7]
__iar_zero_init3         0x800'367d   0x38  Code  Gb  zero_init3.o [8]
__low_level_init         0x800'3793    0x4  Code  Gb  low_level_init.o [6]
__vector_table           0x800'0000         Data  Gb  startup_stm32f407xx.o [4]
_call_main               0x800'3781         Code  Gb  cmain.o [8]
_ds3231_ui2c            0x2000'00e4    0x4  Data  Gb  ds3231.o [3]
_exit                    0x800'379d         Code  Gb  cexit.o [8]
abort                    0x800'1bf7    0x6  Code  Gb  abort.o [6]
exit                     0x800'3797    0x4  Code  Gb  exit.o [6]
getDataTime             0x2000'00ec    0x1  Data  Gb  main.o [2]
hi2c1                   0x2000'0048   0x54  Data  Gb  i2c.o [2]
huart1                  0x2000'009c   0x48  Data  Gb  usart.o [2]
initDs3231              0x2000'00ed    0x1  Data  Gb  main.o [2]
ldexp                    0x800'12cd         Code  Gb  ldexp.o [7]
ldexpl                   0x800'12cd         Code  Gb  ldexp.o [7]
localeconv               0x800'1ae9    0x4  Code  Gb  xlocale_c.o [6]
main                     0x800'26d9   0xba  Code  Gb  main.o [2]
memchr                   0x800'10f5         Code  Gb  memchr.o [8]
scalbln                  0x800'12cd         Code  Gb  ldexp.o [7]
scalblnl                 0x800'12cd         Code  Gb  ldexp.o [7]
scalbn                   0x800'12cd         Code  Gb  ldexp.o [7]
scalbnl                  0x800'12cd         Code  Gb  ldexp.o [7]
scale                    0x800'0f89   0x46  Code  Lc  xprintffull_nomb.o [6]
sec_hand                0x2000'00e8    0x4  Data  Lc  xfail_s.o [6]
sprintf                  0x800'3189   0x40  Code  Gb  sprintf.o [6]
strchr                   0x800'1081         Code  Gb  strchr.o [8]
timer                   0x2000'00ee    0x2  Data  Gb  stm32f4xx_it.o [2]
uwTick                  0x2000'0004    0x4  Data  Gb  stm32f4xx_hal.o [5]
uwTickFreq              0x2000'0000    0x1  Data  Gb  stm32f4xx_hal.o [5]
uwTickPrio              0x2000'0008    0x4  Data  Gb  stm32f4xx_hal.o [5]


[1] = C:\Users\Tohid Moosazadeh\Documents\STM32_Workplace\6-I2C\I2C_Ex3\EWARM\I2C_Ex3\Obj\CMSIS_6603591812247902717.dir
[2] = C:\Users\Tohid Moosazadeh\Documents\STM32_Workplace\6-I2C\I2C_Ex3\EWARM\I2C_Ex3\Obj\Core_13247989168731456611.dir
[3] = C:\Users\Tohid Moosazadeh\Documents\STM32_Workplace\6-I2C\I2C_Ex3\EWARM\I2C_Ex3\Obj\DS3231_6068955963233976105.dir
[4] = C:\Users\Tohid Moosazadeh\Documents\STM32_Workplace\6-I2C\I2C_Ex3\EWARM\I2C_Ex3\Obj\EWARM_18443280873093131863.dir
[5] = C:\Users\Tohid Moosazadeh\Documents\STM32_Workplace\6-I2C\I2C_Ex3\EWARM\I2C_Ex3\Obj\STM32F4xx_HAL_Driver_1244631019742807970.dir
[6] = dl7M_tlf.a
[7] = m7M_tls.a
[8] = rt7M_tl.a
[9] = shb_l.a

  14'453 bytes of readonly  code memory
     171 bytes of readonly  data memory
   1'264 bytes of readwrite data memory

Errors: none
Warnings: none
