###############################################################################
#
# IAR ELF Linker V9.60.3.422/W64 for ARM                  16/Jan/2025  14:28:14
# Copyright 2007-2024 IAR Systems AB.
#
#    Output file  =
#        C:\Users\Tohid
#        Moosazadeh\Documents\STM32_Workplace\4-UART\UART_Ex1\EWARM\UART_Ex1\Exe\UART_Ex1.out
#    Map file     =
#        C:\Users\Tohid
#        Moosazadeh\Documents\STM32_Workplace\4-UART\UART_Ex1\EWARM\UART_Ex1\List\UART_Ex1.map
#    Command line =
#        -f "C:\Users\Tohid
#        Moosazadeh\Documents\STM32_Workplace\4-UART\UART_Ex1\EWARM\UART_Ex1\Exe\UART_Ex1.out.rsp"
#        ("C:\Users\Tohid
#        Moosazadeh\Documents\STM32_Workplace\4-UART\UART_Ex1\EWARM\UART_Ex1\Obj\Core_13247989168731456611.dir\gpio.o"
#        "C:\Users\Tohid
#        Moosazadeh\Documents\STM32_Workplace\4-UART\UART_Ex1\EWARM\UART_Ex1\Obj\Core_13247989168731456611.dir\main.o"
#        "C:\Users\Tohid
#        Moosazadeh\Documents\STM32_Workplace\4-UART\UART_Ex1\EWARM\UART_Ex1\Obj\EWARM_18443280873093131863.dir\startup_stm32f407xx.o"
#        "C:\Users\Tohid
#        Moosazadeh\Documents\STM32_Workplace\4-UART\UART_Ex1\EWARM\UART_Ex1\Obj\STM32F4xx_HAL_Driver_1244631019742807970.dir\stm32f4xx_hal.o"
#        "C:\Users\Tohid
#        Moosazadeh\Documents\STM32_Workplace\4-UART\UART_Ex1\EWARM\UART_Ex1\Obj\STM32F4xx_HAL_Driver_1244631019742807970.dir\stm32f4xx_hal_cortex.o"
#        "C:\Users\Tohid
#        Moosazadeh\Documents\STM32_Workplace\4-UART\UART_Ex1\EWARM\UART_Ex1\Obj\STM32F4xx_HAL_Driver_1244631019742807970.dir\stm32f4xx_hal_dma.o"
#        "C:\Users\Tohid
#        Moosazadeh\Documents\STM32_Workplace\4-UART\UART_Ex1\EWARM\UART_Ex1\Obj\STM32F4xx_HAL_Driver_1244631019742807970.dir\stm32f4xx_hal_dma_ex.o"
#        "C:\Users\Tohid
#        Moosazadeh\Documents\STM32_Workplace\4-UART\UART_Ex1\EWARM\UART_Ex1\Obj\STM32F4xx_HAL_Driver_1244631019742807970.dir\stm32f4xx_hal_exti.o"
#        "C:\Users\Tohid
#        Moosazadeh\Documents\STM32_Workplace\4-UART\UART_Ex1\EWARM\UART_Ex1\Obj\STM32F4xx_HAL_Driver_1244631019742807970.dir\stm32f4xx_hal_flash.o"
#        "C:\Users\Tohid
#        Moosazadeh\Documents\STM32_Workplace\4-UART\UART_Ex1\EWARM\UART_Ex1\Obj\STM32F4xx_HAL_Driver_1244631019742807970.dir\stm32f4xx_hal_flash_ex.o"
#        "C:\Users\Tohid
#        Moosazadeh\Documents\STM32_Workplace\4-UART\UART_Ex1\EWARM\UART_Ex1\Obj\STM32F4xx_HAL_Driver_1244631019742807970.dir\stm32f4xx_hal_flash_ramfunc.o"
#        "C:\Users\Tohid
#        Moosazadeh\Documents\STM32_Workplace\4-UART\UART_Ex1\EWARM\UART_Ex1\Obj\STM32F4xx_HAL_Driver_1244631019742807970.dir\stm32f4xx_hal_gpio.o"
#        "C:\Users\Tohid
#        Moosazadeh\Documents\STM32_Workplace\4-UART\UART_Ex1\EWARM\UART_Ex1\Obj\Core_13247989168731456611.dir\stm32f4xx_hal_msp.o"
#        "C:\Users\Tohid
#        Moosazadeh\Documents\STM32_Workplace\4-UART\UART_Ex1\EWARM\UART_Ex1\Obj\STM32F4xx_HAL_Driver_1244631019742807970.dir\stm32f4xx_hal_pwr.o"
#        "C:\Users\Tohid
#        Moosazadeh\Documents\STM32_Workplace\4-UART\UART_Ex1\EWARM\UART_Ex1\Obj\STM32F4xx_HAL_Driver_1244631019742807970.dir\stm32f4xx_hal_pwr_ex.o"
#        "C:\Users\Tohid
#        Moosazadeh\Documents\STM32_Workplace\4-UART\UART_Ex1\EWARM\UART_Ex1\Obj\STM32F4xx_HAL_Driver_1244631019742807970.dir\stm32f4xx_hal_rcc.o"
#        "C:\Users\Tohid
#        Moosazadeh\Documents\STM32_Workplace\4-UART\UART_Ex1\EWARM\UART_Ex1\Obj\STM32F4xx_HAL_Driver_1244631019742807970.dir\stm32f4xx_hal_rcc_ex.o"
#        "C:\Users\Tohid
#        Moosazadeh\Documents\STM32_Workplace\4-UART\UART_Ex1\EWARM\UART_Ex1\Obj\STM32F4xx_HAL_Driver_1244631019742807970.dir\stm32f4xx_hal_uart.o"
#        "C:\Users\Tohid
#        Moosazadeh\Documents\STM32_Workplace\4-UART\UART_Ex1\EWARM\UART_Ex1\Obj\Core_13247989168731456611.dir\stm32f4xx_it.o"
#        "C:\Users\Tohid
#        Moosazadeh\Documents\STM32_Workplace\4-UART\UART_Ex1\EWARM\UART_Ex1\Obj\CMSIS_6603591812247902717.dir\system_stm32f4xx.o"
#        "C:\Users\Tohid
#        Moosazadeh\Documents\STM32_Workplace\4-UART\UART_Ex1\EWARM\UART_Ex1\Obj\Core_13247989168731456611.dir\usart.o"
#        --no_out_extension -o "C:\Users\Tohid
#        Moosazadeh\Documents\STM32_Workplace\4-UART\UART_Ex1\EWARM\UART_Ex1\Exe\UART_Ex1.out"
#        --redirect _Printf=_PrintfFullNoMb --redirect _Scanf=_ScanfFullNoMb
#        --map "C:\Users\Tohid
#        Moosazadeh\Documents\STM32_Workplace\4-UART\UART_Ex1\EWARM\UART_Ex1\List\UART_Ex1.map"
#        --config "C:\Users\Tohid
#        Moosazadeh\Documents\STM32_Workplace\4-UART\UART_Ex1\EWARM/stm32f407xx_flash.icf"
#        --semihosting --entry __iar_program_start --vfe --text_out locale
#        --cpu=Cortex-M4 --fpu=VFPv4_sp) --dependencies=n "C:\Users\Tohid
#        Moosazadeh\Documents\STM32_Workplace\4-UART\UART_Ex1\EWARM\UART_Ex1\Exe\UART_Ex1.out.iar_deps"
#
###############################################################################

*******************************************************************************
*** RUNTIME MODEL ATTRIBUTES
***

CppFlavor       = *
__CPP_Runtime   = 1
__SystemLibrary = DLib
__dlib_version  = 6


*******************************************************************************
*** HEAP SELECTION
***

The basic heap was selected because --advanced_heap
was not specified and the application did not appear to
be primarily optimized for speed.


*******************************************************************************
*** PLACEMENT SUMMARY
***

"A0":  place at address 0x800'0000 { ro section .intvec };
"P1":  place in [from 0x800'0000 to 0x80f'ffff] { ro };
define block CSTACK with size = 1K, alignment = 8 { };
define block HEAP with size = 512, alignment = 8 { };
"P2":  place in [from 0x2000'0000 to 0x2001'ffff] {
          rw, block CSTACK, block HEAP };
initialize by copy { rw };

  Section            Kind         Address  Alignment    Size  Object
  -------            ----         -------  ---------    ----  ------
"A0":                                                  0x188
  .intvec            ro code   0x800'0000          4   0x188  startup_stm32f407xx.o [3]
                             - 0x800'0188              0x188

"P1":                                                 0x2ae4
  .text              ro code   0x800'0188          4   0xece  xprintffull_nomb.o [5]
  .text              ro code   0x800'1056          2    0x2a  copy_init3.o [7]
  .text              ro code   0x800'1080          4    0x16  strchr.o [7]
  .text              ro code   0x800'1096          2     0xa  xsprout.o [5]
  .text              ro code   0x800'10a0          4    0x40  xfail_s.o [5]
  .text              ro code   0x800'10e0          4    0x14  strlen_small.o [7]
  .text              ro code   0x800'10f4          4    0x58  memchr.o [7]
  .text              ro code   0x800'114c          4    0xa6  ABImemcpy.o [7]
  .rodata            const     0x800'11f2          2     0x2  xlocale_c.o [5]
  .text              ro code   0x800'11f4          4    0x70  frexp.o [6]
  .text              ro code   0x800'1264          4    0x34  DblCmpLe.o [6]
  .text              ro code   0x800'1298          4    0x34  DblCmpGe.o [6]
  .text              ro code   0x800'12cc          4   0x13a  ldexp.o [6]
  .rodata            const     0x800'1406                0x1  xlocale_c.o [5]
  .text              ro code   0x800'1408          4    0x36  DblToS32.o [6]
  .text              ro code   0x800'1440          4    0x22  S32ToDbl.o [6]
  .text              ro code   0x800'1464          4   0x24e  DblAddSub.o [6]
  .text              ro code   0x800'16b4          4   0x246  DblDiv.o [6]
  .text              ro code   0x800'18fc          4    0x22  DblToU32.o [6]
  .text              ro code   0x800'1920          4    0x1c  U32ToDbl.o [6]
  .text              ro code   0x800'193c          4   0x1aa  DblMul.o [6]
  .text              ro code   0x800'1ae8          4     0x8  xlocale_c.o [5]
  .text              ro code   0x800'1af0          4   0x106  I64DivMod_small.o [7]
  .text              ro code   0x800'1bf6          2     0x6  abort.o [5]
  .text              ro code   0x800'1bfc          4     0x2  I64DivZer.o [7]
  .text              ro code   0x800'1c00          4    0x14  exit.o [8]
  .text              ro code   0x800'1c14          4   0x310  stm32f4xx_hal_rcc.o [4]
  .text              ro code   0x800'1f24          4     0xc  stm32f4xx_hal.o [4]
  .text              ro code   0x800'1f30          4   0x2d0  stm32f4xx_hal_uart.o [4]
  .text              ro code   0x800'2200          4    0xa8  usart.o [2]
  .text              ro code   0x800'22a8          4   0x14c  stm32f4xx_hal_rcc.o [4]
  .text              ro code   0x800'23f4          4   0x114  main.o [2]
  .text              ro code   0x800'2508          4    0x12  ABImemset_small.o [7]
  .text              ro code   0x800'251c          4   0x1ec  stm32f4xx_hal_gpio.o [4]
  .text              ro code   0x800'2708          4    0x60  stm32f4xx_hal_rcc.o [4]
  .text              ro code   0x800'2768          4    0x40  stm32f4xx_hal.o [4]
  .text              ro code   0x800'27a8          4    0x34  stm32f4xx_hal.o [4]
  .text              ro code   0x800'27dc          4    0x38  gpio.o [2]
  .text              ro code   0x800'2814          4    0x40  sprintf.o [5]
  .text              ro code   0x800'2854          4     0x6  ABImemclr4.o [7]
  .text              ro code   0x800'285c          4    0xa0  stm32f4xx_hal_cortex.o [4]
  .text              ro code   0x800'28fc          4    0x38  stm32f4xx_hal_msp.o [2]
  .text              ro code   0x800'2934          4    0x32  ABImemset48.o [7]
  Initializer bytes  const     0x800'2968          4    0x48  <for P2-1>
  .text              ro code   0x800'29b0          4    0x38  stm32f4xx_it.o [2]
  .text              ro code   0x800'29e8          4    0x10  stm32f4xx_hal.o [4]
  .text              ro code   0x800'29f8          2    0x38  zero_init3.o [7]
  .text              ro code   0x800'2a30          4    0x28  data_init.o [7]
  .text              ro code   0x800'2a58          4    0x22  fpinit_M.o [6]
  .iar.init_table    const     0x800'2a7c          4    0x24  - Linker created -
  .text              ro code   0x800'2aa0          4    0x20  system_stm32f4xx.o [1]
  .text              ro code   0x800'2ac0          4    0x1e  cmain.o [7]
  .text              ro code   0x800'2ade          2     0x4  low_level_init.o [5]
  .text              ro code   0x800'2ae2          2     0x4  exit.o [5]
  .text              ro code   0x800'2ae8          4     0xa  cexit.o [7]
  .text              ro code   0x800'2af4          4    0x1c  cstartup_M.o [7]
  .text              ro code   0x800'2b10          4    0x10  startup_stm32f407xx.o [3]
  .rodata            const     0x800'2b20          4     0x8  system_stm32f4xx.o [1]
  .text              ro code   0x800'2b28          2     0x4  startup_stm32f407xx.o [3]
  .text              ro code   0x800'2b2c          2     0x4  startup_stm32f407xx.o [3]
  .text              ro code   0x800'2b30          2     0x4  startup_stm32f407xx.o [3]
  .text              ro code   0x800'2b34          2     0x4  startup_stm32f407xx.o [3]
  .text              ro code   0x800'2b38          2     0x4  startup_stm32f407xx.o [3]
  .text              ro code   0x800'2b3c          2     0x4  startup_stm32f407xx.o [3]
  .text              ro code   0x800'2b40          2     0x4  startup_stm32f407xx.o [3]
  .text              ro code   0x800'2b44          2     0x4  startup_stm32f407xx.o [3]
  .text              ro code   0x800'2b48          2     0x4  startup_stm32f407xx.o [3]
  .text              ro code   0x800'2b4c          2     0x4  startup_stm32f407xx.o [3]
  .text              ro code   0x800'2b50          2     0x4  startup_stm32f407xx.o [3]
  .text              ro code   0x800'2b54          2     0x4  startup_stm32f407xx.o [3]
  .text              ro code   0x800'2b58          2     0x4  startup_stm32f407xx.o [3]
  .text              ro code   0x800'2b5c          2     0x4  startup_stm32f407xx.o [3]
  .text              ro code   0x800'2b60          2     0x4  startup_stm32f407xx.o [3]
  .text              ro code   0x800'2b64          2     0x4  startup_stm32f407xx.o [3]
  .text              ro code   0x800'2b68          2     0x4  startup_stm32f407xx.o [3]
  .text              ro code   0x800'2b6c          2     0x4  startup_stm32f407xx.o [3]
  .text              ro code   0x800'2b70          2     0x4  startup_stm32f407xx.o [3]
  .text              ro code   0x800'2b74          2     0x4  startup_stm32f407xx.o [3]
  .text              ro code   0x800'2b78          2     0x4  startup_stm32f407xx.o [3]
  .text              ro code   0x800'2b7c          2     0x4  startup_stm32f407xx.o [3]
  .text              ro code   0x800'2b80          2     0x4  startup_stm32f407xx.o [3]
  .text              ro code   0x800'2b84          2     0x4  startup_stm32f407xx.o [3]
  .text              ro code   0x800'2b88          2     0x4  startup_stm32f407xx.o [3]
  .text              ro code   0x800'2b8c          2     0x4  startup_stm32f407xx.o [3]
  .text              ro code   0x800'2b90          2     0x4  startup_stm32f407xx.o [3]
  .text              ro code   0x800'2b94          2     0x4  startup_stm32f407xx.o [3]
  .text              ro code   0x800'2b98          2     0x4  startup_stm32f407xx.o [3]
  .text              ro code   0x800'2b9c          2     0x4  startup_stm32f407xx.o [3]
  .text              ro code   0x800'2ba0          2     0x4  startup_stm32f407xx.o [3]
  .text              ro code   0x800'2ba4          2     0x4  startup_stm32f407xx.o [3]
  .text              ro code   0x800'2ba8          2     0x4  startup_stm32f407xx.o [3]
  .text              ro code   0x800'2bac          2     0x4  startup_stm32f407xx.o [3]
  .text              ro code   0x800'2bb0          2     0x4  startup_stm32f407xx.o [3]
  .text              ro code   0x800'2bb4          2     0x4  startup_stm32f407xx.o [3]
  .text              ro code   0x800'2bb8          2     0x4  startup_stm32f407xx.o [3]
  .text              ro code   0x800'2bbc          2     0x4  startup_stm32f407xx.o [3]
  .text              ro code   0x800'2bc0          2     0x4  startup_stm32f407xx.o [3]
  .text              ro code   0x800'2bc4          2     0x4  startup_stm32f407xx.o [3]
  .text              ro code   0x800'2bc8          2     0x4  startup_stm32f407xx.o [3]
  .text              ro code   0x800'2bcc          2     0x4  startup_stm32f407xx.o [3]
  .text              ro code   0x800'2bd0          2     0x4  startup_stm32f407xx.o [3]
  .text              ro code   0x800'2bd4          2     0x4  startup_stm32f407xx.o [3]
  .text              ro code   0x800'2bd8          2     0x4  startup_stm32f407xx.o [3]
  .text              ro code   0x800'2bdc          2     0x4  startup_stm32f407xx.o [3]
  .text              ro code   0x800'2be0          2     0x4  startup_stm32f407xx.o [3]
  .text              ro code   0x800'2be4          2     0x4  startup_stm32f407xx.o [3]
  .text              ro code   0x800'2be8          2     0x4  startup_stm32f407xx.o [3]
  .text              ro code   0x800'2bec          2     0x4  startup_stm32f407xx.o [3]
  .text              ro code   0x800'2bf0          2     0x4  startup_stm32f407xx.o [3]
  .text              ro code   0x800'2bf4          2     0x4  startup_stm32f407xx.o [3]
  .text              ro code   0x800'2bf8          2     0x4  startup_stm32f407xx.o [3]
  .text              ro code   0x800'2bfc          2     0x4  startup_stm32f407xx.o [3]
  .text              ro code   0x800'2c00          2     0x4  startup_stm32f407xx.o [3]
  .text              ro code   0x800'2c04          2     0x4  startup_stm32f407xx.o [3]
  .text              ro code   0x800'2c08          2     0x4  startup_stm32f407xx.o [3]
  .text              ro code   0x800'2c0c          2     0x4  startup_stm32f407xx.o [3]
  .text              ro code   0x800'2c10          2     0x4  startup_stm32f407xx.o [3]
  .text              ro code   0x800'2c14          2     0x4  startup_stm32f407xx.o [3]
  .text              ro code   0x800'2c18          2     0x4  startup_stm32f407xx.o [3]
  .text              ro code   0x800'2c1c          2     0x4  startup_stm32f407xx.o [3]
  .text              ro code   0x800'2c20          2     0x4  startup_stm32f407xx.o [3]
  .text              ro code   0x800'2c24          2     0x4  startup_stm32f407xx.o [3]
  .text              ro code   0x800'2c28          2     0x4  startup_stm32f407xx.o [3]
  .text              ro code   0x800'2c2c          2     0x4  startup_stm32f407xx.o [3]
  .text              ro code   0x800'2c30          2     0x4  startup_stm32f407xx.o [3]
  .text              ro code   0x800'2c34          2     0x4  startup_stm32f407xx.o [3]
  .text              ro code   0x800'2c38          2     0x4  startup_stm32f407xx.o [3]
  .text              ro code   0x800'2c3c          2     0x4  startup_stm32f407xx.o [3]
  .text              ro code   0x800'2c40          2     0x4  startup_stm32f407xx.o [3]
  .text              ro code   0x800'2c44          2     0x4  startup_stm32f407xx.o [3]
  .text              ro code   0x800'2c48          2     0x4  startup_stm32f407xx.o [3]
  .text              ro code   0x800'2c4c          2     0x4  startup_stm32f407xx.o [3]
  .text              ro code   0x800'2c50          2     0x4  startup_stm32f407xx.o [3]
  .text              ro code   0x800'2c54          2     0x4  startup_stm32f407xx.o [3]
  .text              ro code   0x800'2c58          2     0x4  startup_stm32f407xx.o [3]
  .text              ro code   0x800'2c5c          2     0x4  startup_stm32f407xx.o [3]
  .text              ro code   0x800'2c60          2     0x4  startup_stm32f407xx.o [3]
  .text              ro code   0x800'2c64          2     0x4  startup_stm32f407xx.o [3]
  .text              ro code   0x800'2c68          2     0x4  startup_stm32f407xx.o [3]
  .rodata            const     0x800'2c6c                0x0  zero_init3.o [7]
  .rodata            const     0x800'2c6c                0x0  copy_init3.o [7]
                             - 0x800'2c6c             0x2ae4

"P2", part 1 of 3:                                      0x48
  P2-1                        0x2000'0000          4    0x48  <Init block>
    .data            inited   0x2000'0000          4     0xc  stm32f4xx_hal.o [4]
    .data            inited   0x2000'000c          4     0x4  system_stm32f4xx.o [1]
    .data            inited   0x2000'0010          4    0x38  xlocale_c.o [5]
                            - 0x2000'0048               0x48

"P2", part 2 of 3:                                      0x50
  .bss               zero     0x2000'0048          4    0x48  usart.o [2]
  .bss               zero     0x2000'0090          4     0x4  xfail_s.o [5]
  .bss               zero     0x2000'0094          2     0x2  stm32f4xx_it.o [2]
  .bss               zero     0x2000'0096                0x1  main.o [2]
                            - 0x2000'0097               0x4f

"P2", part 3 of 3:                                     0x400
  CSTACK                      0x2000'0098          8   0x400  <Block>
    CSTACK           uninit   0x2000'0098              0x400  <Block tail>
                            - 0x2000'0498              0x400

Unused ranges:

         From           To      Size
         ----           --      ----
   0x800'2c6c   0x80f'ffff  0xf'd394
  0x2000'0498  0x2001'ffff  0x1'fb68


*******************************************************************************
*** INIT TABLE
***

          Address      Size
          -------      ----
Zero (__iar_zero_init3)
    1 destination range, total size 0x4f:
          0x2000'0048  0x4f

Copy (__iar_copy_init3)
    1 source range, total size 0x48:
           0x800'2968  0x48
    1 destination range, total size 0x48:
          0x2000'0000  0x48



*******************************************************************************
*** MODULE SUMMARY
***

    Module                  ro code  ro data  rw data
    ------                  -------  -------  -------
command line/config:
    -------------------------------------------------
    Total:

C:\Users\Tohid Moosazadeh\Documents\STM32_Workplace\4-UART\UART_Ex1\EWARM\UART_Ex1\Obj\CMSIS_6603591812247902717.dir: [1]
    system_stm32f4xx.o           32       12        4
    -------------------------------------------------
    Total:                       32       12        4

C:\Users\Tohid Moosazadeh\Documents\STM32_Workplace\4-UART\UART_Ex1\EWARM\UART_Ex1\Obj\Core_13247989168731456611.dir: [2]
    gpio.o                       56
    main.o                      276                 1
    stm32f4xx_hal_msp.o          56
    stm32f4xx_it.o               56                 2
    usart.o                     168                72
    -------------------------------------------------
    Total:                      612                75

C:\Users\Tohid Moosazadeh\Documents\STM32_Workplace\4-UART\UART_Ex1\EWARM\UART_Ex1\Obj\EWARM_18443280873093131863.dir: [3]
    startup_stm32f407xx.o       732
    -------------------------------------------------
    Total:                      732

C:\Users\Tohid Moosazadeh\Documents\STM32_Workplace\4-UART\UART_Ex1\EWARM\UART_Ex1\Obj\STM32F4xx_HAL_Driver_1244631019742807970.dir: [4]
    stm32f4xx_hal.o             144       12       12
    stm32f4xx_hal_cortex.o      160
    stm32f4xx_hal_gpio.o        492
    stm32f4xx_hal_rcc.o       1'212
    stm32f4xx_hal_uart.o        720
    -------------------------------------------------
    Total:                    2'728       12       12

dl7M_tlf.a: [5]
    abort.o                       6
    exit.o                        4
    low_level_init.o              4
    sprintf.o                    64
    xfail_s.o                    64                 4
    xlocale_c.o                   8       59       56
    xprintffull_nomb.o        3'790
    xsprout.o                    10
    -------------------------------------------------
    Total:                    3'950       59       60

m7M_tls.a: [6]
    DblAddSub.o                 590
    DblCmpGe.o                   52
    DblCmpLe.o                   52
    DblDiv.o                    582
    DblMul.o                    426
    DblToS32.o                   54
    DblToU32.o                   34
    S32ToDbl.o                   34
    U32ToDbl.o                   28
    fpinit_M.o                   34
    frexp.o                     112
    ldexp.o                     314
    -------------------------------------------------
    Total:                    2'312

rt7M_tl.a: [7]
    ABImemclr4.o                  6
    ABImemcpy.o                 166
    ABImemset48.o                50
    ABImemset_small.o            18
    I64DivMod_small.o           262
    I64DivZer.o                   2
    cexit.o                      10
    cmain.o                      30
    copy_init3.o                 42
    cstartup_M.o                 28
    data_init.o                  40
    memchr.o                     88
    strchr.o                     22
    strlen_small.o               20
    zero_init3.o                 56
    -------------------------------------------------
    Total:                      840

shb_l.a: [8]
    exit.o                       20
    -------------------------------------------------
    Total:                       20

    Gaps                         23        2
    Linker created                        38    1'024
-----------------------------------------------------
    Grand Total:             11'249      123    1'175


*******************************************************************************
*** ENTRY LIST
***

Entry                       Address   Size  Type      Object
-----                       -------   ----  ----      ------
.iar.init_table$$Base    0x800'2a7c          --   Gb  - Linker created -
.iar.init_table$$Limit   0x800'2aa0          --   Gb  - Linker created -
?main                    0x800'2ac1         Code  Gb  cmain.o [7]
ADC_IRQHandler           0x800'2b71         Code  Wk  startup_stm32f407xx.o [3]
AHBPrescTable            0x800'2ab0   0x10  Data  Gb  system_stm32f4xx.o [1]
APBPrescTable            0x800'2b20    0x8  Data  Gb  system_stm32f4xx.o [1]
BusFault_Handler         0x800'29b7    0x2  Code  Gb  stm32f4xx_it.o [2]
CAN1_RX0_IRQHandler      0x800'2b79         Code  Wk  startup_stm32f407xx.o [3]
CAN1_RX1_IRQHandler      0x800'2b7d         Code  Wk  startup_stm32f407xx.o [3]
CAN1_SCE_IRQHandler      0x800'2b81         Code  Wk  startup_stm32f407xx.o [3]
CAN1_TX_IRQHandler       0x800'2b75         Code  Wk  startup_stm32f407xx.o [3]
CAN2_RX0_IRQHandler      0x800'2c29         Code  Wk  startup_stm32f407xx.o [3]
CAN2_RX1_IRQHandler      0x800'2c2d         Code  Wk  startup_stm32f407xx.o [3]
CAN2_SCE_IRQHandler      0x800'2c31         Code  Wk  startup_stm32f407xx.o [3]
CAN2_TX_IRQHandler       0x800'2c25         Code  Wk  startup_stm32f407xx.o [3]
CSTACK$$Base            0x2000'0098          --   Gb  - Linker created -
CSTACK$$Limit           0x2000'0498          --   Gb  - Linker created -
DCMI_IRQHandler          0x800'2c61         Code  Wk  startup_stm32f407xx.o [3]
DMA1_Stream0_IRQHandler
                         0x800'2b55         Code  Wk  startup_stm32f407xx.o [3]
DMA1_Stream1_IRQHandler
                         0x800'2b59         Code  Wk  startup_stm32f407xx.o [3]
DMA1_Stream2_IRQHandler
                         0x800'2b5d         Code  Wk  startup_stm32f407xx.o [3]
DMA1_Stream3_IRQHandler
                         0x800'2b61         Code  Wk  startup_stm32f407xx.o [3]
DMA1_Stream4_IRQHandler
                         0x800'2b65         Code  Wk  startup_stm32f407xx.o [3]
DMA1_Stream5_IRQHandler
                         0x800'2b69         Code  Wk  startup_stm32f407xx.o [3]
DMA1_Stream6_IRQHandler
                         0x800'2b6d         Code  Wk  startup_stm32f407xx.o [3]
DMA1_Stream7_IRQHandler
                         0x800'2be5         Code  Wk  startup_stm32f407xx.o [3]
DMA2_Stream0_IRQHandler
                         0x800'2c09         Code  Wk  startup_stm32f407xx.o [3]
DMA2_Stream1_IRQHandler
                         0x800'2c0d         Code  Wk  startup_stm32f407xx.o [3]
DMA2_Stream2_IRQHandler
                         0x800'2c11         Code  Wk  startup_stm32f407xx.o [3]
DMA2_Stream3_IRQHandler
                         0x800'2c15         Code  Wk  startup_stm32f407xx.o [3]
DMA2_Stream4_IRQHandler
                         0x800'2c19         Code  Wk  startup_stm32f407xx.o [3]
DMA2_Stream5_IRQHandler
                         0x800'2c39         Code  Wk  startup_stm32f407xx.o [3]
DMA2_Stream6_IRQHandler
                         0x800'2c3d         Code  Wk  startup_stm32f407xx.o [3]
DMA2_Stream7_IRQHandler
                         0x800'2c41         Code  Wk  startup_stm32f407xx.o [3]
DebugMon_Handler         0x800'29bd    0x2  Code  Gb  stm32f4xx_it.o [2]
ETH_IRQHandler           0x800'2c1d         Code  Wk  startup_stm32f407xx.o [3]
ETH_WKUP_IRQHandler      0x800'2c21         Code  Wk  startup_stm32f407xx.o [3]
EXTI0_IRQHandler         0x800'2b41         Code  Wk  startup_stm32f407xx.o [3]
EXTI15_10_IRQHandler     0x800'2bc9         Code  Wk  startup_stm32f407xx.o [3]
EXTI1_IRQHandler         0x800'2b45         Code  Wk  startup_stm32f407xx.o [3]
EXTI2_IRQHandler         0x800'2b49         Code  Wk  startup_stm32f407xx.o [3]
EXTI3_IRQHandler         0x800'2b4d         Code  Wk  startup_stm32f407xx.o [3]
EXTI4_IRQHandler         0x800'2b51         Code  Wk  startup_stm32f407xx.o [3]
EXTI9_5_IRQHandler       0x800'2b85         Code  Wk  startup_stm32f407xx.o [3]
Error_Handler            0x800'24e9    0x4  Code  Gb  main.o [2]
FLASH_IRQHandler         0x800'2b39         Code  Wk  startup_stm32f407xx.o [3]
FPU_IRQHandler           0x800'2c69         Code  Wk  startup_stm32f407xx.o [3]
FSMC_IRQHandler          0x800'2be9         Code  Wk  startup_stm32f407xx.o [3]
HAL_GPIO_Init            0x800'251d  0x1be  Code  Gb  stm32f4xx_hal_gpio.o [4]
HAL_GetTick              0x800'1f25    0xc  Code  Wk  stm32f4xx_hal.o [4]
HAL_IncTick              0x800'29e9   0x10  Code  Wk  stm32f4xx_hal.o [4]
HAL_Init                 0x800'27a9   0x30  Code  Gb  stm32f4xx_hal.o [4]
HAL_InitTick             0x800'2769   0x40  Code  Wk  stm32f4xx_hal.o [4]
HAL_MspInit              0x800'28fd   0x38  Code  Gb  stm32f4xx_hal_msp.o [2]
HAL_NVIC_SetPriority     0x800'288b   0x3a  Code  Gb  stm32f4xx_hal_cortex.o [4]
HAL_NVIC_SetPriorityGrouping
                         0x800'2877   0x14  Code  Gb  stm32f4xx_hal_cortex.o [4]
HAL_RCC_ClockConfig      0x800'22a9  0x100  Code  Gb  stm32f4xx_hal_rcc.o [4]
HAL_RCC_GetPCLK1Freq     0x800'23b5   0x10  Code  Gb  stm32f4xx_hal_rcc.o [4]
HAL_RCC_GetPCLK2Freq     0x800'23c5    0xe  Code  Gb  stm32f4xx_hal_rcc.o [4]
HAL_RCC_GetSysClockFreq
                         0x800'2709   0x60  Code  Wk  stm32f4xx_hal_rcc.o [4]
HAL_RCC_OscConfig        0x800'1c15  0x310  Code  Wk  stm32f4xx_hal_rcc.o [4]
HAL_SYSTICK_Config       0x800'28c5   0x22  Code  Gb  stm32f4xx_hal_cortex.o [4]
HAL_UART_Init            0x800'1f31   0x20  Code  Gb  stm32f4xx_hal_uart.o [4]
HAL_UART_MspInit         0x800'222f   0x68  Code  Gb  usart.o [2]
HAL_UART_Transmit        0x800'1fa9   0x9c  Code  Gb  stm32f4xx_hal_uart.o [4]
HASH_RNG_IRQHandler      0x800'2c65         Code  Wk  startup_stm32f407xx.o [3]
HardFault_Handler        0x800'29b3    0x2  Code  Gb  stm32f4xx_it.o [2]
I2C1_ER_IRQHandler       0x800'2ba9         Code  Wk  startup_stm32f407xx.o [3]
I2C1_EV_IRQHandler       0x800'2ba5         Code  Wk  startup_stm32f407xx.o [3]
I2C2_ER_IRQHandler       0x800'2bb1         Code  Wk  startup_stm32f407xx.o [3]
I2C2_EV_IRQHandler       0x800'2bad         Code  Wk  startup_stm32f407xx.o [3]
I2C3_ER_IRQHandler       0x800'2c4d         Code  Wk  startup_stm32f407xx.o [3]
I2C3_EV_IRQHandler       0x800'2c49         Code  Wk  startup_stm32f407xx.o [3]
MX_GPIO_Init             0x800'27dd   0x38  Code  Gb  gpio.o [2]
MX_USART1_UART_Init      0x800'2201   0x2e  Code  Gb  usart.o [2]
MemManage_Handler        0x800'29b5    0x2  Code  Gb  stm32f4xx_it.o [2]
NMI_Handler              0x800'29b1    0x2  Code  Gb  stm32f4xx_it.o [2]
OTG_FS_IRQHandler        0x800'2c35         Code  Wk  startup_stm32f407xx.o [3]
OTG_FS_WKUP_IRQHandler   0x800'2bd1         Code  Wk  startup_stm32f407xx.o [3]
OTG_HS_EP1_IN_IRQHandler
                         0x800'2c55         Code  Wk  startup_stm32f407xx.o [3]
OTG_HS_EP1_OUT_IRQHandler
                         0x800'2c51         Code  Wk  startup_stm32f407xx.o [3]
OTG_HS_IRQHandler        0x800'2c5d         Code  Wk  startup_stm32f407xx.o [3]
OTG_HS_WKUP_IRQHandler   0x800'2c59         Code  Wk  startup_stm32f407xx.o [3]
PVD_IRQHandler           0x800'2b2d         Code  Wk  startup_stm32f407xx.o [3]
PendSV_Handler           0x800'29bf    0x2  Code  Gb  stm32f4xx_it.o [2]
RCC_IRQHandler           0x800'2b3d         Code  Wk  startup_stm32f407xx.o [3]
RTC_Alarm_IRQHandler     0x800'2bcd         Code  Wk  startup_stm32f407xx.o [3]
RTC_WKUP_IRQHandler      0x800'2b35         Code  Wk  startup_stm32f407xx.o [3]
Region$$Table$$Base      0x800'2a7c          --   Gb  - Linker created -
Region$$Table$$Limit     0x800'2aa0          --   Gb  - Linker created -
Reset_Handler            0x800'2b11         Code  Wk  startup_stm32f407xx.o [3]
SDIO_IRQHandler          0x800'2bed         Code  Wk  startup_stm32f407xx.o [3]
SPI1_IRQHandler          0x800'2bb5         Code  Wk  startup_stm32f407xx.o [3]
SPI2_IRQHandler          0x800'2bb9         Code  Wk  startup_stm32f407xx.o [3]
SPI3_IRQHandler          0x800'2bf5         Code  Wk  startup_stm32f407xx.o [3]
SVC_Handler              0x800'29bb    0x2  Code  Gb  stm32f4xx_it.o [2]
SysTick_Handler          0x800'29c1   0x20  Code  Gb  stm32f4xx_it.o [2]
SystemClock_Config       0x800'2443   0x96  Code  Gb  main.o [2]
SystemCoreClock         0x2000'000c    0x4  Data  Gb  system_stm32f4xx.o [1]
SystemInit               0x800'2aa1    0xc  Code  Gb  system_stm32f4xx.o [1]
TAMP_STAMP_IRQHandler    0x800'2b31         Code  Wk  startup_stm32f407xx.o [3]
TIM1_BRK_TIM9_IRQHandler
                         0x800'2b89         Code  Wk  startup_stm32f407xx.o [3]
TIM1_CC_IRQHandler       0x800'2b95         Code  Wk  startup_stm32f407xx.o [3]
TIM1_TRG_COM_TIM11_IRQHandler
                         0x800'2b91         Code  Wk  startup_stm32f407xx.o [3]
TIM1_UP_TIM10_IRQHandler
                         0x800'2b8d         Code  Wk  startup_stm32f407xx.o [3]
TIM2_IRQHandler          0x800'2b99         Code  Wk  startup_stm32f407xx.o [3]
TIM3_IRQHandler          0x800'2b9d         Code  Wk  startup_stm32f407xx.o [3]
TIM4_IRQHandler          0x800'2ba1         Code  Wk  startup_stm32f407xx.o [3]
TIM5_IRQHandler          0x800'2bf1         Code  Wk  startup_stm32f407xx.o [3]
TIM6_DAC_IRQHandler      0x800'2c01         Code  Wk  startup_stm32f407xx.o [3]
TIM7_IRQHandler          0x800'2c05         Code  Wk  startup_stm32f407xx.o [3]
TIM8_BRK_TIM12_IRQHandler
                         0x800'2bd5         Code  Wk  startup_stm32f407xx.o [3]
TIM8_CC_IRQHandler       0x800'2be1         Code  Wk  startup_stm32f407xx.o [3]
TIM8_TRG_COM_TIM14_IRQHandler
                         0x800'2bdd         Code  Wk  startup_stm32f407xx.o [3]
TIM8_UP_TIM13_IRQHandler
                         0x800'2bd9         Code  Wk  startup_stm32f407xx.o [3]
UART4_IRQHandler         0x800'2bf9         Code  Wk  startup_stm32f407xx.o [3]
UART5_IRQHandler         0x800'2bfd         Code  Wk  startup_stm32f407xx.o [3]
UART_EndRxTransfer       0x800'2101   0x36  Code  Lc  stm32f4xx_hal_uart.o [4]
UART_SetConfig           0x800'2139   0xb0  Code  Lc  stm32f4xx_hal_uart.o [4]
UART_WaitOnFlagUntilTimeout
                         0x800'2087   0x7a  Code  Lc  stm32f4xx_hal_uart.o [4]
USART1_IRQHandler        0x800'2bbd         Code  Wk  startup_stm32f407xx.o [3]
USART2_IRQHandler        0x800'2bc1         Code  Wk  startup_stm32f407xx.o [3]
USART3_IRQHandler        0x800'2bc5         Code  Wk  startup_stm32f407xx.o [3]
USART6_IRQHandler        0x800'2c45         Code  Wk  startup_stm32f407xx.o [3]
UsageFault_Handler       0x800'29b9    0x2  Code  Gb  stm32f4xx_it.o [2]
WWDG_IRQHandler          0x800'2b29         Code  Wk  startup_stm32f407xx.o [3]
_LC                      0x800'0189    0x6  Code  Lc  xprintffull_nomb.o [5]
_LitobFullNoMb           0x800'0e75  0x114  Code  Lc  xprintffull_nomb.o [5]
_Locale_lconv           0x2000'0010   0x38  Data  Lc  xlocale_c.o [5]
_PrintfFullNoMb          0x800'018f  0xcb8  Code  Gb  xprintffull_nomb.o [5]
_PutcharsFullNoMb        0x800'0fe1   0x2e  Code  Lc  xprintffull_nomb.o [5]
_SProut                  0x800'1097    0xa  Code  Gb  xsprout.o [5]
__NVIC_SetPriority       0x800'285d   0x1a  Code  Lc  stm32f4xx_hal_cortex.o [4]
__aeabi_cdcmple          0x800'1265         Code  Gb  DblCmpLe.o [6]
__aeabi_cdrcmple         0x800'1299         Code  Gb  DblCmpGe.o [6]
__aeabi_d2iz             0x800'1409         Code  Gb  DblToS32.o [6]
__aeabi_d2uiz            0x800'18fd         Code  Gb  DblToU32.o [6]
__aeabi_ddiv             0x800'16b5         Code  Gb  DblDiv.o [6]
__aeabi_dmul             0x800'193d         Code  Gb  DblMul.o [6]
__aeabi_dsub             0x800'15d1         Code  Gb  DblAddSub.o [6]
__aeabi_i2d              0x800'1441         Code  Gb  S32ToDbl.o [6]
__aeabi_ldiv0            0x800'1bfd         Code  Gb  I64DivZer.o [7]
__aeabi_memclr4          0x800'2855         Code  Gb  ABImemclr4.o [7]
__aeabi_memcpy           0x800'114d         Code  Gb  ABImemcpy.o [7]
__aeabi_memcpy4          0x800'116d         Code  Gb  ABImemcpy.o [7]
__aeabi_memcpy8          0x800'116d         Code  Gb  ABImemcpy.o [7]
__aeabi_ui2d             0x800'1921         Code  Gb  U32ToDbl.o [6]
__cmain                  0x800'2ac1         Code  Gb  cmain.o [7]
__exit                   0x800'1c01   0x14  Code  Gb  exit.o [8]
__iar_Fail_s             0x800'10a1   0x1c  Code  Gb  xfail_s.o [5]
__iar_Memchr             0x800'10f5         Code  Gb  memchr.o [7]
__iar_Memset4_word       0x800'2935         Code  Gb  ABImemset48.o [7]
__iar_Memset8_word       0x800'2935         Code  Gb  ABImemset48.o [7]
__iar_Strchr             0x800'1081         Code  Gb  strchr.o [7]
__iar_copy_init3         0x800'1057   0x2a  Code  Gb  copy_init3.o [7]
__iar_data_init3         0x800'2a31   0x28  Code  Gb  data_init.o [7]
__iar_frexp              0x800'1201         Code  Gb  frexp.o [6]
__iar_frexpl             0x800'1201         Code  Gb  frexp.o [6]
__iar_init_vfp           0x800'2a59         Code  Gb  fpinit_M.o [6]
__iar_ldexp64            0x800'12cd         Code  Gb  ldexp.o [6]
__iar_program_start      0x800'2af5         Code  Gb  cstartup_M.o [7]
__iar_scalbln64          0x800'12cd         Code  Gb  ldexp.o [6]
__iar_scalbn64           0x800'12cd         Code  Gb  ldexp.o [6]
__iar_small_Memset       0x800'2509         Code  Gb  ABImemset_small.o [7]
__iar_small_Memset_word
                         0x800'2509         Code  Gb  ABImemset_small.o [7]
__iar_small_memset       0x800'2509         Code  Gb  ABImemset_small.o [7]
__iar_small_strlen       0x800'10e1         Code  Gb  strlen_small.o [7]
__iar_small_uldivmod     0x800'1af1         Code  Gb  I64DivMod_small.o [7]
__iar_softfp___iar_frexp64
                         0x800'11f5         Code  Gb  frexp.o [6]
__iar_softfp_frexp       0x800'11f5         Code  Gb  frexp.o [6]
__iar_softfp_frexpl      0x800'11f5         Code  Gb  frexp.o [6]
__iar_zero_init3         0x800'29f9   0x38  Code  Gb  zero_init3.o [7]
__low_level_init         0x800'2adf    0x4  Code  Gb  low_level_init.o [5]
__vector_table           0x800'0000         Data  Gb  startup_stm32f407xx.o [3]
_call_main               0x800'2acd         Code  Gb  cmain.o [7]
_exit                    0x800'2ae9         Code  Gb  cexit.o [7]
abort                    0x800'1bf7    0x6  Code  Gb  abort.o [5]
exit                     0x800'2ae3    0x4  Code  Gb  exit.o [5]
huart1                  0x2000'0048   0x48  Data  Gb  usart.o [2]
ldexp                    0x800'12cd         Code  Gb  ldexp.o [6]
ldexpl                   0x800'12cd         Code  Gb  ldexp.o [6]
localeconv               0x800'1ae9    0x4  Code  Gb  xlocale_c.o [5]
main                     0x800'23f5   0x4e  Code  Gb  main.o [2]
memchr                   0x800'10f5         Code  Gb  memchr.o [7]
scalbln                  0x800'12cd         Code  Gb  ldexp.o [6]
scalblnl                 0x800'12cd         Code  Gb  ldexp.o [6]
scalbn                   0x800'12cd         Code  Gb  ldexp.o [6]
scalbnl                  0x800'12cd         Code  Gb  ldexp.o [6]
scale                    0x800'0f89   0x46  Code  Lc  xprintffull_nomb.o [5]
sec_hand                0x2000'0090    0x4  Data  Lc  xfail_s.o [5]
sprintf                  0x800'2815   0x40  Code  Gb  sprintf.o [5]
strchr                   0x800'1081         Code  Gb  strchr.o [7]
uartTx                  0x2000'0096    0x1  Data  Gb  main.o [2]
uartTx_timer            0x2000'0094    0x2  Data  Gb  stm32f4xx_it.o [2]
uwTick                  0x2000'0004    0x4  Data  Gb  stm32f4xx_hal.o [4]
uwTickFreq              0x2000'0000    0x1  Data  Gb  stm32f4xx_hal.o [4]
uwTickPrio              0x2000'0008    0x4  Data  Gb  stm32f4xx_hal.o [4]


[1] = C:\Users\Tohid Moosazadeh\Documents\STM32_Workplace\4-UART\UART_Ex1\EWARM\UART_Ex1\Obj\CMSIS_6603591812247902717.dir
[2] = C:\Users\Tohid Moosazadeh\Documents\STM32_Workplace\4-UART\UART_Ex1\EWARM\UART_Ex1\Obj\Core_13247989168731456611.dir
[3] = C:\Users\Tohid Moosazadeh\Documents\STM32_Workplace\4-UART\UART_Ex1\EWARM\UART_Ex1\Obj\EWARM_18443280873093131863.dir
[4] = C:\Users\Tohid Moosazadeh\Documents\STM32_Workplace\4-UART\UART_Ex1\EWARM\UART_Ex1\Obj\STM32F4xx_HAL_Driver_1244631019742807970.dir
[5] = dl7M_tlf.a
[6] = m7M_tls.a
[7] = rt7M_tl.a
[8] = shb_l.a

  11'249 bytes of readonly  code memory
     123 bytes of readonly  data memory
   1'175 bytes of readwrite data memory

Errors: none
Warnings: none
