###############################################################################
#
# IAR ELF Linker V9.60.3.422/W64 for ARM                  18/Jan/2025  11:56:43
# Copyright 2007-2024 IAR Systems AB.
#
#    Output file  =
#        C:\Users\Tohid
#        Moosazadeh\Documents\STM32_Workplace\5-ADC\ADC_Ex2\EWARM\ADC_Ex2\Exe\ADC_Ex2.out
#    Map file     =
#        C:\Users\Tohid
#        Moosazadeh\Documents\STM32_Workplace\5-ADC\ADC_Ex2\EWARM\ADC_Ex2\List\ADC_Ex2.map
#    Command line =
#        -f "C:\Users\Tohid
#        Moosazadeh\Documents\STM32_Workplace\5-ADC\ADC_Ex2\EWARM\ADC_Ex2\Exe\ADC_Ex2.out.rsp"
#        ("C:\Users\Tohid
#        Moosazadeh\Documents\STM32_Workplace\5-ADC\ADC_Ex2\EWARM\ADC_Ex2\Obj\Core_13247989168731456611.dir\adc.o"
#        "C:\Users\Tohid
#        Moosazadeh\Documents\STM32_Workplace\5-ADC\ADC_Ex2\EWARM\ADC_Ex2\Obj\Core_13247989168731456611.dir\gpio.o"
#        "C:\Users\Tohid
#        Moosazadeh\Documents\STM32_Workplace\5-ADC\ADC_Ex2\EWARM\ADC_Ex2\Obj\Core_13247989168731456611.dir\main.o"
#        "C:\Users\Tohid
#        Moosazadeh\Documents\STM32_Workplace\5-ADC\ADC_Ex2\EWARM\ADC_Ex2\Obj\EWARM_18443280873093131863.dir\startup_stm32f407xx.o"
#        "C:\Users\Tohid
#        Moosazadeh\Documents\STM32_Workplace\5-ADC\ADC_Ex2\EWARM\ADC_Ex2\Obj\STM32F4xx_HAL_Driver_1244631019742807970.dir\stm32f4xx_hal.o"
#        "C:\Users\Tohid
#        Moosazadeh\Documents\STM32_Workplace\5-ADC\ADC_Ex2\EWARM\ADC_Ex2\Obj\STM32F4xx_HAL_Driver_1244631019742807970.dir\stm32f4xx_hal_adc.o"
#        "C:\Users\Tohid
#        Moosazadeh\Documents\STM32_Workplace\5-ADC\ADC_Ex2\EWARM\ADC_Ex2\Obj\STM32F4xx_HAL_Driver_1244631019742807970.dir\stm32f4xx_hal_adc_ex.o"
#        "C:\Users\Tohid
#        Moosazadeh\Documents\STM32_Workplace\5-ADC\ADC_Ex2\EWARM\ADC_Ex2\Obj\STM32F4xx_HAL_Driver_1244631019742807970.dir\stm32f4xx_hal_cortex.o"
#        "C:\Users\Tohid
#        Moosazadeh\Documents\STM32_Workplace\5-ADC\ADC_Ex2\EWARM\ADC_Ex2\Obj\STM32F4xx_HAL_Driver_1244631019742807970.dir\stm32f4xx_hal_dma.o"
#        "C:\Users\Tohid
#        Moosazadeh\Documents\STM32_Workplace\5-ADC\ADC_Ex2\EWARM\ADC_Ex2\Obj\STM32F4xx_HAL_Driver_1244631019742807970.dir\stm32f4xx_hal_dma_ex.o"
#        "C:\Users\Tohid
#        Moosazadeh\Documents\STM32_Workplace\5-ADC\ADC_Ex2\EWARM\ADC_Ex2\Obj\STM32F4xx_HAL_Driver_1244631019742807970.dir\stm32f4xx_hal_exti.o"
#        "C:\Users\Tohid
#        Moosazadeh\Documents\STM32_Workplace\5-ADC\ADC_Ex2\EWARM\ADC_Ex2\Obj\STM32F4xx_HAL_Driver_1244631019742807970.dir\stm32f4xx_hal_flash.o"
#        "C:\Users\Tohid
#        Moosazadeh\Documents\STM32_Workplace\5-ADC\ADC_Ex2\EWARM\ADC_Ex2\Obj\STM32F4xx_HAL_Driver_1244631019742807970.dir\stm32f4xx_hal_flash_ex.o"
#        "C:\Users\Tohid
#        Moosazadeh\Documents\STM32_Workplace\5-ADC\ADC_Ex2\EWARM\ADC_Ex2\Obj\STM32F4xx_HAL_Driver_1244631019742807970.dir\stm32f4xx_hal_flash_ramfunc.o"
#        "C:\Users\Tohid
#        Moosazadeh\Documents\STM32_Workplace\5-ADC\ADC_Ex2\EWARM\ADC_Ex2\Obj\STM32F4xx_HAL_Driver_1244631019742807970.dir\stm32f4xx_hal_gpio.o"
#        "C:\Users\Tohid
#        Moosazadeh\Documents\STM32_Workplace\5-ADC\ADC_Ex2\EWARM\ADC_Ex2\Obj\Core_13247989168731456611.dir\stm32f4xx_hal_msp.o"
#        "C:\Users\Tohid
#        Moosazadeh\Documents\STM32_Workplace\5-ADC\ADC_Ex2\EWARM\ADC_Ex2\Obj\STM32F4xx_HAL_Driver_1244631019742807970.dir\stm32f4xx_hal_pwr.o"
#        "C:\Users\Tohid
#        Moosazadeh\Documents\STM32_Workplace\5-ADC\ADC_Ex2\EWARM\ADC_Ex2\Obj\STM32F4xx_HAL_Driver_1244631019742807970.dir\stm32f4xx_hal_pwr_ex.o"
#        "C:\Users\Tohid
#        Moosazadeh\Documents\STM32_Workplace\5-ADC\ADC_Ex2\EWARM\ADC_Ex2\Obj\STM32F4xx_HAL_Driver_1244631019742807970.dir\stm32f4xx_hal_rcc.o"
#        "C:\Users\Tohid
#        Moosazadeh\Documents\STM32_Workplace\5-ADC\ADC_Ex2\EWARM\ADC_Ex2\Obj\STM32F4xx_HAL_Driver_1244631019742807970.dir\stm32f4xx_hal_rcc_ex.o"
#        "C:\Users\Tohid
#        Moosazadeh\Documents\STM32_Workplace\5-ADC\ADC_Ex2\EWARM\ADC_Ex2\Obj\STM32F4xx_HAL_Driver_1244631019742807970.dir\stm32f4xx_hal_tim.o"
#        "C:\Users\Tohid
#        Moosazadeh\Documents\STM32_Workplace\5-ADC\ADC_Ex2\EWARM\ADC_Ex2\Obj\STM32F4xx_HAL_Driver_1244631019742807970.dir\stm32f4xx_hal_tim_ex.o"
#        "C:\Users\Tohid
#        Moosazadeh\Documents\STM32_Workplace\5-ADC\ADC_Ex2\EWARM\ADC_Ex2\Obj\STM32F4xx_HAL_Driver_1244631019742807970.dir\stm32f4xx_hal_uart.o"
#        "C:\Users\Tohid
#        Moosazadeh\Documents\STM32_Workplace\5-ADC\ADC_Ex2\EWARM\ADC_Ex2\Obj\Core_13247989168731456611.dir\stm32f4xx_it.o"
#        "C:\Users\Tohid
#        Moosazadeh\Documents\STM32_Workplace\5-ADC\ADC_Ex2\EWARM\ADC_Ex2\Obj\STM32F4xx_HAL_Driver_1244631019742807970.dir\stm32f4xx_ll_adc.o"
#        "C:\Users\Tohid
#        Moosazadeh\Documents\STM32_Workplace\5-ADC\ADC_Ex2\EWARM\ADC_Ex2\Obj\CMSIS_6603591812247902717.dir\system_stm32f4xx.o"
#        "C:\Users\Tohid
#        Moosazadeh\Documents\STM32_Workplace\5-ADC\ADC_Ex2\EWARM\ADC_Ex2\Obj\Core_13247989168731456611.dir\tim.o"
#        "C:\Users\Tohid
#        Moosazadeh\Documents\STM32_Workplace\5-ADC\ADC_Ex2\EWARM\ADC_Ex2\Obj\Core_13247989168731456611.dir\usart.o"
#        --no_out_extension -o "C:\Users\Tohid
#        Moosazadeh\Documents\STM32_Workplace\5-ADC\ADC_Ex2\EWARM\ADC_Ex2\Exe\ADC_Ex2.out"
#        --redirect _Printf=_PrintfFullNoMb --redirect _Scanf=_ScanfFullNoMb
#        --map "C:\Users\Tohid
#        Moosazadeh\Documents\STM32_Workplace\5-ADC\ADC_Ex2\EWARM\ADC_Ex2\List\ADC_Ex2.map"
#        --config "C:\Users\Tohid
#        Moosazadeh\Documents\STM32_Workplace\5-ADC\ADC_Ex2\EWARM/stm32f407xx_flash.icf"
#        --semihosting --entry __iar_program_start --vfe --text_out locale
#        --cpu=Cortex-M4 --fpu=VFPv4_sp) --dependencies=n "C:\Users\Tohid
#        Moosazadeh\Documents\STM32_Workplace\5-ADC\ADC_Ex2\EWARM\ADC_Ex2\Exe\ADC_Ex2.out.iar_deps"
#
###############################################################################

*******************************************************************************
*** RUNTIME MODEL ATTRIBUTES
***

CppFlavor       = *
__CPP_Runtime   = 1
__SystemLibrary = DLib
__dlib_version  = 6


*******************************************************************************
*** HEAP SELECTION
***

The basic heap was selected because --advanced_heap
was not specified and the application did not appear to
be primarily optimized for speed.


*******************************************************************************
*** PLACEMENT SUMMARY
***

"A0":  place at address 0x800'0000 { ro section .intvec };
"P1":  place in [from 0x800'0000 to 0x80f'ffff] { ro };
define block CSTACK with size = 1K, alignment = 8 { };
define block HEAP with size = 512, alignment = 8 { };
"P2":  place in [from 0x2000'0000 to 0x2001'ffff] {
          rw, block CSTACK, block HEAP };
initialize by copy { rw };

  Section            Kind         Address  Alignment    Size  Object
  -------            ----         -------  ---------    ----  ------
"A0":                                                  0x188
  .intvec            ro code   0x800'0000          4   0x188  startup_stm32f407xx.o [3]
                             - 0x800'0188              0x188

"P1":                                                 0x3550
  .text              ro code   0x800'0188          4   0xece  xprintffull_nomb.o [5]
  .text              ro code   0x800'1056          2    0x2a  copy_init3.o [7]
  .text              ro code   0x800'1080          4    0x16  strchr.o [7]
  .text              ro code   0x800'1096          2     0xa  xsprout.o [5]
  .text              ro code   0x800'10a0          4    0x40  xfail_s.o [5]
  .text              ro code   0x800'10e0          4    0x14  strlen_small.o [7]
  .text              ro code   0x800'10f4          4    0x58  memchr.o [7]
  .text              ro code   0x800'114c          4    0xa6  ABImemcpy.o [7]
  .rodata            const     0x800'11f2          2     0x2  xlocale_c.o [5]
  .text              ro code   0x800'11f4          4    0x70  frexp.o [6]
  .text              ro code   0x800'1264          4    0x34  DblCmpLe.o [6]
  .text              ro code   0x800'1298          4    0x34  DblCmpGe.o [6]
  .text              ro code   0x800'12cc          4   0x13a  ldexp.o [6]
  .rodata            const     0x800'1406                0x1  xlocale_c.o [5]
  .text              ro code   0x800'1408          4    0x36  DblToS32.o [6]
  .text              ro code   0x800'1440          4    0x22  S32ToDbl.o [6]
  .text              ro code   0x800'1464          4   0x24e  DblAddSub.o [6]
  .text              ro code   0x800'16b4          4   0x246  DblDiv.o [6]
  .text              ro code   0x800'18fc          4    0x22  DblToU32.o [6]
  .text              ro code   0x800'1920          4    0x1c  U32ToDbl.o [6]
  .text              ro code   0x800'193c          4   0x1aa  DblMul.o [6]
  .text              ro code   0x800'1ae8          4     0x8  xlocale_c.o [5]
  .text              ro code   0x800'1af0          4   0x106  I64DivMod_small.o [7]
  .text              ro code   0x800'1bf6          2     0x6  abort.o [5]
  .text              ro code   0x800'1bfc          4     0x2  I64DivZer.o [7]
  .text              ro code   0x800'1c00          4    0x14  exit.o [8]
  .text              ro code   0x800'1c14          4   0x544  stm32f4xx_hal_adc.o [4]
  .text              ro code   0x800'2158          4    0xe8  adc.o [2]
  .text              ro code   0x800'2240          4    0x3c  stm32f4xx_it.o [2]
  .text              ro code   0x800'227c          2     0x2  stm32f4xx_hal_adc_ex.o [4]
  .text              ro code   0x800'227e          2     0x2  stm32f4xx_hal_adc.o [4]
  .text              ro code   0x800'2280          2     0x2  stm32f4xx_hal_adc.o [4]
  .text              ro code   0x800'2284          4    0x12  ABImemset_small.o [7]
  .text              ro code   0x800'2298          4   0x130  main.o [2]
  .text              ro code   0x800'23c8          4   0x1ec  stm32f4xx_hal_gpio.o [4]
  .text              ro code   0x800'25b4          4    0xb8  stm32f4xx_hal_cortex.o [4]
  .text              ro code   0x800'266c          4    0x10  stm32f4xx_hal.o [4]
  .text              ro code   0x800'267c          4    0x34  stm32f4xx_hal.o [4]
  .text              ro code   0x800'26b0          4    0x38  gpio.o [2]
  .text              ro code   0x800'26e8          4    0xa8  usart.o [2]
  .text              ro code   0x800'2790          4    0x9c  tim.o [2]
  .text              ro code   0x800'282c          4   0x2dc  stm32f4xx_hal_tim.o [4]
  .text              ro code   0x800'2b08          4    0x40  sprintf.o [5]
  .text              ro code   0x800'2b48          4   0x2d0  stm32f4xx_hal_uart.o [4]
  .text              ro code   0x800'2e18          4     0x6  ABImemclr4.o [7]
  .text              ro code   0x800'2e20          4   0x310  stm32f4xx_hal_rcc.o [4]
  .text              ro code   0x800'3130          4   0x14c  stm32f4xx_hal_rcc.o [4]
  .text              ro code   0x800'327c          4    0x40  stm32f4xx_hal.o [4]
  .text              ro code   0x800'32bc          4    0x38  stm32f4xx_hal_msp.o [2]
  .text              ro code   0x800'32f4          4    0x8c  stm32f4xx_hal_tim_ex.o [4]
  .text              ro code   0x800'3380          4     0xc  stm32f4xx_hal.o [4]
  .text              ro code   0x800'338c          4    0x32  ABImemset48.o [7]
  .text              ro code   0x800'33c0          4    0x60  stm32f4xx_hal_rcc.o [4]
  Initializer bytes  const     0x800'3420          4    0x48  <for P2-1>
  .text              ro code   0x800'3468          2    0x38  zero_init3.o [7]
  .text              ro code   0x800'34a0          4    0x28  data_init.o [7]
  .text              ro code   0x800'34c8          4    0x22  fpinit_M.o [6]
  .iar.init_table    const     0x800'34ec          4    0x24  - Linker created -
  .text              ro code   0x800'3510          4    0x20  system_stm32f4xx.o [1]
  .text              ro code   0x800'3530          4    0x1e  cmain.o [7]
  .text              ro code   0x800'354e          2     0x4  low_level_init.o [5]
  .text              ro code   0x800'3552          2     0x4  exit.o [5]
  .text              ro code   0x800'3558          4     0xa  cexit.o [7]
  .text              ro code   0x800'3564          4    0x1c  cstartup_M.o [7]
  .text              ro code   0x800'3580          4    0x10  startup_stm32f407xx.o [3]
  .rodata            const     0x800'3590          4     0x8  system_stm32f4xx.o [1]
  .text              ro code   0x800'3598          2     0x4  startup_stm32f407xx.o [3]
  .text              ro code   0x800'359c          2     0x4  startup_stm32f407xx.o [3]
  .text              ro code   0x800'35a0          2     0x4  startup_stm32f407xx.o [3]
  .text              ro code   0x800'35a4          2     0x4  startup_stm32f407xx.o [3]
  .text              ro code   0x800'35a8          2     0x4  startup_stm32f407xx.o [3]
  .text              ro code   0x800'35ac          2     0x4  startup_stm32f407xx.o [3]
  .text              ro code   0x800'35b0          2     0x4  startup_stm32f407xx.o [3]
  .text              ro code   0x800'35b4          2     0x4  startup_stm32f407xx.o [3]
  .text              ro code   0x800'35b8          2     0x4  startup_stm32f407xx.o [3]
  .text              ro code   0x800'35bc          2     0x4  startup_stm32f407xx.o [3]
  .text              ro code   0x800'35c0          2     0x4  startup_stm32f407xx.o [3]
  .text              ro code   0x800'35c4          2     0x4  startup_stm32f407xx.o [3]
  .text              ro code   0x800'35c8          2     0x4  startup_stm32f407xx.o [3]
  .text              ro code   0x800'35cc          2     0x4  startup_stm32f407xx.o [3]
  .text              ro code   0x800'35d0          2     0x4  startup_stm32f407xx.o [3]
  .text              ro code   0x800'35d4          2     0x4  startup_stm32f407xx.o [3]
  .text              ro code   0x800'35d8          2     0x4  startup_stm32f407xx.o [3]
  .text              ro code   0x800'35dc          2     0x4  startup_stm32f407xx.o [3]
  .text              ro code   0x800'35e0          2     0x4  startup_stm32f407xx.o [3]
  .text              ro code   0x800'35e4          2     0x4  startup_stm32f407xx.o [3]
  .text              ro code   0x800'35e8          2     0x4  startup_stm32f407xx.o [3]
  .text              ro code   0x800'35ec          2     0x4  startup_stm32f407xx.o [3]
  .text              ro code   0x800'35f0          2     0x4  startup_stm32f407xx.o [3]
  .text              ro code   0x800'35f4          2     0x4  startup_stm32f407xx.o [3]
  .text              ro code   0x800'35f8          2     0x4  startup_stm32f407xx.o [3]
  .text              ro code   0x800'35fc          2     0x4  startup_stm32f407xx.o [3]
  .text              ro code   0x800'3600          2     0x4  startup_stm32f407xx.o [3]
  .text              ro code   0x800'3604          2     0x4  startup_stm32f407xx.o [3]
  .text              ro code   0x800'3608          2     0x4  startup_stm32f407xx.o [3]
  .text              ro code   0x800'360c          2     0x4  startup_stm32f407xx.o [3]
  .text              ro code   0x800'3610          2     0x4  startup_stm32f407xx.o [3]
  .text              ro code   0x800'3614          2     0x4  startup_stm32f407xx.o [3]
  .text              ro code   0x800'3618          2     0x4  startup_stm32f407xx.o [3]
  .text              ro code   0x800'361c          2     0x4  startup_stm32f407xx.o [3]
  .text              ro code   0x800'3620          2     0x4  startup_stm32f407xx.o [3]
  .text              ro code   0x800'3624          2     0x4  startup_stm32f407xx.o [3]
  .text              ro code   0x800'3628          2     0x4  startup_stm32f407xx.o [3]
  .text              ro code   0x800'362c          2     0x4  startup_stm32f407xx.o [3]
  .text              ro code   0x800'3630          2     0x4  startup_stm32f407xx.o [3]
  .text              ro code   0x800'3634          2     0x4  startup_stm32f407xx.o [3]
  .text              ro code   0x800'3638          2     0x4  startup_stm32f407xx.o [3]
  .text              ro code   0x800'363c          2     0x4  startup_stm32f407xx.o [3]
  .text              ro code   0x800'3640          2     0x4  startup_stm32f407xx.o [3]
  .text              ro code   0x800'3644          2     0x4  startup_stm32f407xx.o [3]
  .text              ro code   0x800'3648          2     0x4  startup_stm32f407xx.o [3]
  .text              ro code   0x800'364c          2     0x4  startup_stm32f407xx.o [3]
  .text              ro code   0x800'3650          2     0x4  startup_stm32f407xx.o [3]
  .text              ro code   0x800'3654          2     0x4  startup_stm32f407xx.o [3]
  .text              ro code   0x800'3658          2     0x4  startup_stm32f407xx.o [3]
  .text              ro code   0x800'365c          2     0x4  startup_stm32f407xx.o [3]
  .text              ro code   0x800'3660          2     0x4  startup_stm32f407xx.o [3]
  .text              ro code   0x800'3664          2     0x4  startup_stm32f407xx.o [3]
  .text              ro code   0x800'3668          2     0x4  startup_stm32f407xx.o [3]
  .text              ro code   0x800'366c          2     0x4  startup_stm32f407xx.o [3]
  .text              ro code   0x800'3670          2     0x4  startup_stm32f407xx.o [3]
  .text              ro code   0x800'3674          2     0x4  startup_stm32f407xx.o [3]
  .text              ro code   0x800'3678          2     0x4  startup_stm32f407xx.o [3]
  .text              ro code   0x800'367c          2     0x4  startup_stm32f407xx.o [3]
  .text              ro code   0x800'3680          2     0x4  startup_stm32f407xx.o [3]
  .text              ro code   0x800'3684          2     0x4  startup_stm32f407xx.o [3]
  .text              ro code   0x800'3688          2     0x4  startup_stm32f407xx.o [3]
  .text              ro code   0x800'368c          2     0x4  startup_stm32f407xx.o [3]
  .text              ro code   0x800'3690          2     0x4  startup_stm32f407xx.o [3]
  .text              ro code   0x800'3694          2     0x4  startup_stm32f407xx.o [3]
  .text              ro code   0x800'3698          2     0x4  startup_stm32f407xx.o [3]
  .text              ro code   0x800'369c          2     0x4  startup_stm32f407xx.o [3]
  .text              ro code   0x800'36a0          2     0x4  startup_stm32f407xx.o [3]
  .text              ro code   0x800'36a4          2     0x4  startup_stm32f407xx.o [3]
  .text              ro code   0x800'36a8          2     0x4  startup_stm32f407xx.o [3]
  .text              ro code   0x800'36ac          2     0x4  startup_stm32f407xx.o [3]
  .text              ro code   0x800'36b0          2     0x4  startup_stm32f407xx.o [3]
  .text              ro code   0x800'36b4          2     0x4  startup_stm32f407xx.o [3]
  .text              ro code   0x800'36b8          2     0x4  startup_stm32f407xx.o [3]
  .text              ro code   0x800'36bc          2     0x4  startup_stm32f407xx.o [3]
  .text              ro code   0x800'36c0          2     0x4  startup_stm32f407xx.o [3]
  .text              ro code   0x800'36c4          2     0x4  startup_stm32f407xx.o [3]
  .text              ro code   0x800'36c8          2     0x4  startup_stm32f407xx.o [3]
  .text              ro code   0x800'36cc          2     0x4  startup_stm32f407xx.o [3]
  .text              ro code   0x800'36d0          2     0x4  startup_stm32f407xx.o [3]
  .text              ro code   0x800'36d4          2     0x4  startup_stm32f407xx.o [3]
  .rodata            const     0x800'36d8                0x0  zero_init3.o [7]
  .rodata            const     0x800'36d8                0x0  copy_init3.o [7]
                             - 0x800'36d8             0x3550

"P2", part 1 of 3:                                      0x48
  P2-1                        0x2000'0000          4    0x48  <Init block>
    .data            inited   0x2000'0000          4     0xc  stm32f4xx_hal.o [4]
    .data            inited   0x2000'000c          4     0x4  system_stm32f4xx.o [1]
    .data            inited   0x2000'0010          4    0x38  xlocale_c.o [5]
                            - 0x2000'0048               0x48

"P2", part 2 of 3:                                      0xe0
  .bss               zero     0x2000'0048          4    0x48  adc.o [2]
  .bss               zero     0x2000'0090          4    0x48  tim.o [2]
  .bss               zero     0x2000'00d8          4    0x48  usart.o [2]
  .bss               zero     0x2000'0120          2     0x4  main.o [2]
  .bss               zero     0x2000'0124          4     0x4  xfail_s.o [5]
                            - 0x2000'0128               0xe0

"P2", part 3 of 3:                                     0x400
  CSTACK                      0x2000'0128          8   0x400  <Block>
    CSTACK           uninit   0x2000'0128              0x400  <Block tail>
                            - 0x2000'0528              0x400

Unused ranges:

         From           To      Size
         ----           --      ----
   0x800'36d8   0x80f'ffff  0xf'c928
  0x2000'0528  0x2001'ffff  0x1'fad8


*******************************************************************************
*** INIT TABLE
***

          Address      Size
          -------      ----
Zero (__iar_zero_init3)
    1 destination range, total size 0xe0:
          0x2000'0048  0xe0

Copy (__iar_copy_init3)
    1 source range, total size 0x48:
           0x800'3420  0x48
    1 destination range, total size 0x48:
          0x2000'0000  0x48



*******************************************************************************
*** MODULE SUMMARY
***

    Module                  ro code  ro data  rw data
    ------                  -------  -------  -------
command line/config:
    -------------------------------------------------
    Total:

C:\Users\Tohid Moosazadeh\Documents\STM32_Workplace\5-ADC\ADC_Ex2\EWARM\ADC_Ex2\Obj\CMSIS_6603591812247902717.dir: [1]
    system_stm32f4xx.o           32       12        4
    -------------------------------------------------
    Total:                       32       12        4

C:\Users\Tohid Moosazadeh\Documents\STM32_Workplace\5-ADC\ADC_Ex2\EWARM\ADC_Ex2\Obj\Core_13247989168731456611.dir: [2]
    adc.o                       232                72
    gpio.o                       56
    main.o                      304                 4
    stm32f4xx_hal_msp.o          56
    stm32f4xx_it.o               60
    tim.o                       156                72
    usart.o                     168                72
    -------------------------------------------------
    Total:                    1'032               220

C:\Users\Tohid Moosazadeh\Documents\STM32_Workplace\5-ADC\ADC_Ex2\EWARM\ADC_Ex2\Obj\EWARM_18443280873093131863.dir: [3]
    startup_stm32f407xx.o       728
    -------------------------------------------------
    Total:                      728

C:\Users\Tohid Moosazadeh\Documents\STM32_Workplace\5-ADC\ADC_Ex2\EWARM\ADC_Ex2\Obj\STM32F4xx_HAL_Driver_1244631019742807970.dir: [4]
    stm32f4xx_hal.o             144       12       12
    stm32f4xx_hal_adc.o       1'352
    stm32f4xx_hal_adc_ex.o        2
    stm32f4xx_hal_cortex.o      184
    stm32f4xx_hal_gpio.o        492
    stm32f4xx_hal_rcc.o       1'212
    stm32f4xx_hal_tim.o         732
    stm32f4xx_hal_tim_ex.o      140
    stm32f4xx_hal_uart.o        720
    -------------------------------------------------
    Total:                    4'978       12       12

dl7M_tlf.a: [5]
    abort.o                       6
    exit.o                        4
    low_level_init.o              4
    sprintf.o                    64
    xfail_s.o                    64                 4
    xlocale_c.o                   8       59       56
    xprintffull_nomb.o        3'790
    xsprout.o                    10
    -------------------------------------------------
    Total:                    3'950       59       60

m7M_tls.a: [6]
    DblAddSub.o                 590
    DblCmpGe.o                   52
    DblCmpLe.o                   52
    DblDiv.o                    582
    DblMul.o                    426
    DblToS32.o                   54
    DblToU32.o                   34
    S32ToDbl.o                   34
    U32ToDbl.o                   28
    fpinit_M.o                   34
    frexp.o                     112
    ldexp.o                     314
    -------------------------------------------------
    Total:                    2'312

rt7M_tl.a: [7]
    ABImemclr4.o                  6
    ABImemcpy.o                 166
    ABImemset48.o                50
    ABImemset_small.o            18
    I64DivMod_small.o           262
    I64DivZer.o                   2
    cexit.o                      10
    cmain.o                      30
    copy_init3.o                 42
    cstartup_M.o                 28
    data_init.o                  40
    memchr.o                     88
    strchr.o                     22
    strlen_small.o               20
    zero_init3.o                 56
    -------------------------------------------------
    Total:                      840

shb_l.a: [8]
    exit.o                       20
    -------------------------------------------------
    Total:                       20

    Gaps                         27        2
    Linker created                        36    1'024
-----------------------------------------------------
    Grand Total:             13'919      121    1'320


*******************************************************************************
*** ENTRY LIST
***

Entry                       Address   Size  Type      Object
-----                       -------   ----  ----      ------
.iar.init_table$$Base    0x800'34ec          --   Gb  - Linker created -
.iar.init_table$$Limit   0x800'3510          --   Gb  - Linker created -
?main                    0x800'3531         Code  Gb  cmain.o [7]
ADC_IRQHandler           0x800'2255    0x6  Code  Gb  stm32f4xx_it.o [2]
AHBPrescTable            0x800'3520   0x10  Data  Gb  system_stm32f4xx.o [1]
APBPrescTable            0x800'3590    0x8  Data  Gb  system_stm32f4xx.o [1]
BusFault_Handler         0x800'2247    0x2  Code  Gb  stm32f4xx_it.o [2]
CAN1_RX0_IRQHandler      0x800'35e5         Code  Wk  startup_stm32f407xx.o [3]
CAN1_RX1_IRQHandler      0x800'35e9         Code  Wk  startup_stm32f407xx.o [3]
CAN1_SCE_IRQHandler      0x800'35ed         Code  Wk  startup_stm32f407xx.o [3]
CAN1_TX_IRQHandler       0x800'35e1         Code  Wk  startup_stm32f407xx.o [3]
CAN2_RX0_IRQHandler      0x800'3695         Code  Wk  startup_stm32f407xx.o [3]
CAN2_RX1_IRQHandler      0x800'3699         Code  Wk  startup_stm32f407xx.o [3]
CAN2_SCE_IRQHandler      0x800'369d         Code  Wk  startup_stm32f407xx.o [3]
CAN2_TX_IRQHandler       0x800'3691         Code  Wk  startup_stm32f407xx.o [3]
CSTACK$$Base            0x2000'0128          --   Gb  - Linker created -
CSTACK$$Limit           0x2000'0528          --   Gb  - Linker created -
DCMI_IRQHandler          0x800'36cd         Code  Wk  startup_stm32f407xx.o [3]
DMA1_Stream0_IRQHandler
                         0x800'35c5         Code  Wk  startup_stm32f407xx.o [3]
DMA1_Stream1_IRQHandler
                         0x800'35c9         Code  Wk  startup_stm32f407xx.o [3]
DMA1_Stream2_IRQHandler
                         0x800'35cd         Code  Wk  startup_stm32f407xx.o [3]
DMA1_Stream3_IRQHandler
                         0x800'35d1         Code  Wk  startup_stm32f407xx.o [3]
DMA1_Stream4_IRQHandler
                         0x800'35d5         Code  Wk  startup_stm32f407xx.o [3]
DMA1_Stream5_IRQHandler
                         0x800'35d9         Code  Wk  startup_stm32f407xx.o [3]
DMA1_Stream6_IRQHandler
                         0x800'35dd         Code  Wk  startup_stm32f407xx.o [3]
DMA1_Stream7_IRQHandler
                         0x800'3651         Code  Wk  startup_stm32f407xx.o [3]
DMA2_Stream0_IRQHandler
                         0x800'3675         Code  Wk  startup_stm32f407xx.o [3]
DMA2_Stream1_IRQHandler
                         0x800'3679         Code  Wk  startup_stm32f407xx.o [3]
DMA2_Stream2_IRQHandler
                         0x800'367d         Code  Wk  startup_stm32f407xx.o [3]
DMA2_Stream3_IRQHandler
                         0x800'3681         Code  Wk  startup_stm32f407xx.o [3]
DMA2_Stream4_IRQHandler
                         0x800'3685         Code  Wk  startup_stm32f407xx.o [3]
DMA2_Stream5_IRQHandler
                         0x800'36a5         Code  Wk  startup_stm32f407xx.o [3]
DMA2_Stream6_IRQHandler
                         0x800'36a9         Code  Wk  startup_stm32f407xx.o [3]
DMA2_Stream7_IRQHandler
                         0x800'36ad         Code  Wk  startup_stm32f407xx.o [3]
DebugMon_Handler         0x800'224d    0x2  Code  Gb  stm32f4xx_it.o [2]
ETH_IRQHandler           0x800'3689         Code  Wk  startup_stm32f407xx.o [3]
ETH_WKUP_IRQHandler      0x800'368d         Code  Wk  startup_stm32f407xx.o [3]
EXTI0_IRQHandler         0x800'35b1         Code  Wk  startup_stm32f407xx.o [3]
EXTI15_10_IRQHandler     0x800'3635         Code  Wk  startup_stm32f407xx.o [3]
EXTI1_IRQHandler         0x800'35b5         Code  Wk  startup_stm32f407xx.o [3]
EXTI2_IRQHandler         0x800'35b9         Code  Wk  startup_stm32f407xx.o [3]
EXTI3_IRQHandler         0x800'35bd         Code  Wk  startup_stm32f407xx.o [3]
EXTI4_IRQHandler         0x800'35c1         Code  Wk  startup_stm32f407xx.o [3]
EXTI9_5_IRQHandler       0x800'35f1         Code  Wk  startup_stm32f407xx.o [3]
Error_Handler            0x800'23ad    0x4  Code  Gb  main.o [2]
FLASH_IRQHandler         0x800'35a9         Code  Wk  startup_stm32f407xx.o [3]
FPU_IRQHandler           0x800'36d5         Code  Wk  startup_stm32f407xx.o [3]
FSMC_IRQHandler          0x800'3655         Code  Wk  startup_stm32f407xx.o [3]
HAL_ADCEx_InjectedConvCpltCallback
                         0x800'227d    0x2  Code  Wk  stm32f4xx_hal_adc_ex.o [4]
HAL_ADC_ConfigChannel    0x800'1fff  0x10e  Code  Gb  stm32f4xx_hal_adc.o [4]
HAL_ADC_ConvCpltCallback
                         0x800'225b   0x14  Code  Gb  stm32f4xx_it.o [2]
HAL_ADC_ErrorCallback    0x800'2281    0x2  Code  Wk  stm32f4xx_hal_adc.o [4]
HAL_ADC_GetValue         0x800'1ff9    0x6  Code  Gb  stm32f4xx_hal_adc.o [4]
HAL_ADC_IRQHandler       0x800'1ec9  0x11c  Code  Gb  stm32f4xx_hal_adc.o [4]
HAL_ADC_Init             0x800'1c15  0x156  Code  Gb  stm32f4xx_hal_adc.o [4]
HAL_ADC_LevelOutOfWindowCallback
                         0x800'227f    0x2  Code  Wk  stm32f4xx_hal_adc.o [4]
HAL_ADC_MspInit          0x800'21c3   0x6e  Code  Gb  adc.o [2]
HAL_ADC_Start_IT         0x800'1d7f   0x8a  Code  Gb  stm32f4xx_hal_adc.o [4]
HAL_GPIO_Init            0x800'23c9  0x1be  Code  Gb  stm32f4xx_hal_gpio.o [4]
HAL_GetTick              0x800'3381    0xc  Code  Wk  stm32f4xx_hal.o [4]
HAL_IncTick              0x800'266d   0x10  Code  Wk  stm32f4xx_hal.o [4]
HAL_Init                 0x800'267d   0x30  Code  Gb  stm32f4xx_hal.o [4]
HAL_InitTick             0x800'327d   0x40  Code  Wk  stm32f4xx_hal.o [4]
HAL_MspInit              0x800'32bd   0x38  Code  Gb  stm32f4xx_hal_msp.o [2]
HAL_NVIC_EnableIRQ       0x800'261d   0x16  Code  Gb  stm32f4xx_hal_cortex.o [4]
HAL_NVIC_SetPriority     0x800'25e3   0x3a  Code  Gb  stm32f4xx_hal_cortex.o [4]
HAL_NVIC_SetPriorityGrouping
                         0x800'25cf   0x14  Code  Gb  stm32f4xx_hal_cortex.o [4]
HAL_RCC_ClockConfig      0x800'3131  0x100  Code  Gb  stm32f4xx_hal_rcc.o [4]
HAL_RCC_GetPCLK1Freq     0x800'323d   0x10  Code  Gb  stm32f4xx_hal_rcc.o [4]
HAL_RCC_GetPCLK2Freq     0x800'324d    0xe  Code  Gb  stm32f4xx_hal_rcc.o [4]
HAL_RCC_GetSysClockFreq
                         0x800'33c1   0x60  Code  Wk  stm32f4xx_hal_rcc.o [4]
HAL_RCC_OscConfig        0x800'2e21  0x310  Code  Wk  stm32f4xx_hal_rcc.o [4]
HAL_SYSTICK_Config       0x800'2633   0x22  Code  Gb  stm32f4xx_hal_cortex.o [4]
HAL_TIMEx_MasterConfigSynchronization
                         0x800'32f5   0x6e  Code  Gb  stm32f4xx_hal_tim_ex.o [4]
HAL_TIM_Base_Init        0x800'282d   0x1a  Code  Gb  stm32f4xx_hal_tim.o [4]
HAL_TIM_Base_MspInit     0x800'27fb   0x26  Code  Gb  tim.o [2]
HAL_TIM_Base_Start       0x800'2847   0x6c  Code  Gb  stm32f4xx_hal_tim.o [4]
HAL_TIM_ConfigClockSource
                         0x800'2909   0xac  Code  Gb  stm32f4xx_hal_tim.o [4]
HAL_UART_Init            0x800'2b49   0x20  Code  Gb  stm32f4xx_hal_uart.o [4]
HAL_UART_MspInit         0x800'2717   0x68  Code  Gb  usart.o [2]
HAL_UART_Transmit        0x800'2bc1   0x9c  Code  Gb  stm32f4xx_hal_uart.o [4]
HASH_RNG_IRQHandler      0x800'36d1         Code  Wk  startup_stm32f407xx.o [3]
HardFault_Handler        0x800'2243    0x2  Code  Gb  stm32f4xx_it.o [2]
I2C1_ER_IRQHandler       0x800'3615         Code  Wk  startup_stm32f407xx.o [3]
I2C1_EV_IRQHandler       0x800'3611         Code  Wk  startup_stm32f407xx.o [3]
I2C2_ER_IRQHandler       0x800'361d         Code  Wk  startup_stm32f407xx.o [3]
I2C2_EV_IRQHandler       0x800'3619         Code  Wk  startup_stm32f407xx.o [3]
I2C3_ER_IRQHandler       0x800'36b9         Code  Wk  startup_stm32f407xx.o [3]
I2C3_EV_IRQHandler       0x800'36b5         Code  Wk  startup_stm32f407xx.o [3]
MX_ADC1_Init             0x800'2159   0x6a  Code  Gb  adc.o [2]
MX_GPIO_Init             0x800'26b1   0x38  Code  Gb  gpio.o [2]
MX_TIM8_Init             0x800'2791   0x6a  Code  Gb  tim.o [2]
MX_USART1_UART_Init      0x800'26e9   0x2e  Code  Gb  usart.o [2]
MemManage_Handler        0x800'2245    0x2  Code  Gb  stm32f4xx_it.o [2]
NMI_Handler              0x800'2241    0x2  Code  Gb  stm32f4xx_it.o [2]
OTG_FS_IRQHandler        0x800'36a1         Code  Wk  startup_stm32f407xx.o [3]
OTG_FS_WKUP_IRQHandler   0x800'363d         Code  Wk  startup_stm32f407xx.o [3]
OTG_HS_EP1_IN_IRQHandler
                         0x800'36c1         Code  Wk  startup_stm32f407xx.o [3]
OTG_HS_EP1_OUT_IRQHandler
                         0x800'36bd         Code  Wk  startup_stm32f407xx.o [3]
OTG_HS_IRQHandler        0x800'36c9         Code  Wk  startup_stm32f407xx.o [3]
OTG_HS_WKUP_IRQHandler   0x800'36c5         Code  Wk  startup_stm32f407xx.o [3]
PVD_IRQHandler           0x800'359d         Code  Wk  startup_stm32f407xx.o [3]
PendSV_Handler           0x800'224f    0x2  Code  Gb  stm32f4xx_it.o [2]
RCC_IRQHandler           0x800'35ad         Code  Wk  startup_stm32f407xx.o [3]
RTC_Alarm_IRQHandler     0x800'3639         Code  Wk  startup_stm32f407xx.o [3]
RTC_WKUP_IRQHandler      0x800'35a5         Code  Wk  startup_stm32f407xx.o [3]
Region$$Table$$Base      0x800'34ec          --   Gb  - Linker created -
Region$$Table$$Limit     0x800'3510          --   Gb  - Linker created -
Reset_Handler            0x800'3581         Code  Wk  startup_stm32f407xx.o [3]
SDIO_IRQHandler          0x800'3659         Code  Wk  startup_stm32f407xx.o [3]
SPI1_IRQHandler          0x800'3621         Code  Wk  startup_stm32f407xx.o [3]
SPI2_IRQHandler          0x800'3625         Code  Wk  startup_stm32f407xx.o [3]
SPI3_IRQHandler          0x800'3661         Code  Wk  startup_stm32f407xx.o [3]
SVC_Handler              0x800'224b    0x2  Code  Gb  stm32f4xx_it.o [2]
SysTick_Handler          0x800'2251    0x4  Code  Gb  stm32f4xx_it.o [2]
SystemClock_Config       0x800'22ff   0x96  Code  Gb  main.o [2]
SystemCoreClock         0x2000'000c    0x4  Data  Gb  system_stm32f4xx.o [1]
SystemInit               0x800'3511    0xc  Code  Gb  system_stm32f4xx.o [1]
TAMP_STAMP_IRQHandler    0x800'35a1         Code  Wk  startup_stm32f407xx.o [3]
TIM1_BRK_TIM9_IRQHandler
                         0x800'35f5         Code  Wk  startup_stm32f407xx.o [3]
TIM1_CC_IRQHandler       0x800'3601         Code  Wk  startup_stm32f407xx.o [3]
TIM1_TRG_COM_TIM11_IRQHandler
                         0x800'35fd         Code  Wk  startup_stm32f407xx.o [3]
TIM1_UP_TIM10_IRQHandler
                         0x800'35f9         Code  Wk  startup_stm32f407xx.o [3]
TIM2_IRQHandler          0x800'3605         Code  Wk  startup_stm32f407xx.o [3]
TIM3_IRQHandler          0x800'3609         Code  Wk  startup_stm32f407xx.o [3]
TIM4_IRQHandler          0x800'360d         Code  Wk  startup_stm32f407xx.o [3]
TIM5_IRQHandler          0x800'365d         Code  Wk  startup_stm32f407xx.o [3]
TIM6_DAC_IRQHandler      0x800'366d         Code  Wk  startup_stm32f407xx.o [3]
TIM7_IRQHandler          0x800'3671         Code  Wk  startup_stm32f407xx.o [3]
TIM8_BRK_TIM12_IRQHandler
                         0x800'3641         Code  Wk  startup_stm32f407xx.o [3]
TIM8_CC_IRQHandler       0x800'364d         Code  Wk  startup_stm32f407xx.o [3]
TIM8_TRG_COM_TIM14_IRQHandler
                         0x800'3649         Code  Wk  startup_stm32f407xx.o [3]
TIM8_UP_TIM13_IRQHandler
                         0x800'3645         Code  Wk  startup_stm32f407xx.o [3]
TIM_Base_SetConfig       0x800'29c7   0xa4  Code  Gb  stm32f4xx_hal_tim.o [4]
TIM_ETR_SetConfig        0x800'2aef   0x14  Code  Gb  stm32f4xx_hal_tim.o [4]
TIM_ITRx_SetConfig       0x800'2adf   0x10  Code  Lc  stm32f4xx_hal_tim.o [4]
TIM_TI1_ConfigInputStage
                         0x800'2a9d   0x1e  Code  Lc  stm32f4xx_hal_tim.o [4]
TIM_TI2_ConfigInputStage
                         0x800'2abb   0x24  Code  Lc  stm32f4xx_hal_tim.o [4]
UART4_IRQHandler         0x800'3665         Code  Wk  startup_stm32f407xx.o [3]
UART5_IRQHandler         0x800'3669         Code  Wk  startup_stm32f407xx.o [3]
UART_EndRxTransfer       0x800'2d19   0x36  Code  Lc  stm32f4xx_hal_uart.o [4]
UART_SetConfig           0x800'2d51   0xb0  Code  Lc  stm32f4xx_hal_uart.o [4]
UART_WaitOnFlagUntilTimeout
                         0x800'2c9f   0x7a  Code  Lc  stm32f4xx_hal_uart.o [4]
USART1_IRQHandler        0x800'3629         Code  Wk  startup_stm32f407xx.o [3]
USART2_IRQHandler        0x800'362d         Code  Wk  startup_stm32f407xx.o [3]
USART3_IRQHandler        0x800'3631         Code  Wk  startup_stm32f407xx.o [3]
USART6_IRQHandler        0x800'36b1         Code  Wk  startup_stm32f407xx.o [3]
UsageFault_Handler       0x800'2249    0x2  Code  Gb  stm32f4xx_it.o [2]
WWDG_IRQHandler          0x800'3599         Code  Wk  startup_stm32f407xx.o [3]
_LC                      0x800'0189    0x6  Code  Lc  xprintffull_nomb.o [5]
_LitobFullNoMb           0x800'0e75  0x114  Code  Lc  xprintffull_nomb.o [5]
_Locale_lconv           0x2000'0010   0x38  Data  Lc  xlocale_c.o [5]
_PrintfFullNoMb          0x800'018f  0xcb8  Code  Gb  xprintffull_nomb.o [5]
_PutcharsFullNoMb        0x800'0fe1   0x2e  Code  Lc  xprintffull_nomb.o [5]
_SProut                  0x800'1097    0xa  Code  Gb  xsprout.o [5]
__NVIC_SetPriority       0x800'25b5   0x1a  Code  Lc  stm32f4xx_hal_cortex.o [4]
__aeabi_cdcmple          0x800'1265         Code  Gb  DblCmpLe.o [6]
__aeabi_cdrcmple         0x800'1299         Code  Gb  DblCmpGe.o [6]
__aeabi_d2iz             0x800'1409         Code  Gb  DblToS32.o [6]
__aeabi_d2uiz            0x800'18fd         Code  Gb  DblToU32.o [6]
__aeabi_ddiv             0x800'16b5         Code  Gb  DblDiv.o [6]
__aeabi_dmul             0x800'193d         Code  Gb  DblMul.o [6]
__aeabi_dsub             0x800'15d1         Code  Gb  DblAddSub.o [6]
__aeabi_i2d              0x800'1441         Code  Gb  S32ToDbl.o [6]
__aeabi_ldiv0            0x800'1bfd         Code  Gb  I64DivZer.o [7]
__aeabi_memclr4          0x800'2e19         Code  Gb  ABImemclr4.o [7]
__aeabi_memcpy           0x800'114d         Code  Gb  ABImemcpy.o [7]
__aeabi_memcpy4          0x800'116d         Code  Gb  ABImemcpy.o [7]
__aeabi_memcpy8          0x800'116d         Code  Gb  ABImemcpy.o [7]
__aeabi_ui2d             0x800'1921         Code  Gb  U32ToDbl.o [6]
__cmain                  0x800'3531         Code  Gb  cmain.o [7]
__exit                   0x800'1c01   0x14  Code  Gb  exit.o [8]
__iar_Fail_s             0x800'10a1   0x1c  Code  Gb  xfail_s.o [5]
__iar_Memchr             0x800'10f5         Code  Gb  memchr.o [7]
__iar_Memset4_word       0x800'338d         Code  Gb  ABImemset48.o [7]
__iar_Memset8_word       0x800'338d         Code  Gb  ABImemset48.o [7]
__iar_Strchr             0x800'1081         Code  Gb  strchr.o [7]
__iar_copy_init3         0x800'1057   0x2a  Code  Gb  copy_init3.o [7]
__iar_data_init3         0x800'34a1   0x28  Code  Gb  data_init.o [7]
__iar_frexp              0x800'1201         Code  Gb  frexp.o [6]
__iar_frexpl             0x800'1201         Code  Gb  frexp.o [6]
__iar_init_vfp           0x800'34c9         Code  Gb  fpinit_M.o [6]
__iar_ldexp64            0x800'12cd         Code  Gb  ldexp.o [6]
__iar_program_start      0x800'3565         Code  Gb  cstartup_M.o [7]
__iar_scalbln64          0x800'12cd         Code  Gb  ldexp.o [6]
__iar_scalbn64           0x800'12cd         Code  Gb  ldexp.o [6]
__iar_small_Memset       0x800'2285         Code  Gb  ABImemset_small.o [7]
__iar_small_Memset_word
                         0x800'2285         Code  Gb  ABImemset_small.o [7]
__iar_small_memset       0x800'2285         Code  Gb  ABImemset_small.o [7]
__iar_small_strlen       0x800'10e1         Code  Gb  strlen_small.o [7]
__iar_small_uldivmod     0x800'1af1         Code  Gb  I64DivMod_small.o [7]
__iar_softfp___iar_frexp64
                         0x800'11f5         Code  Gb  frexp.o [6]
__iar_softfp_frexp       0x800'11f5         Code  Gb  frexp.o [6]
__iar_softfp_frexpl      0x800'11f5         Code  Gb  frexp.o [6]
__iar_zero_init3         0x800'3469   0x38  Code  Gb  zero_init3.o [7]
__low_level_init         0x800'354f    0x4  Code  Gb  low_level_init.o [5]
__vector_table           0x800'0000         Data  Gb  startup_stm32f407xx.o [3]
_call_main               0x800'353d         Code  Gb  cmain.o [7]
_exit                    0x800'3559         Code  Gb  cexit.o [7]
abort                    0x800'1bf7    0x6  Code  Gb  abort.o [5]
adcFlag                 0x2000'0120    0x1  Data  Gb  main.o [2]
adcRawValue             0x2000'0122    0x2  Data  Gb  main.o [2]
exit                     0x800'3553    0x4  Code  Gb  exit.o [5]
hadc1                   0x2000'0048   0x48  Data  Gb  adc.o [2]
htim8                   0x2000'0090   0x48  Data  Gb  tim.o [2]
huart1                  0x2000'00d8   0x48  Data  Gb  usart.o [2]
ldexp                    0x800'12cd         Code  Gb  ldexp.o [6]
ldexpl                   0x800'12cd         Code  Gb  ldexp.o [6]
localeconv               0x800'1ae9    0x4  Code  Gb  xlocale_c.o [5]
main                     0x800'2299   0x66  Code  Gb  main.o [2]
memchr                   0x800'10f5         Code  Gb  memchr.o [7]
scalbln                  0x800'12cd         Code  Gb  ldexp.o [6]
scalblnl                 0x800'12cd         Code  Gb  ldexp.o [6]
scalbn                   0x800'12cd         Code  Gb  ldexp.o [6]
scalbnl                  0x800'12cd         Code  Gb  ldexp.o [6]
scale                    0x800'0f89   0x46  Code  Lc  xprintffull_nomb.o [5]
sec_hand                0x2000'0124    0x4  Data  Lc  xfail_s.o [5]
sprintf                  0x800'2b09   0x40  Code  Gb  sprintf.o [5]
strchr                   0x800'1081         Code  Gb  strchr.o [7]
uwTick                  0x2000'0004    0x4  Data  Gb  stm32f4xx_hal.o [4]
uwTickFreq              0x2000'0000    0x1  Data  Gb  stm32f4xx_hal.o [4]
uwTickPrio              0x2000'0008    0x4  Data  Gb  stm32f4xx_hal.o [4]


[1] = C:\Users\Tohid Moosazadeh\Documents\STM32_Workplace\5-ADC\ADC_Ex2\EWARM\ADC_Ex2\Obj\CMSIS_6603591812247902717.dir
[2] = C:\Users\Tohid Moosazadeh\Documents\STM32_Workplace\5-ADC\ADC_Ex2\EWARM\ADC_Ex2\Obj\Core_13247989168731456611.dir
[3] = C:\Users\Tohid Moosazadeh\Documents\STM32_Workplace\5-ADC\ADC_Ex2\EWARM\ADC_Ex2\Obj\EWARM_18443280873093131863.dir
[4] = C:\Users\Tohid Moosazadeh\Documents\STM32_Workplace\5-ADC\ADC_Ex2\EWARM\ADC_Ex2\Obj\STM32F4xx_HAL_Driver_1244631019742807970.dir
[5] = dl7M_tlf.a
[6] = m7M_tls.a
[7] = rt7M_tl.a
[8] = shb_l.a

  13'919 bytes of readonly  code memory
     121 bytes of readonly  data memory
   1'320 bytes of readwrite data memory

Errors: none
Warnings: none
