###############################################################################
#
# IAR ELF Linker V9.60.3.422/W64 for ARM                  16/Jan/2025  14:08:38
# Copyright 2007-2024 IAR Systems AB.
#
#    Output file  =
#        C:\Users\Tohid
#        Moosazadeh\Documents\STM32_Workplace\3-Timers\Timer_Ex5\EWARM\Timer_Ex5\Exe\Timer_Ex5.out
#    Map file     =
#        C:\Users\Tohid
#        Moosazadeh\Documents\STM32_Workplace\3-Timers\Timer_Ex5\EWARM\Timer_Ex5\List\Timer_Ex5.map
#    Command line =
#        -f "C:\Users\Tohid
#        Moosazadeh\Documents\STM32_Workplace\3-Timers\Timer_Ex5\EWARM\Timer_Ex5\Exe\Timer_Ex5.out.rsp"
#        ("C:\Users\Tohid
#        Moosazadeh\Documents\STM32_Workplace\3-Timers\Timer_Ex5\EWARM\Timer_Ex5\Obj\Core_13247989168731456611.dir\gpio.o"
#        "C:\Users\Tohid
#        Moosazadeh\Documents\STM32_Workplace\3-Timers\Timer_Ex5\EWARM\Timer_Ex5\Obj\Core_13247989168731456611.dir\main.o"
#        "C:\Users\Tohid
#        Moosazadeh\Documents\STM32_Workplace\3-Timers\Timer_Ex5\EWARM\Timer_Ex5\Obj\EWARM_18443280873093131863.dir\startup_stm32f407xx.o"
#        "C:\Users\Tohid
#        Moosazadeh\Documents\STM32_Workplace\3-Timers\Timer_Ex5\EWARM\Timer_Ex5\Obj\STM32F4xx_HAL_Driver_1244631019742807970.dir\stm32f4xx_hal.o"
#        "C:\Users\Tohid
#        Moosazadeh\Documents\STM32_Workplace\3-Timers\Timer_Ex5\EWARM\Timer_Ex5\Obj\STM32F4xx_HAL_Driver_1244631019742807970.dir\stm32f4xx_hal_cortex.o"
#        "C:\Users\Tohid
#        Moosazadeh\Documents\STM32_Workplace\3-Timers\Timer_Ex5\EWARM\Timer_Ex5\Obj\STM32F4xx_HAL_Driver_1244631019742807970.dir\stm32f4xx_hal_dma.o"
#        "C:\Users\Tohid
#        Moosazadeh\Documents\STM32_Workplace\3-Timers\Timer_Ex5\EWARM\Timer_Ex5\Obj\STM32F4xx_HAL_Driver_1244631019742807970.dir\stm32f4xx_hal_dma_ex.o"
#        "C:\Users\Tohid
#        Moosazadeh\Documents\STM32_Workplace\3-Timers\Timer_Ex5\EWARM\Timer_Ex5\Obj\STM32F4xx_HAL_Driver_1244631019742807970.dir\stm32f4xx_hal_exti.o"
#        "C:\Users\Tohid
#        Moosazadeh\Documents\STM32_Workplace\3-Timers\Timer_Ex5\EWARM\Timer_Ex5\Obj\STM32F4xx_HAL_Driver_1244631019742807970.dir\stm32f4xx_hal_flash.o"
#        "C:\Users\Tohid
#        Moosazadeh\Documents\STM32_Workplace\3-Timers\Timer_Ex5\EWARM\Timer_Ex5\Obj\STM32F4xx_HAL_Driver_1244631019742807970.dir\stm32f4xx_hal_flash_ex.o"
#        "C:\Users\Tohid
#        Moosazadeh\Documents\STM32_Workplace\3-Timers\Timer_Ex5\EWARM\Timer_Ex5\Obj\STM32F4xx_HAL_Driver_1244631019742807970.dir\stm32f4xx_hal_flash_ramfunc.o"
#        "C:\Users\Tohid
#        Moosazadeh\Documents\STM32_Workplace\3-Timers\Timer_Ex5\EWARM\Timer_Ex5\Obj\STM32F4xx_HAL_Driver_1244631019742807970.dir\stm32f4xx_hal_gpio.o"
#        "C:\Users\Tohid
#        Moosazadeh\Documents\STM32_Workplace\3-Timers\Timer_Ex5\EWARM\Timer_Ex5\Obj\Core_13247989168731456611.dir\stm32f4xx_hal_msp.o"
#        "C:\Users\Tohid
#        Moosazadeh\Documents\STM32_Workplace\3-Timers\Timer_Ex5\EWARM\Timer_Ex5\Obj\STM32F4xx_HAL_Driver_1244631019742807970.dir\stm32f4xx_hal_pwr.o"
#        "C:\Users\Tohid
#        Moosazadeh\Documents\STM32_Workplace\3-Timers\Timer_Ex5\EWARM\Timer_Ex5\Obj\STM32F4xx_HAL_Driver_1244631019742807970.dir\stm32f4xx_hal_pwr_ex.o"
#        "C:\Users\Tohid
#        Moosazadeh\Documents\STM32_Workplace\3-Timers\Timer_Ex5\EWARM\Timer_Ex5\Obj\STM32F4xx_HAL_Driver_1244631019742807970.dir\stm32f4xx_hal_rcc.o"
#        "C:\Users\Tohid
#        Moosazadeh\Documents\STM32_Workplace\3-Timers\Timer_Ex5\EWARM\Timer_Ex5\Obj\STM32F4xx_HAL_Driver_1244631019742807970.dir\stm32f4xx_hal_rcc_ex.o"
#        "C:\Users\Tohid
#        Moosazadeh\Documents\STM32_Workplace\3-Timers\Timer_Ex5\EWARM\Timer_Ex5\Obj\STM32F4xx_HAL_Driver_1244631019742807970.dir\stm32f4xx_hal_tim.o"
#        "C:\Users\Tohid
#        Moosazadeh\Documents\STM32_Workplace\3-Timers\Timer_Ex5\EWARM\Timer_Ex5\Obj\STM32F4xx_HAL_Driver_1244631019742807970.dir\stm32f4xx_hal_tim_ex.o"
#        "C:\Users\Tohid
#        Moosazadeh\Documents\STM32_Workplace\3-Timers\Timer_Ex5\EWARM\Timer_Ex5\Obj\Core_13247989168731456611.dir\stm32f4xx_it.o"
#        "C:\Users\Tohid
#        Moosazadeh\Documents\STM32_Workplace\3-Timers\Timer_Ex5\EWARM\Timer_Ex5\Obj\CMSIS_6603591812247902717.dir\system_stm32f4xx.o"
#        "C:\Users\Tohid
#        Moosazadeh\Documents\STM32_Workplace\3-Timers\Timer_Ex5\EWARM\Timer_Ex5\Obj\Core_13247989168731456611.dir\tim.o"
#        --no_out_extension -o "C:\Users\Tohid
#        Moosazadeh\Documents\STM32_Workplace\3-Timers\Timer_Ex5\EWARM\Timer_Ex5\Exe\Timer_Ex5.out"
#        --redirect _Printf=_PrintfFullNoMb --redirect _Scanf=_ScanfFullNoMb
#        --map "C:\Users\Tohid
#        Moosazadeh\Documents\STM32_Workplace\3-Timers\Timer_Ex5\EWARM\Timer_Ex5\List\Timer_Ex5.map"
#        --config "C:\Users\Tohid
#        Moosazadeh\Documents\STM32_Workplace\3-Timers\Timer_Ex5\EWARM/stm32f407xx_flash.icf"
#        --semihosting --entry __iar_program_start --vfe --text_out locale
#        --cpu=Cortex-M4 --fpu=VFPv4_sp) --dependencies=n "C:\Users\Tohid
#        Moosazadeh\Documents\STM32_Workplace\3-Timers\Timer_Ex5\EWARM\Timer_Ex5\Exe\Timer_Ex5.out.iar_deps"
#
###############################################################################

*******************************************************************************
*** RUNTIME MODEL ATTRIBUTES
***

CppFlavor       = *
__CPP_Runtime   = 1
__SystemLibrary = DLib
__dlib_version  = 6


*******************************************************************************
*** HEAP SELECTION
***

The basic heap was selected because --advanced_heap
was not specified and the application did not appear to
be primarily optimized for speed.


*******************************************************************************
*** PLACEMENT SUMMARY
***

"A0":  place at address 0x800'0000 { ro section .intvec };
"P1":  place in [from 0x800'0000 to 0x80f'ffff] { ro };
define block CSTACK with size = 1K, alignment = 8 { };
define block HEAP with size = 512, alignment = 8 { };
"P2":  place in [from 0x2000'0000 to 0x2001'ffff] {
          rw, block CSTACK, block HEAP };
initialize by copy { rw };

  Section            Kind         Address  Alignment    Size  Object
  -------            ----         -------  ---------    ----  ------
"A0":                                                  0x188
  .intvec            ro code   0x800'0000          4   0x188  startup_stm32f407xx.o [3]
                             - 0x800'0188              0x188

"P1":                                                 0x364a
  .text              ro code   0x800'0188          4   0xece  xprintffull_nomb.o [5]
  .text              ro code   0x800'1056          2    0x3a  packbits_init_single.o [7]
  .text              ro code   0x800'1090          4    0x16  strchr.o [7]
  .rodata            const     0x800'10a6          2     0x2  xlocale_c.o [5]
  .text              ro code   0x800'10a8          4    0x40  xfail_s.o [5]
  .text              ro code   0x800'10e8          4    0x36  strlen.o [7]
  .rodata            const     0x800'111e                0x1  xlocale_c.o [5]
  .text              ro code   0x800'1120          4    0x58  memchr.o [7]
  .text              ro code   0x800'1178          4    0xa6  ABImemcpy.o [7]
  .text              ro code   0x800'1220          4    0x70  frexp.o [6]
  .text              ro code   0x800'1290          4    0x34  DblCmpLe.o [6]
  .text              ro code   0x800'12c4          4    0x34  DblCmpGe.o [6]
  .text              ro code   0x800'12f8          4   0x13a  ldexp.o [6]
  .text              ro code   0x800'1434          4    0x36  DblToS32.o [6]
  .text              ro code   0x800'146c          4    0x22  S32ToDbl.o [6]
  .text              ro code   0x800'1490          4   0x24e  DblAddSub.o [6]
  .text              ro code   0x800'16e0          4   0x246  DblDiv.o [6]
  .text              ro code   0x800'1928          4    0x22  DblToU32.o [6]
  .text              ro code   0x800'194c          4    0x1c  U32ToDbl.o [6]
  .text              ro code   0x800'1968          4   0x1aa  DblMul.o [6]
  .text              ro code   0x800'1b14          4     0x8  xlocale_c.o [5]
  .text              ro code   0x800'1b1c          4   0x106  I64DivMod_small.o [7]
  .text              ro code   0x800'1c22          2     0x6  abort.o [5]
  .text              ro code   0x800'1c28          4     0x2  I64DivZer.o [7]
  .text              ro code   0x800'1c2c          4    0x14  exit.o [8]
  .text              ro code   0x800'1c40          4    0x7c  iarttio.o [8]
  .text              ro code   0x800'1cbc          4     0x8  XShttio.o [5]
  .text              ro code   0x800'1cc4          4   0xa62  stm32f4xx_hal_tim.o [4]
  .text              ro code   0x800'2728          4   0x210  tim.o [2]
  .text              ro code   0x800'2938          2     0x2  stm32f4xx_hal_tim.o [4]
  .text              ro code   0x800'293a          2     0x2  stm32f4xx_hal_tim.o [4]
  .text              ro code   0x800'293c          4    0xa8  stm32f4xx_it.o [2]
  .text              ro code   0x800'29e4          2     0x2  stm32f4xx_hal_tim.o [4]
  .text              ro code   0x800'29e6          2     0x2  stm32f4xx_hal_tim_ex.o [4]
  .text              ro code   0x800'29e8          2     0x2  stm32f4xx_hal_tim.o [4]
  .text              ro code   0x800'29ea          2     0x2  stm32f4xx_hal_tim_ex.o [4]
  .text              ro code   0x800'29ec          2     0x2  stm32f4xx_hal_tim.o [4]
  .text              ro code   0x800'29f0          4    0x12  ABImemset_small.o [7]
  .text              ro code   0x800'2a04          4   0x150  main.o [2]
  .text              ro code   0x800'2b54          4    0x8c  stm32f4xx_hal_tim_ex.o [4]
  .text              ro code   0x800'2be0          4    0xb8  stm32f4xx_hal_cortex.o [4]
  .text              ro code   0x800'2c98          4   0x1ec  stm32f4xx_hal_gpio.o [4]
  .text              ro code   0x800'2e84          4    0x10  stm32f4xx_hal.o [4]
  .text              ro code   0x800'2e94          4    0x34  stm32f4xx_hal.o [4]
  .text              ro code   0x800'2ec8          4    0x38  gpio.o [2]
  .text              ro code   0x800'2f00          4    0x28  printf.o [5]
  .text              ro code   0x800'2f28          4   0x310  stm32f4xx_hal_rcc.o [4]
  .text              ro code   0x800'3238          4   0x120  stm32f4xx_hal_rcc.o [4]
  .text              ro code   0x800'3358          4    0x40  stm32f4xx_hal.o [4]
  .text              ro code   0x800'3398          4    0x38  stm32f4xx_hal_msp.o [2]
  .text              ro code   0x800'33d0          4     0xc  stm32f4xx_hal.o [4]
  .text              ro code   0x800'33dc          4    0x60  stm32f4xx_hal_rcc.o [4]
  .text              ro code   0x800'343c          4    0x44  putchar.o [5]
  .text              ro code   0x800'3480          2    0x10  write.o [8]
  .text              ro code   0x800'3490          2    0x1e  dwrite.o [8]
  .text              ro code   0x800'34ae          2    0x20  iarwstd.o [8]
  .text              ro code   0x800'34ce          2    0x22  iarwrite.o [8]
  .text              ro code   0x800'34f0          2    0x38  zero_init3.o [7]
  .text              ro code   0x800'3528          4    0x28  data_init.o [7]
  .text              ro code   0x800'3550          4    0x22  fpinit_M.o [6]
  .iar.init_table    const     0x800'3574          4    0x20  - Linker created -
  .text              ro code   0x800'3594          4    0x20  system_stm32f4xx.o [1]
  .text              ro code   0x800'35b4          4    0x1e  cmain.o [7]
  .text              ro code   0x800'35d2          2     0x4  low_level_init.o [5]
  .text              ro code   0x800'35d6          2     0x4  exit.o [5]
  .text              ro code   0x800'35dc          4     0xa  cexit.o [7]
  .text              ro code   0x800'35e8          4    0x1c  cstartup_M.o [7]
  .text              ro code   0x800'3604          2    0x16  xprout.o [5]
  .text              ro code   0x800'361c          4    0x10  startup_stm32f407xx.o [3]
  .text              ro code   0x800'362c          2     0x4  startup_stm32f407xx.o [3]
  .text              ro code   0x800'3630          2     0x4  startup_stm32f407xx.o [3]
  .text              ro code   0x800'3634          2     0x4  startup_stm32f407xx.o [3]
  .text              ro code   0x800'3638          2     0x4  startup_stm32f407xx.o [3]
  .text              ro code   0x800'363c          2     0x4  startup_stm32f407xx.o [3]
  .text              ro code   0x800'3640          2     0x4  startup_stm32f407xx.o [3]
  .text              ro code   0x800'3644          2     0x4  startup_stm32f407xx.o [3]
  .text              ro code   0x800'3648          2     0x4  startup_stm32f407xx.o [3]
  .text              ro code   0x800'364c          2     0x4  startup_stm32f407xx.o [3]
  .text              ro code   0x800'3650          2     0x4  startup_stm32f407xx.o [3]
  .text              ro code   0x800'3654          2     0x4  startup_stm32f407xx.o [3]
  .text              ro code   0x800'3658          2     0x4  startup_stm32f407xx.o [3]
  .text              ro code   0x800'365c          2     0x4  startup_stm32f407xx.o [3]
  .text              ro code   0x800'3660          2     0x4  startup_stm32f407xx.o [3]
  .text              ro code   0x800'3664          2     0x4  startup_stm32f407xx.o [3]
  .text              ro code   0x800'3668          2     0x4  startup_stm32f407xx.o [3]
  .text              ro code   0x800'366c          2     0x4  startup_stm32f407xx.o [3]
  .text              ro code   0x800'3670          2     0x4  startup_stm32f407xx.o [3]
  .text              ro code   0x800'3674          2     0x4  startup_stm32f407xx.o [3]
  .text              ro code   0x800'3678          2     0x4  startup_stm32f407xx.o [3]
  .text              ro code   0x800'367c          2     0x4  startup_stm32f407xx.o [3]
  .text              ro code   0x800'3680          2     0x4  startup_stm32f407xx.o [3]
  .text              ro code   0x800'3684          2     0x4  startup_stm32f407xx.o [3]
  .text              ro code   0x800'3688          2     0x4  startup_stm32f407xx.o [3]
  .text              ro code   0x800'368c          2     0x4  startup_stm32f407xx.o [3]
  .text              ro code   0x800'3690          2     0x4  startup_stm32f407xx.o [3]
  .text              ro code   0x800'3694          2     0x4  startup_stm32f407xx.o [3]
  .text              ro code   0x800'3698          2     0x4  startup_stm32f407xx.o [3]
  .text              ro code   0x800'369c          2     0x4  startup_stm32f407xx.o [3]
  .text              ro code   0x800'36a0          2     0x4  startup_stm32f407xx.o [3]
  .text              ro code   0x800'36a4          2     0x4  startup_stm32f407xx.o [3]
  .text              ro code   0x800'36a8          2     0x4  startup_stm32f407xx.o [3]
  .text              ro code   0x800'36ac          2     0x4  startup_stm32f407xx.o [3]
  .text              ro code   0x800'36b0          2     0x4  startup_stm32f407xx.o [3]
  .text              ro code   0x800'36b4          2     0x4  startup_stm32f407xx.o [3]
  .text              ro code   0x800'36b8          2     0x4  startup_stm32f407xx.o [3]
  .text              ro code   0x800'36bc          2     0x4  startup_stm32f407xx.o [3]
  .text              ro code   0x800'36c0          2     0x4  startup_stm32f407xx.o [3]
  .text              ro code   0x800'36c4          2     0x4  startup_stm32f407xx.o [3]
  .text              ro code   0x800'36c8          2     0x4  startup_stm32f407xx.o [3]
  .text              ro code   0x800'36cc          2     0x4  startup_stm32f407xx.o [3]
  .text              ro code   0x800'36d0          2     0x4  startup_stm32f407xx.o [3]
  .text              ro code   0x800'36d4          2     0x4  startup_stm32f407xx.o [3]
  .text              ro code   0x800'36d8          2     0x4  startup_stm32f407xx.o [3]
  .text              ro code   0x800'36dc          2     0x4  startup_stm32f407xx.o [3]
  .text              ro code   0x800'36e0          2     0x4  startup_stm32f407xx.o [3]
  .text              ro code   0x800'36e4          2     0x4  startup_stm32f407xx.o [3]
  .text              ro code   0x800'36e8          2     0x4  startup_stm32f407xx.o [3]
  .text              ro code   0x800'36ec          2     0x4  startup_stm32f407xx.o [3]
  .text              ro code   0x800'36f0          2     0x4  startup_stm32f407xx.o [3]
  .text              ro code   0x800'36f4          2     0x4  startup_stm32f407xx.o [3]
  .text              ro code   0x800'36f8          2     0x4  startup_stm32f407xx.o [3]
  .text              ro code   0x800'36fc          2     0x4  startup_stm32f407xx.o [3]
  .text              ro code   0x800'3700          2     0x4  startup_stm32f407xx.o [3]
  .text              ro code   0x800'3704          2     0x4  startup_stm32f407xx.o [3]
  .text              ro code   0x800'3708          2     0x4  startup_stm32f407xx.o [3]
  .text              ro code   0x800'370c          2     0x4  startup_stm32f407xx.o [3]
  .text              ro code   0x800'3710          2     0x4  startup_stm32f407xx.o [3]
  .text              ro code   0x800'3714          2     0x4  startup_stm32f407xx.o [3]
  .text              ro code   0x800'3718          2     0x4  startup_stm32f407xx.o [3]
  .text              ro code   0x800'371c          2     0x4  startup_stm32f407xx.o [3]
  .text              ro code   0x800'3720          2     0x4  startup_stm32f407xx.o [3]
  .text              ro code   0x800'3724          2     0x4  startup_stm32f407xx.o [3]
  .text              ro code   0x800'3728          2     0x4  startup_stm32f407xx.o [3]
  .text              ro code   0x800'372c          2     0x4  startup_stm32f407xx.o [3]
  .text              ro code   0x800'3730          2     0x4  startup_stm32f407xx.o [3]
  .text              ro code   0x800'3734          2     0x4  startup_stm32f407xx.o [3]
  .text              ro code   0x800'3738          2     0x4  startup_stm32f407xx.o [3]
  .text              ro code   0x800'373c          2     0x4  startup_stm32f407xx.o [3]
  .text              ro code   0x800'3740          2     0x4  startup_stm32f407xx.o [3]
  .text              ro code   0x800'3744          2     0x4  startup_stm32f407xx.o [3]
  .text              ro code   0x800'3748          2     0x4  startup_stm32f407xx.o [3]
  .text              ro code   0x800'374c          2     0x4  startup_stm32f407xx.o [3]
  .text              ro code   0x800'3750          2     0x4  startup_stm32f407xx.o [3]
  .text              ro code   0x800'3754          2     0x4  startup_stm32f407xx.o [3]
  .text              ro code   0x800'3758          2     0x4  startup_stm32f407xx.o [3]
  .text              ro code   0x800'375c          2     0x4  startup_stm32f407xx.o [3]
  .text              ro code   0x800'3760          2     0x4  startup_stm32f407xx.o [3]
  .text              ro code   0x800'3764          2     0x4  startup_stm32f407xx.o [3]
  .text              ro code   0x800'3768          2     0x4  startup_stm32f407xx.o [3]
  .rodata            const     0x800'376c                0x0  zero_init3.o [7]
  .rodata            const     0x800'376c                0x0  packbits_init_single.o [7]
  Initializer bytes  const     0x800'376c               0x66  <for P2-1>
                             - 0x800'37d2             0x364a

"P2", part 1 of 3:                                      0x98
  P2-1                        0x2000'0000               0x98  <Init block>
    .data            inited   0x2000'0000          4     0xc  stm32f4xx_hal.o [4]
    .data            inited   0x2000'000c          4     0x4  system_stm32f4xx.o [1]
    .data            inited   0x2000'0010          4    0x38  xlocale_c.o [5]
    .data            inited   0x2000'0048          4    0x48  xfiles.o [5]
    .data            inited   0x2000'0090          4     0x8  XShttio.o [5]
                            - 0x2000'0098               0x98

"P2", part 2 of 3:                                      0xf4
  .bss               zero     0x2000'0098          4    0x50  xfiles.o [5]
  .bss               zero     0x2000'00e8          4    0x48  tim.o [2]
  .bss               zero     0x2000'0130          4    0x48  tim.o [2]
  .bss               zero     0x2000'0178          4     0xc  main.o [2]
  .bss               zero     0x2000'0184          4     0x4  xfail_s.o [5]
  .bss               zero     0x2000'0188          2     0x2  stm32f4xx_it.o [2]
                            - 0x2000'018a               0xf2

"P2", part 3 of 3:                                     0x400
  CSTACK                      0x2000'0190          8   0x400  <Block>
    CSTACK           uninit   0x2000'0190              0x400  <Block tail>
                            - 0x2000'0590              0x400

Unused ranges:

         From           To      Size
         ----           --      ----
   0x800'37d2   0x80f'ffff  0xf'c82e
  0x2000'018c  0x2000'018f       0x4
  0x2000'0590  0x2001'ffff  0x1'fa70


*******************************************************************************
*** INIT TABLE
***

          Address      Size
          -------      ----
Zero (__iar_zero_init3)
    1 destination range, total size 0xf2:
          0x2000'0098  0xf2

Copy/packbits (__iar_packbits_init_single3)
    1 source range, total size 0x66 (67% of destination):
           0x800'376c  0x66
    1 destination range, total size 0x98:
          0x2000'0000  0x98



*******************************************************************************
*** MODULE SUMMARY
***

    Module                  ro code  ro data  rw data
    ------                  -------  -------  -------
command line/config:
    -------------------------------------------------
    Total:

C:\Users\Tohid Moosazadeh\Documents\STM32_Workplace\3-Timers\Timer_Ex5\EWARM\Timer_Ex5\Obj\CMSIS_6603591812247902717.dir: [1]
    system_stm32f4xx.o           32        2        4
    -------------------------------------------------
    Total:                       32        2        4

C:\Users\Tohid Moosazadeh\Documents\STM32_Workplace\3-Timers\Timer_Ex5\EWARM\Timer_Ex5\Obj\Core_13247989168731456611.dir: [2]
    gpio.o                       56
    main.o                      336                12
    stm32f4xx_hal_msp.o          56
    stm32f4xx_it.o              168                 2
    tim.o                       528               144
    -------------------------------------------------
    Total:                    1'144               158

C:\Users\Tohid Moosazadeh\Documents\STM32_Workplace\3-Timers\Timer_Ex5\EWARM\Timer_Ex5\Obj\EWARM_18443280873093131863.dir: [3]
    startup_stm32f407xx.o       728
    -------------------------------------------------
    Total:                      728

C:\Users\Tohid Moosazadeh\Documents\STM32_Workplace\3-Timers\Timer_Ex5\EWARM\Timer_Ex5\Obj\STM32F4xx_HAL_Driver_1244631019742807970.dir: [4]
    stm32f4xx_hal.o             144        8       12
    stm32f4xx_hal_cortex.o      184
    stm32f4xx_hal_gpio.o        492
    stm32f4xx_hal_rcc.o       1'168
    stm32f4xx_hal_tim.o       2'668
    stm32f4xx_hal_tim_ex.o      144
    -------------------------------------------------
    Total:                    4'800        8       12

dl7M_tlf.a: [5]
    XShttio.o                     8        6        8
    abort.o                       6
    exit.o                        4
    low_level_init.o              4
    printf.o                     40
    putchar.o                    68
    xfail_s.o                    64                 4
    xfiles.o                              48      152
    xlocale_c.o                   8       41       56
    xprintffull_nomb.o        3'790
    xprout.o                     22
    -------------------------------------------------
    Total:                    4'014       95      220

m7M_tls.a: [6]
    DblAddSub.o                 590
    DblCmpGe.o                   52
    DblCmpLe.o                   52
    DblDiv.o                    582
    DblMul.o                    426
    DblToS32.o                   54
    DblToU32.o                   34
    S32ToDbl.o                   34
    U32ToDbl.o                   28
    fpinit_M.o                   34
    frexp.o                     112
    ldexp.o                     314
    -------------------------------------------------
    Total:                    2'312

rt7M_tl.a: [7]
    ABImemcpy.o                 166
    ABImemset_small.o            18
    I64DivMod_small.o           262
    I64DivZer.o                   2
    cexit.o                      10
    cmain.o                      30
    cstartup_M.o                 28
    data_init.o                  40
    memchr.o                     88
    packbits_init_single.o       58
    strchr.o                     22
    strlen.o                     54
    zero_init3.o                 56
    -------------------------------------------------
    Total:                      834

shb_l.a: [8]
    dwrite.o                     30
    exit.o                       20
    iarttio.o                   124
    iarwrite.o                   34
    iarwstd.o                    32
    write.o                      16
    -------------------------------------------------
    Total:                      256

    Gaps                         31        2
    Linker created                        32    1'024
-----------------------------------------------------
    Grand Total:             14'151      139    1'418


*******************************************************************************
*** ENTRY LIST
***

Entry                       Address   Size  Type      Object
-----                       -------   ----  ----      ------
.iar.init_table$$Base    0x800'3574          --   Gb  - Linker created -
.iar.init_table$$Limit   0x800'3594          --   Gb  - Linker created -
?main                    0x800'35b5         Code  Gb  cmain.o [7]
ADC_IRQHandler           0x800'3675         Code  Wk  startup_stm32f407xx.o [3]
AHBPrescTable            0x800'35a4   0x10  Data  Gb  system_stm32f4xx.o [1]
BusFault_Handler         0x800'2943    0x2  Code  Gb  stm32f4xx_it.o [2]
CAN1_RX0_IRQHandler      0x800'367d         Code  Wk  startup_stm32f407xx.o [3]
CAN1_RX1_IRQHandler      0x800'3681         Code  Wk  startup_stm32f407xx.o [3]
CAN1_SCE_IRQHandler      0x800'3685         Code  Wk  startup_stm32f407xx.o [3]
CAN1_TX_IRQHandler       0x800'3679         Code  Wk  startup_stm32f407xx.o [3]
CAN2_RX0_IRQHandler      0x800'3729         Code  Wk  startup_stm32f407xx.o [3]
CAN2_RX1_IRQHandler      0x800'372d         Code  Wk  startup_stm32f407xx.o [3]
CAN2_SCE_IRQHandler      0x800'3731         Code  Wk  startup_stm32f407xx.o [3]
CAN2_TX_IRQHandler       0x800'3725         Code  Wk  startup_stm32f407xx.o [3]
CSTACK$$Base            0x2000'0190          --   Gb  - Linker created -
CSTACK$$Limit           0x2000'0590          --   Gb  - Linker created -
DCMI_IRQHandler          0x800'3761         Code  Wk  startup_stm32f407xx.o [3]
DMA1_Stream0_IRQHandler
                         0x800'3659         Code  Wk  startup_stm32f407xx.o [3]
DMA1_Stream1_IRQHandler
                         0x800'365d         Code  Wk  startup_stm32f407xx.o [3]
DMA1_Stream2_IRQHandler
                         0x800'3661         Code  Wk  startup_stm32f407xx.o [3]
DMA1_Stream3_IRQHandler
                         0x800'3665         Code  Wk  startup_stm32f407xx.o [3]
DMA1_Stream4_IRQHandler
                         0x800'3669         Code  Wk  startup_stm32f407xx.o [3]
DMA1_Stream5_IRQHandler
                         0x800'366d         Code  Wk  startup_stm32f407xx.o [3]
DMA1_Stream6_IRQHandler
                         0x800'3671         Code  Wk  startup_stm32f407xx.o [3]
DMA1_Stream7_IRQHandler
                         0x800'36e5         Code  Wk  startup_stm32f407xx.o [3]
DMA2_Stream0_IRQHandler
                         0x800'3709         Code  Wk  startup_stm32f407xx.o [3]
DMA2_Stream1_IRQHandler
                         0x800'370d         Code  Wk  startup_stm32f407xx.o [3]
DMA2_Stream2_IRQHandler
                         0x800'3711         Code  Wk  startup_stm32f407xx.o [3]
DMA2_Stream3_IRQHandler
                         0x800'3715         Code  Wk  startup_stm32f407xx.o [3]
DMA2_Stream4_IRQHandler
                         0x800'3719         Code  Wk  startup_stm32f407xx.o [3]
DMA2_Stream5_IRQHandler
                         0x800'3739         Code  Wk  startup_stm32f407xx.o [3]
DMA2_Stream6_IRQHandler
                         0x800'373d         Code  Wk  startup_stm32f407xx.o [3]
DMA2_Stream7_IRQHandler
                         0x800'3741         Code  Wk  startup_stm32f407xx.o [3]
DebugMon_Handler         0x800'2949    0x2  Code  Gb  stm32f4xx_it.o [2]
ETH_IRQHandler           0x800'371d         Code  Wk  startup_stm32f407xx.o [3]
ETH_WKUP_IRQHandler      0x800'3721         Code  Wk  startup_stm32f407xx.o [3]
EXTI0_IRQHandler         0x800'3645         Code  Wk  startup_stm32f407xx.o [3]
EXTI15_10_IRQHandler     0x800'36c9         Code  Wk  startup_stm32f407xx.o [3]
EXTI1_IRQHandler         0x800'3649         Code  Wk  startup_stm32f407xx.o [3]
EXTI2_IRQHandler         0x800'364d         Code  Wk  startup_stm32f407xx.o [3]
EXTI3_IRQHandler         0x800'3651         Code  Wk  startup_stm32f407xx.o [3]
EXTI4_IRQHandler         0x800'3655         Code  Wk  startup_stm32f407xx.o [3]
EXTI9_5_IRQHandler       0x800'3689         Code  Wk  startup_stm32f407xx.o [3]
Error_Handler            0x800'2b29    0x4  Code  Gb  main.o [2]
FLASH_IRQHandler         0x800'363d         Code  Wk  startup_stm32f407xx.o [3]
FPU_IRQHandler           0x800'3769         Code  Wk  startup_stm32f407xx.o [3]
FSMC_IRQHandler          0x800'36e9         Code  Wk  startup_stm32f407xx.o [3]
HAL_GPIO_Init            0x800'2c99  0x1be  Code  Gb  stm32f4xx_hal_gpio.o [4]
HAL_GetTick              0x800'33d1    0xc  Code  Wk  stm32f4xx_hal.o [4]
HAL_IncTick              0x800'2e85   0x10  Code  Wk  stm32f4xx_hal.o [4]
HAL_Init                 0x800'2e95   0x30  Code  Gb  stm32f4xx_hal.o [4]
HAL_InitTick             0x800'3359   0x40  Code  Wk  stm32f4xx_hal.o [4]
HAL_MspInit              0x800'3399   0x38  Code  Gb  stm32f4xx_hal_msp.o [2]
HAL_NVIC_EnableIRQ       0x800'2c49   0x16  Code  Gb  stm32f4xx_hal_cortex.o [4]
HAL_NVIC_SetPriority     0x800'2c0f   0x3a  Code  Gb  stm32f4xx_hal_cortex.o [4]
HAL_NVIC_SetPriorityGrouping
                         0x800'2bfb   0x14  Code  Gb  stm32f4xx_hal_cortex.o [4]
HAL_RCC_ClockConfig      0x800'3239  0x100  Code  Gb  stm32f4xx_hal_rcc.o [4]
HAL_RCC_GetSysClockFreq
                         0x800'33dd   0x60  Code  Wk  stm32f4xx_hal_rcc.o [4]
HAL_RCC_OscConfig        0x800'2f29  0x310  Code  Wk  stm32f4xx_hal_rcc.o [4]
HAL_SYSTICK_Config       0x800'2c5f   0x22  Code  Gb  stm32f4xx_hal_cortex.o [4]
HAL_TIMEx_BreakCallback
                         0x800'29e7    0x2  Code  Wk  stm32f4xx_hal_tim_ex.o [4]
HAL_TIMEx_CommutCallback
                         0x800'29eb    0x2  Code  Wk  stm32f4xx_hal_tim_ex.o [4]
HAL_TIMEx_MasterConfigSynchronization
                         0x800'2b55   0x6e  Code  Gb  stm32f4xx_hal_tim_ex.o [4]
HAL_TIM_Base_Init        0x800'1cc5   0x1a  Code  Gb  stm32f4xx_hal_tim.o [4]
HAL_TIM_Base_MspInit     0x800'284b   0x84  Code  Gb  tim.o [2]
HAL_TIM_Base_Start_IT    0x800'1cdf   0x76  Code  Gb  stm32f4xx_hal_tim.o [4]
HAL_TIM_ConfigClockSource
                         0x800'2301   0xac  Code  Gb  stm32f4xx_hal_tim.o [4]
HAL_TIM_IC_CaptureCallback
                         0x800'2973   0x44  Code  Gb  stm32f4xx_it.o [2]
HAL_TIM_IC_ConfigChannel
                         0x800'2131  0x102  Code  Gb  stm32f4xx_hal_tim.o [4]
HAL_TIM_IC_Init          0x800'1ed5   0x1c  Code  Gb  stm32f4xx_hal_tim.o [4]
HAL_TIM_IC_MspInit       0x800'293b    0x2  Code  Wk  stm32f4xx_hal_tim.o [4]
HAL_TIM_IC_Start_IT      0x800'1efb   0xd4  Code  Gb  stm32f4xx_hal_tim.o [4]
HAL_TIM_IRQHandler       0x800'2001  0x12a  Code  Gb  stm32f4xx_hal_tim.o [4]
HAL_TIM_MspPostInit      0x800'28cf   0x42  Code  Gb  tim.o [2]
HAL_TIM_OC_DelayElapsedCallback
                         0x800'29e5    0x2  Code  Wk  stm32f4xx_hal_tim.o [4]
HAL_TIM_PWM_ConfigChannel
                         0x800'223d   0xb6  Code  Gb  stm32f4xx_hal_tim.o [4]
HAL_TIM_PWM_Init         0x800'1d7d   0x1a  Code  Gb  stm32f4xx_hal_tim.o [4]
HAL_TIM_PWM_MspInit      0x800'2939    0x2  Code  Wk  stm32f4xx_hal_tim.o [4]
HAL_TIM_PWM_PulseFinishedCallback
                         0x800'29ed    0x2  Code  Wk  stm32f4xx_hal_tim.o [4]
HAL_TIM_PWM_Start        0x800'1da7   0x96  Code  Gb  stm32f4xx_hal_tim.o [4]
HAL_TIM_PeriodElapsedCallback
                         0x800'29b7   0x10  Code  Gb  stm32f4xx_it.o [2]
HAL_TIM_ReadCapturedValue
                         0x800'23bf   0x2c  Code  Gb  stm32f4xx_hal_tim.o [4]
HAL_TIM_TriggerCallback
                         0x800'29e9    0x2  Code  Wk  stm32f4xx_hal_tim.o [4]
HASH_RNG_IRQHandler      0x800'3765         Code  Wk  startup_stm32f407xx.o [3]
HardFault_Handler        0x800'293f    0x2  Code  Gb  stm32f4xx_it.o [2]
I2C1_ER_IRQHandler       0x800'36a9         Code  Wk  startup_stm32f407xx.o [3]
I2C1_EV_IRQHandler       0x800'36a5         Code  Wk  startup_stm32f407xx.o [3]
I2C2_ER_IRQHandler       0x800'36b1         Code  Wk  startup_stm32f407xx.o [3]
I2C2_EV_IRQHandler       0x800'36ad         Code  Wk  startup_stm32f407xx.o [3]
I2C3_ER_IRQHandler       0x800'374d         Code  Wk  startup_stm32f407xx.o [3]
I2C3_EV_IRQHandler       0x800'3749         Code  Wk  startup_stm32f407xx.o [3]
MX_GPIO_Init             0x800'2ec9   0x38  Code  Gb  gpio.o [2]
MX_TIM2_Init             0x800'2729   0x80  Code  Gb  tim.o [2]
MX_TIM3_Init             0x800'27a9   0x82  Code  Gb  tim.o [2]
MemManage_Handler        0x800'2941    0x2  Code  Gb  stm32f4xx_it.o [2]
NMI_Handler              0x800'293d    0x2  Code  Gb  stm32f4xx_it.o [2]
OTG_FS_IRQHandler        0x800'3735         Code  Wk  startup_stm32f407xx.o [3]
OTG_FS_WKUP_IRQHandler   0x800'36d1         Code  Wk  startup_stm32f407xx.o [3]
OTG_HS_EP1_IN_IRQHandler
                         0x800'3755         Code  Wk  startup_stm32f407xx.o [3]
OTG_HS_EP1_OUT_IRQHandler
                         0x800'3751         Code  Wk  startup_stm32f407xx.o [3]
OTG_HS_IRQHandler        0x800'375d         Code  Wk  startup_stm32f407xx.o [3]
OTG_HS_WKUP_IRQHandler   0x800'3759         Code  Wk  startup_stm32f407xx.o [3]
PVD_IRQHandler           0x800'3631         Code  Wk  startup_stm32f407xx.o [3]
PendSV_Handler           0x800'294b    0x2  Code  Gb  stm32f4xx_it.o [2]
RCC_IRQHandler           0x800'3641         Code  Wk  startup_stm32f407xx.o [3]
RTC_Alarm_IRQHandler     0x800'36cd         Code  Wk  startup_stm32f407xx.o [3]
RTC_WKUP_IRQHandler      0x800'3639         Code  Wk  startup_stm32f407xx.o [3]
Region$$Table$$Base      0x800'3574          --   Gb  - Linker created -
Region$$Table$$Limit     0x800'3594          --   Gb  - Linker created -
Reset_Handler            0x800'361d         Code  Wk  startup_stm32f407xx.o [3]
SDIO_IRQHandler          0x800'36ed         Code  Wk  startup_stm32f407xx.o [3]
SPI1_IRQHandler          0x800'36b5         Code  Wk  startup_stm32f407xx.o [3]
SPI2_IRQHandler          0x800'36b9         Code  Wk  startup_stm32f407xx.o [3]
SPI3_IRQHandler          0x800'36f5         Code  Wk  startup_stm32f407xx.o [3]
SVC_Handler              0x800'2947    0x2  Code  Gb  stm32f4xx_it.o [2]
SysTick_Handler          0x800'294d   0x20  Code  Gb  stm32f4xx_it.o [2]
SystemClock_Config       0x800'2a75   0x9a  Code  Gb  main.o [2]
SystemCoreClock         0x2000'000c    0x4  Data  Gb  system_stm32f4xx.o [1]
SystemInit               0x800'3595    0xc  Code  Gb  system_stm32f4xx.o [1]
TAMP_STAMP_IRQHandler    0x800'3635         Code  Wk  startup_stm32f407xx.o [3]
TIM1_BRK_TIM9_IRQHandler
                         0x800'368d         Code  Wk  startup_stm32f407xx.o [3]
TIM1_CC_IRQHandler       0x800'3699         Code  Wk  startup_stm32f407xx.o [3]
TIM1_TRG_COM_TIM11_IRQHandler
                         0x800'3695         Code  Wk  startup_stm32f407xx.o [3]
TIM1_UP_TIM10_IRQHandler
                         0x800'3691         Code  Wk  startup_stm32f407xx.o [3]
TIM2_IRQHandler          0x800'296d    0x6  Code  Gb  stm32f4xx_it.o [2]
TIM3_IRQHandler          0x800'369d         Code  Wk  startup_stm32f407xx.o [3]
TIM4_IRQHandler          0x800'36a1         Code  Wk  startup_stm32f407xx.o [3]
TIM5_IRQHandler          0x800'36f1         Code  Wk  startup_stm32f407xx.o [3]
TIM6_DAC_IRQHandler      0x800'3701         Code  Wk  startup_stm32f407xx.o [3]
TIM7_IRQHandler          0x800'3705         Code  Wk  startup_stm32f407xx.o [3]
TIM8_BRK_TIM12_IRQHandler
                         0x800'36d5         Code  Wk  startup_stm32f407xx.o [3]
TIM8_CC_IRQHandler       0x800'36e1         Code  Wk  startup_stm32f407xx.o [3]
TIM8_TRG_COM_TIM14_IRQHandler
                         0x800'36dd         Code  Wk  startup_stm32f407xx.o [3]
TIM8_UP_TIM13_IRQHandler
                         0x800'36d9         Code  Wk  startup_stm32f407xx.o [3]
TIM_Base_SetConfig       0x800'23eb   0xa4  Code  Gb  stm32f4xx_hal_tim.o [4]
TIM_CCxChannelCmd        0x800'270b   0x16  Code  Gb  stm32f4xx_hal_tim.o [4]
TIM_ETR_SetConfig        0x800'26f7   0x14  Code  Gb  stm32f4xx_hal_tim.o [4]
TIM_ITRx_SetConfig       0x800'26e7   0x10  Code  Lc  stm32f4xx_hal_tim.o [4]
TIM_OC1_SetConfig        0x800'248f   0x58  Code  Lc  stm32f4xx_hal_tim.o [4]
TIM_OC2_SetConfig        0x800'24e7   0x60  Code  Gb  stm32f4xx_hal_tim.o [4]
TIM_OC3_SetConfig        0x800'2547   0x5e  Code  Lc  stm32f4xx_hal_tim.o [4]
TIM_OC4_SetConfig        0x800'25a5   0x46  Code  Lc  stm32f4xx_hal_tim.o [4]
TIM_TI1_ConfigInputStage
                         0x800'2679   0x1e  Code  Lc  stm32f4xx_hal_tim.o [4]
TIM_TI1_SetConfig        0x800'25eb   0x5e  Code  Gb  stm32f4xx_hal_tim.o [4]
TIM_TI2_ConfigInputStage
                         0x800'26c3   0x24  Code  Lc  stm32f4xx_hal_tim.o [4]
TIM_TI2_SetConfig        0x800'2697   0x2c  Code  Lc  stm32f4xx_hal_tim.o [4]
UART4_IRQHandler         0x800'36f9         Code  Wk  startup_stm32f407xx.o [3]
UART5_IRQHandler         0x800'36fd         Code  Wk  startup_stm32f407xx.o [3]
USART1_IRQHandler        0x800'36bd         Code  Wk  startup_stm32f407xx.o [3]
USART2_IRQHandler        0x800'36c1         Code  Wk  startup_stm32f407xx.o [3]
USART3_IRQHandler        0x800'36c5         Code  Wk  startup_stm32f407xx.o [3]
USART6_IRQHandler        0x800'3745         Code  Wk  startup_stm32f407xx.o [3]
UsageFault_Handler       0x800'2945    0x2  Code  Gb  stm32f4xx_it.o [2]
WWDG_IRQHandler          0x800'362d         Code  Wk  startup_stm32f407xx.o [3]
_LC                      0x800'0189    0x6  Code  Lc  xprintffull_nomb.o [5]
_LitobFullNoMb           0x800'0e75  0x114  Code  Lc  xprintffull_nomb.o [5]
_Locale_lconv           0x2000'0010   0x38  Data  Lc  xlocale_c.o [5]
_PrintfFullNoMb          0x800'018f  0xcb8  Code  Gb  xprintffull_nomb.o [5]
_Prout                   0x800'3605   0x16  Code  Gb  xprout.o [5]
_PutcharsFullNoMb        0x800'0fe1   0x2e  Code  Lc  xprintffull_nomb.o [5]
__NVIC_SetPriority       0x800'2be1   0x1a  Code  Lc  stm32f4xx_hal_cortex.o [4]
__aeabi_cdcmple          0x800'1291         Code  Gb  DblCmpLe.o [6]
__aeabi_cdrcmple         0x800'12c5         Code  Gb  DblCmpGe.o [6]
__aeabi_d2iz             0x800'1435         Code  Gb  DblToS32.o [6]
__aeabi_d2uiz            0x800'1929         Code  Gb  DblToU32.o [6]
__aeabi_ddiv             0x800'16e1         Code  Gb  DblDiv.o [6]
__aeabi_dmul             0x800'1969         Code  Gb  DblMul.o [6]
__aeabi_dsub             0x800'15fd         Code  Gb  DblAddSub.o [6]
__aeabi_i2d              0x800'146d         Code  Gb  S32ToDbl.o [6]
__aeabi_ldiv0            0x800'1c29         Code  Gb  I64DivZer.o [7]
__aeabi_memcpy           0x800'1179         Code  Gb  ABImemcpy.o [7]
__aeabi_memcpy4          0x800'1199         Code  Gb  ABImemcpy.o [7]
__aeabi_memcpy8          0x800'1199         Code  Gb  ABImemcpy.o [7]
__aeabi_ui2d             0x800'194d         Code  Gb  U32ToDbl.o [6]
__cmain                  0x800'35b5         Code  Gb  cmain.o [7]
__dwrite                 0x800'3491   0x1e  Code  Gb  dwrite.o [8]
__exit                   0x800'1c2d   0x14  Code  Gb  exit.o [8]
__iar_Fail_s             0x800'10a9   0x1c  Code  Gb  xfail_s.o [5]
__iar_Memchr             0x800'1121         Code  Gb  memchr.o [7]
__iar_Stdout            0x2000'0048   0x48  Data  Gb  xfiles.o [5]
__iar_Strchr             0x800'1091         Code  Gb  strchr.o [7]
__iar_close_ttio         0x800'1c41   0x2c  Code  Gb  iarttio.o [8]
__iar_data_init3         0x800'3529   0x28  Code  Gb  data_init.o [7]
__iar_frexp              0x800'122d         Code  Gb  frexp.o [6]
__iar_frexpl             0x800'122d         Code  Gb  frexp.o [6]
__iar_get_ttio           0x800'1c6d   0x4c  Code  Gb  iarttio.o [8]
__iar_init_vfp           0x800'3551         Code  Gb  fpinit_M.o [6]
__iar_ldexp64            0x800'12f9         Code  Gb  ldexp.o [6]
__iar_lookup_ttioh       0x800'1cbd    0x8  Code  Gb  XShttio.o [5]
__iar_packbits_init_single3
                         0x800'1057   0x3a  Code  Gb  packbits_init_single.o [7]
__iar_program_start      0x800'35e9         Code  Gb  cstartup_M.o [7]
__iar_scalbln64          0x800'12f9         Code  Gb  ldexp.o [6]
__iar_scalbn64           0x800'12f9         Code  Gb  ldexp.o [6]
__iar_sh_stdout          0x800'34af   0x20  Code  Gb  iarwstd.o [8]
__iar_sh_write           0x800'34cf   0x22  Code  Gb  iarwrite.o [8]
__iar_small_Memset       0x800'29f1         Code  Gb  ABImemset_small.o [7]
__iar_small_Memset_word
                         0x800'29f1         Code  Gb  ABImemset_small.o [7]
__iar_small_memset       0x800'29f1         Code  Gb  ABImemset_small.o [7]
__iar_small_uldivmod     0x800'1b1d         Code  Gb  I64DivMod_small.o [7]
__iar_softfp___iar_frexp64
                         0x800'1221         Code  Gb  frexp.o [6]
__iar_softfp_frexp       0x800'1221         Code  Gb  frexp.o [6]
__iar_softfp_frexpl      0x800'1221         Code  Gb  frexp.o [6]
__iar_ttio_handles      0x2000'0090    0x8  Data  Lc  XShttio.o [5]
__iar_zero_init3         0x800'34f1   0x38  Code  Gb  zero_init3.o [7]
__low_level_init         0x800'35d3    0x4  Code  Gb  low_level_init.o [5]
__vector_table           0x800'0000         Data  Gb  startup_stm32f407xx.o [3]
__write                  0x800'3481   0x10  Code  Gb  write.o [8]
_call_main               0x800'35c1         Code  Gb  cmain.o [7]
_exit                    0x800'35dd         Code  Gb  cexit.o [7]
abort                    0x800'1c23    0x6  Code  Gb  abort.o [5]
captureState            0x2000'0178    0x1  Data  Gb  main.o [2]
debugFlag               0x2000'0179    0x1  Data  Gb  main.o [2]
debugTimer              0x2000'0188    0x2  Data  Gb  stm32f4xx_it.o [2]
exit                     0x800'35d7    0x4  Code  Gb  exit.o [5]
htim2                   0x2000'00e8   0x48  Data  Gb  tim.o [2]
htim3                   0x2000'0130   0x48  Data  Gb  tim.o [2]
ldexp                    0x800'12f9         Code  Gb  ldexp.o [6]
ldexpl                   0x800'12f9         Code  Gb  ldexp.o [6]
localeconv               0x800'1b15    0x4  Code  Gb  xlocale_c.o [5]
main                     0x800'2a05   0x70  Code  Gb  main.o [2]
memchr                   0x800'1121         Code  Gb  memchr.o [7]
obuf                    0x2000'0098   0x50  Data  Lc  xfiles.o [5]
overflowCnt_TIM2        0x2000'017a    0x2  Data  Gb  main.o [2]
printf                   0x800'2f01   0x28  Code  Gb  printf.o [5]
putchar                  0x800'343d   0x44  Code  Gb  putchar.o [5]
scalbln                  0x800'12f9         Code  Gb  ldexp.o [6]
scalblnl                 0x800'12f9         Code  Gb  ldexp.o [6]
scalbn                   0x800'12f9         Code  Gb  ldexp.o [6]
scalbnl                  0x800'12f9         Code  Gb  ldexp.o [6]
scale                    0x800'0f89   0x46  Code  Lc  xprintffull_nomb.o [5]
sec_hand                0x2000'0184    0x4  Data  Lc  xfail_s.o [5]
strchr                   0x800'1091         Code  Gb  strchr.o [7]
strlen                   0x800'10e9         Code  Gb  strlen.o [7]
uwTick                  0x2000'0004    0x4  Data  Gb  stm32f4xx_hal.o [4]
uwTickFreq              0x2000'0000    0x1  Data  Gb  stm32f4xx_hal.o [4]
uwTickPrio              0x2000'0008    0x4  Data  Gb  stm32f4xx_hal.o [4]
valueIC1                0x2000'017c    0x4  Data  Gb  main.o [2]
valueIC2                0x2000'0180    0x4  Data  Gb  main.o [2]


[1] = C:\Users\Tohid Moosazadeh\Documents\STM32_Workplace\3-Timers\Timer_Ex5\EWARM\Timer_Ex5\Obj\CMSIS_6603591812247902717.dir
[2] = C:\Users\Tohid Moosazadeh\Documents\STM32_Workplace\3-Timers\Timer_Ex5\EWARM\Timer_Ex5\Obj\Core_13247989168731456611.dir
[3] = C:\Users\Tohid Moosazadeh\Documents\STM32_Workplace\3-Timers\Timer_Ex5\EWARM\Timer_Ex5\Obj\EWARM_18443280873093131863.dir
[4] = C:\Users\Tohid Moosazadeh\Documents\STM32_Workplace\3-Timers\Timer_Ex5\EWARM\Timer_Ex5\Obj\STM32F4xx_HAL_Driver_1244631019742807970.dir
[5] = dl7M_tlf.a
[6] = m7M_tls.a
[7] = rt7M_tl.a
[8] = shb_l.a

  14'151 bytes of readonly  code memory
     139 bytes of readonly  data memory
   1'418 bytes of readwrite data memory

Errors: none
Warnings: none
